Microchip MPLAB XC8 Compiler V1.31 ()

Linker command line:

--edf=C:\Program Files\Microchip\xc8\v1.31\dat\en_msgs.txt -cs \
  -h+dist/default/production\lcd_display.X.production.sym \
  --cmf=dist/default/production\lcd_display.X.production.cmf -z -Q18F47J53 \
  -oC:\Users\Harpal\AppData\Local\Temp\s4nc.6 \
  -Mdist/default/production/lcd_display.X.production.map -E1 -ver=XC8 \
  -ASTACK=060h-09ffh -pstack=STACK -ACODE=00h-01FFF7h -ACONST=00h-01FFF7h \
  -ASMALLCONST=0F00h-0FFFhx496,01FF00h-01FFF7h \
  -AMEDIUMCONST=0F00h-0FFFFh,010F00h-01FFF7h -ACOMRAM=01h-05Fh \
  -AABS1=00h-0EAFh -ABIGRAM=01h-0EAFh \
  -ARAM=060h-0FFh,0100h-01FFhx13,0E00h-0EAFh -ABANK0=060h-0FFh \
  -ABANK1=0100h-01FFh -ABANK2=0200h-02FFh -ABANK3=0300h-03FFh \
  -ABANK4=0400h-04FFh -ABANK5=0500h-05FFh -ABANK6=0600h-06FFh \
  -ABANK7=0700h-07FFh -ABANK8=0800h-08FFh -ABANK9=0900h-09FFh \
  -ABANK10=0A00h-0AFFh -ABANK11=0B00h-0BFFh -ABANK12=0C00h-0CFFh \
  -ABANK13=0D00h-0DFFh -ABANK14=0E00h-0EAFh \
  -ASFR=0EB0h-0EFFh,0F00h-0F5Fh,0F60h-0FFFh \
  -preset_vec=00h,intcode,intcodelo,powerup,init,end_init -pramtop=0F00h \
  -psmallconst=SMALLCONST -pmediumconst=MEDIUMCONST -pconst=CONST \
  -AFARRAM=00h-00h -ACONFIG=01FFF8h-01FFFFh -pconfig=CONFIG \
  -pjflash_buffer=01F800h \
  -prdata=COMRAM,nvrram=COMRAM,nvbit=COMRAM,rbss=COMRAM,rbit=COMRAM \
  -pfarbss=FARRAM,fardata=FARRAM,nvFARRAM=FARRAM \
  -pintsave_regs=BIGRAM,bigbss=BIGRAM,bigdata=BIGRAM -pbss=RAM \
  -pidata=CODE,irdata=CODE,ibigdata=CODE,ifardata=CODE \
  C:\Users\Harpal\AppData\Local\Temp\s4nc.obj \
  dist/default/production\lcd_display.X.production.obj 

Object code version is 3.11

Machine type is 18F47J53

Call graph: (short form)




                Name                               Link     Load   Length Selector   Space Scale
C:\Users\Harpal\AppData\Local\Temp\s4nc.obj
                end_init                              0        0        4        0       0
                config                            1FFF8    1FFF8        8    1FFF8       0
dist/default/production\lcd_display.X.production.obj
                smallconst                          F00      F00       1C      780       0
                text7                              10F2     10F2       32      78E       0
                text6                              1124     1124       16      78E       0
                text5                              1042     1042       44      78E       0
                text4                               F1C      F1C       E2      78E       0
                text3                               FFE      FFE       44      78E       0
                text2                              113A     113A       14      78E       0
                text1                              10C0     10C0       32      78E       0
                text0                              1086     1086       3A      78E       0
                cstackCOMRAM                          1        1       15        1       1
                cinit                              114E     114E        6      78E       0

TOTAL           Name                               Link     Load   Length     Space
        CLASS   STACK          

        CLASS   CODE           
                end_init                              0        0        4         0
                text7                              10F2     10F2       32         0
                text6                              1124     1124       16         0
                text5                              1042     1042       44         0
                text4                               F1C      F1C       E2         0
                text3                               FFE      FFE       44         0
                text2                              113A     113A       14         0
                text1                              10C0     10C0       32         0
                text0                              1086     1086       3A         0
                cinit                              114E     114E        6         0

        CLASS   CONST          

        CLASS   SMALLCONST     
                smallconst                          F00      F00       1C         0

        CLASS   MEDIUMCONST    

        CLASS   COMRAM         
                cstackCOMRAM                          1        1       15         1

        CLASS   ABS1           

        CLASS   BIGRAM         

        CLASS   RAM            

        CLASS   BANK0          

        CLASS   BANK1          

        CLASS   BANK2          

        CLASS   BANK3          

        CLASS   BANK4          

        CLASS   BANK5          

        CLASS   BANK6          

        CLASS   BANK7          

        CLASS   BANK8          

        CLASS   BANK9          

        CLASS   BANK10         

        CLASS   BANK11         

        CLASS   BANK12         

        CLASS   BANK13         

        CLASS   BANK14         

        CLASS   SFR            

        CLASS   FARRAM         

        CLASS   CONFIG         
                config                            1FFF8    1FFF8        8         0

        CLASS   IDLOC          



SEGMENTS        Name                           Load    Length   Top    Selector   Space  Class

                reset_vec                      000000  000004  000004         0       0  CODE    
                cstackCOMRAM                   000001  000015  000016         1       1  COMRAM  
                smallconst                     000F00  00001C  000F1C       780       0  SMALLCON
                text4                          000F1C  000238  001154       78E       0  CODE    
                config                         01FFF8  000008  020000     1FFF8       0  CONFIG  


UNUSED ADDRESS RANGES

        Name                Unused          Largest block    Delta
        BANK0            00060-000FF              A0
        BANK1            00100-001FF             100
        BANK10           00A00-00AFF             100
        BANK11           00B00-00BFF             100
        BANK12           00C00-00CFF             100
        BANK13           00D00-00DFF             100
        BANK14           00E00-00EAF              B0
        BANK2            00200-002FF             100
        BANK3            00300-003FF             100
        BANK4            00400-004FF             100
        BANK5            00500-005FF             100
        BANK6            00600-006FF             100
        BANK7            00700-007FF             100
        BANK8            00800-008FF             100
        BANK9            00900-009FF             100
        BIGRAM           00016-00EAF             E9A
        CODE             00004-00EFF             EFC
                         01154-1FFF7           1EEA4
        COMRAM           00016-0005F              4A
        CONST            00004-00EFF             EFC
                         01154-1FFF7           1EEA4
        MEDIUMCONST      01154-0FFFF            EEAC
                         10F00-1FFF7            F0F8
        RAM              00060-00EAF             100
        SFR              00EB0-00FFF              60
        SMALLCONST       01154-1FFF7             100
        STACK            00060-009FF             9A0

                                  Symbol Table

_LATDbits                (abs)         00F8C
_LATEbits                (abs)         00F8D
_TRISDbits               (abs)         00F95
_TRISEbits               (abs)         00F96
__CFG_ADCSEL$BIT10       (abs)         00000
__CFG_CFGPLLEN$OFF       (abs)         00000
__CFG_CLKOEC$OFF         (abs)         00000
__CFG_CP0$OFF            (abs)         00000
__CFG_CPUDIV$OSC1        (abs)         00000
__CFG_DSBOREN$ON         (abs)         00000
__CFG_DSWDTEN$OFF        (abs)         00000
__CFG_DSWDTOSC$INTOSCREF (abs)         00000
__CFG_DSWDTPS$G2         (abs)         00000
__CFG_FCMEN$ON           (abs)         00000
__CFG_IESO$ON            (abs)         00000
__CFG_IOL1WAY$OFF        (abs)         00000
__CFG_LS48MHZ$SYS48X8    (abs)         00000
__CFG_MSSP7B_EN$MSK7     (abs)         00000
__CFG_OSC$HSPLL          (abs)         00000
__CFG_PLLDIV$1           (abs)         00000
__CFG_RTCOSC$T1OSCREF    (abs)         00000
__CFG_SOSCSEL$HIGH       (abs)         00000
__CFG_STVREN$ON          (abs)         00000
__CFG_WDTEN$OFF          (abs)         00000
__CFG_WDTPS$32768        (abs)         00000
__CFG_WPCFG$OFF          (abs)         00000
__CFG_WPDIS$OFF          (abs)         00000
__CFG_WPEND$PAGE_WPFP    (abs)         00000
__CFG_WPFP$PAGE_127      (abs)         00000
__CFG_XINST$OFF          (abs)         00000
__HRAM                   (abs)         00000
__Habs1                  abs1          00000
__Hbank0                 bank0         00000
__Hbank1                 bank1         00000
__Hbank10                bank10        00000
__Hbank11                bank11        00000
__Hbank12                bank12        00000
__Hbank13                bank13        00000
__Hbank14                bank14        00000
__Hbank2                 bank2         00000
__Hbank3                 bank3         00000
__Hbank4                 bank4         00000
__Hbank5                 bank5         00000
__Hbank6                 bank6         00000
__Hbank7                 bank7         00000
__Hbank8                 bank8         00000
__Hbank9                 bank9         00000
__Hbigbss                bigbss        00000
__Hbigdata               bigdata       00000
__Hbigram                bigram        00000
__Hbss                   bss           00000
__Hcinit                 cinit         00000
__Hclrtext               clrtext       00000
__Hcomram                comram        00000
__Hconfig                config        20000
__Hconst                 const         00000
__HcstackCOMRAM          cstackCOMRAM  00000
__Hdata                  data          00000
__Hend_init              end_init      00004
__Hfarbss                farbss        00000
__Hfardata               fardata       00000
__Hibigdata              ibigdata      00000
__Hidata                 idata         00000
__Hidloc                 idloc         00000
__Hifardata              ifardata      00000
__Hinit                  init          00000
__Hintcode               intcode       00000
__Hintcode_body          intcode_body  00000
__Hintcodelo             intcodelo     00000
__Hintentry              intentry      00000
__Hintret                intret        00000
__Hintsave_regs          intsave_regs  00000
__Hirdata                irdata        00000
__Hjflash_buffer         jflash_buffer 1F800
__Hmediumconst           mediumconst   00000
__HnvFARRAM              nvFARRAM      00000
__Hnvbit                 nvbit         00000
__Hnvrram                nvrram        00000
__Hparam                 rparam        00000
__Hpowerup               powerup       00000
__Hram                   ram           00000
__Hramtop                ramtop        00F00
__Hrbit                  rbit          00000
__Hrbss                  rbss          00000
__Hrdata                 rdata         00000
__Hreset_vec             reset_vec     00000
__Hrparam                rparam        00000
__Hsfr                   sfr           00000
__Hsmallconst            smallconst    00F1C
__Hstack                 stack         00000
__Hstruct                struct        00000
__Htemp                  temp          00000
__Htext                  text          00000
__Htext0                 text0         00000
__Htext1                 text1         00000
__Htext2                 text2         00000
__Htext3                 text3         00000
__Htext4                 text4         00000
__Htext5                 text5         00000
__Htext6                 text6         00000
__Htext7                 text7         00000
__LRAM                   (abs)         00001
__Labs1                  abs1          00000
__Lbank0                 bank0         00000
__Lbank1                 bank1         00000
__Lbank10                bank10        00000
__Lbank11                bank11        00000
__Lbank12                bank12        00000
__Lbank13                bank13        00000
__Lbank14                bank14        00000
__Lbank2                 bank2         00000
__Lbank3                 bank3         00000
__Lbank4                 bank4         00000
__Lbank5                 bank5         00000
__Lbank6                 bank6         00000
__Lbank7                 bank7         00000
__Lbank8                 bank8         00000
__Lbank9                 bank9         00000
__Lbigbss                bigbss        00000
__Lbigdata               bigdata       00000
__Lbigram                bigram        00000
__Lbss                   bss           00000
__Lcinit                 cinit         00000
__Lclrtext               clrtext       00000
__Lcomram                comram        00000
__Lconfig                config        1FFF8
__Lconst                 const         00000
__LcstackCOMRAM          cstackCOMRAM  00000
__Ldata                  data          00000
__Lend_init              end_init      00000
__Lfarbss                farbss        00000
__Lfardata               fardata       00000
__Libigdata              ibigdata      00000
__Lidata                 idata         00000
__Lidloc                 idloc         00000
__Lifardata              ifardata      00000
__Linit                  init          00000
__Lintcode               intcode       00000
__Lintcode_body          intcode_body  00000
__Lintcodelo             intcodelo     00000
__Lintentry              intentry      00000
__Lintret                intret        00000
__Lintsave_regs          intsave_regs  00000
__Lirdata                irdata        00000
__Ljflash_buffer         jflash_buffer 1F800
__Lmediumconst           mediumconst   00000
__LnvFARRAM              nvFARRAM      00000
__Lnvbit                 nvbit         00000
__Lnvrram                nvrram        00000
__Lparam                 rparam        00000
__Lpowerup               powerup       00000
__Lram                   ram           00000
__Lramtop                ramtop        00F00
__Lrbit                  rbit          00000
__Lrbss                  rbss          00000
__Lrdata                 rdata         00000
__Lreset_vec             reset_vec     00000
__Lrparam                rparam        00000
__Lsfr                   sfr           00000
__Lsmallconst            smallconst    00F00
__Lstack                 stack         00000
__Lstruct                struct        00000
__Ltemp                  temp          00000
__Ltext                  text          00000
__Ltext0                 text0         00000
__Ltext1                 text1         00000
__Ltext2                 text2         00000
__Ltext3                 text3         00000
__Ltext4                 text4         00000
__Ltext5                 text5         00000
__Ltext6                 text6         00000
__Ltext7                 text7         00000
__S0                     (abs)         20000
__S1                     (abs)         00016
__S2                     (abs)         00000
___inthi_sp              stack         00000
___intlo_sp              stack         00000
___sp                    stack         00000
__accesstop              (abs)         00060
__activetblptr           (abs)         00003
__end_of__initialization cinit         0114E
__end_of__stringdata     smallconst    00F1A
__end_of_lcdInit         text4         00FFE
__end_of_lcdSetPos       text3         01042
__end_of_lcdWriteCmd     text5         01086
__end_of_lcdWriteData    text2         0114E
__end_of_lcdWriteStrC    text1         010F2
__end_of_main            text0         010C0
__end_of_writeByte       text6         0113A
__end_of_writeDigit      text7         01124
__initialization         cinit         0114E
__mediumconst            mediumconst   00000
__pcinit                 cinit         0114E
__pcstackCOMRAM          cstackCOMRAM  00001
__psmallconst            smallconst    00F00
__ptext0                 text0         01086
__ptext1                 text1         010C0
__ptext2                 text2         0113A
__ptext3                 text3         00FFE
__ptext4                 text4         00F1C
__ptext5                 text5         01042
__ptext6                 text6         01124
__ptext7                 text7         010F2
__ramtop                 ramtop        00F00
__size_of_lcdInit        (abs)         00000
__size_of_lcdSetPos      (abs)         00000
__size_of_lcdWriteCmd    (abs)         00000
__size_of_lcdWriteData   (abs)         00000
__size_of_lcdWriteStrC   (abs)         00000
__size_of_main           (abs)         00000
__size_of_writeByte      (abs)         00000
__size_of_writeDigit     (abs)         00000
__smallconst             smallconst    00F00
__stringdata             smallconst    00F01
_lcdInit                 text4         00F1C
_lcdSetPos               text3         00FFE
_lcdWriteCmd             text5         01042
_lcdWriteData            text2         0113A
_lcdWriteStrC            text1         010C0
_main                    text0         01086
_writeByte               text6         01124
_writeDigit              text7         010F2
end_of_initialization    cinit         0114E
intlevel0                text          00000
intlevel1                text          00000
intlevel2                text          00000
intlevel3                text          00000
lcdInit@i                cstackCOMRAM  00008
lcdInit@i_261            cstackCOMRAM  0000A
lcdInit@i_262            cstackCOMRAM  0000C
lcdInit@i_263            cstackCOMRAM  0000E
lcdSetPos@p              cstackCOMRAM  00008
lcdSetPos@x              cstackCOMRAM  00009
lcdSetPos@y              cstackCOMRAM  00007
lcdWriteCmd@i            cstackCOMRAM  00004
lcdWriteCmd@n            cstackCOMRAM  00006
lcdWriteData@n           cstackCOMRAM  00003
lcdWriteStrC@s           cstackCOMRAM  00004
stackhi                  (abs)         009FF
stacklo                  (abs)         00060
start                    init          00000
start_initialization     cinit         0114E
writeByte@n              cstackCOMRAM  00002
writeDigit@n             cstackCOMRAM  00001


FUNCTION INFORMATION:

 *************** function _main *****************
 Defined at:
		line 125 in file "main.c"
 Parameters:    Size  Location     Type
  argc            2   15[COMRAM] int 
  argv            3   17[COMRAM] PTR PTR unsigned char 
 Auto vars:     Size  Location     Type
		None
 Return value:  Size  Location     Type
                  2   15[COMRAM] int 
 Registers used:
		wreg, status,2, status,0, tblptrl, tblptrh, tblptru, cstack
 Tracked objects:
		On entry : 
		On exit  : 
		Unchanged: 
 Data sizes:     COMRAM   BANK0   BANK1   BANK2   BANK3   BANK4   BANK5   BANK6   BANK7   BANK8   BANK9  BANK10  BANK11  BANK12  BANK13  BANK14
      Params:         5       0       0       0       0       0       0       0       0       0       0       0       0       0       0       0
      Locals:         0       0       0       0       0       0       0       0       0       0       0       0       0       0       0       0
      Temps:          1       0       0       0       0       0       0       0       0       0       0       0       0       0       0       0
      Totals:         6       0       0       0       0       0       0       0       0       0       0       0       0       0       0       0
Total ram usage:        6 bytes
 Hardware stack levels required when called:    4
 This function calls:
		_lcdInit
		_lcdSetPos
		_lcdWriteStrC
 This function is called by:
		Startup code after reset
 This function uses a non-reentrant model


 *************** function _lcdWriteStrC *****************
 Defined at:
		line 270 in file "main.c"
 Parameters:    Size  Location     Type
  s               2    3[COMRAM] PTR const unsigned char 
		 -> STR_2(16), STR_1(9), 
 Auto vars:     Size  Location     Type
		None
 Return value:  Size  Location     Type
		None               void
 Registers used:
		wreg, status,2, status,0, tblptrl, tblptrh, tblptru, cstack
 Tracked objects:
		On entry : 
		On exit  : 
		Unchanged: 
 Data sizes:     COMRAM   BANK0   BANK1   BANK2   BANK3   BANK4   BANK5   BANK6   BANK7   BANK8   BANK9  BANK10  BANK11  BANK12  BANK13  BANK14
      Params:         2       0       0       0       0       0       0       0       0       0       0       0       0       0       0       0
      Locals:         0       0       0       0       0       0       0       0       0       0       0       0       0       0       0       0
      Temps:          0       0       0       0       0       0       0       0       0       0       0       0       0       0       0       0
      Totals:         2       0       0       0       0       0       0       0       0       0       0       0       0       0       0       0
Total ram usage:        2 bytes
 Hardware stack levels used:    1
 Hardware stack levels required when called:    3
 This function calls:
		_lcdWriteData
 This function is called by:
		_main
 This function uses a non-reentrant model


 *************** function _lcdWriteData *****************
 Defined at:
		line 180 in file "main.c"
 Parameters:    Size  Location     Type
  n               1    wreg     unsigned char 
 Auto vars:     Size  Location     Type
  n               1    2[COMRAM] unsigned char 
 Return value:  Size  Location     Type
		None               void
 Registers used:
		wreg, status,2, status,0, cstack
 Tracked objects:
		On entry : 
		On exit  : 
		Unchanged: 
 Data sizes:     COMRAM   BANK0   BANK1   BANK2   BANK3   BANK4   BANK5   BANK6   BANK7   BANK8   BANK9  BANK10  BANK11  BANK12  BANK13  BANK14
      Params:         0       0       0       0       0       0       0       0       0       0       0       0       0       0       0       0
      Locals:         1       0       0       0       0       0       0       0       0       0       0       0       0       0       0       0
      Temps:          0       0       0       0       0       0       0       0       0       0       0       0       0       0       0       0
      Totals:         1       0       0       0       0       0       0       0       0       0       0       0       0       0       0       0
Total ram usage:        1 bytes
 Hardware stack levels used:    1
 Hardware stack levels required when called:    2
 This function calls:
		_writeByte
 This function is called by:
		_lcdWriteStrC
		_lcdwriteChar
		_lcdWriteStr
 This function uses a non-reentrant model


 *************** function _lcdSetPos *****************
 Defined at:
		line 255 in file "main.c"
 Parameters:    Size  Location     Type
  x               1    wreg     unsigned char 
  y               1    6[COMRAM] unsigned char 
 Auto vars:     Size  Location     Type
  x               1    8[COMRAM] unsigned char 
  p               1    7[COMRAM] unsigned char 
 Return value:  Size  Location     Type
		None               void
 Registers used:
		wreg, status,2, status,0, cstack
 Tracked objects:
		On entry : 
		On exit  : 
		Unchanged: 
 Data sizes:     COMRAM   BANK0   BANK1   BANK2   BANK3   BANK4   BANK5   BANK6   BANK7   BANK8   BANK9  BANK10  BANK11  BANK12  BANK13  BANK14
      Params:         1       0       0       0       0       0       0       0       0       0       0       0       0       0       0       0
      Locals:         2       0       0       0       0       0       0       0       0       0       0       0       0       0       0       0
      Temps:          0       0       0       0       0       0       0       0       0       0       0       0       0       0       0       0
      Totals:         3       0       0       0       0       0       0       0       0       0       0       0       0       0       0       0
Total ram usage:        3 bytes
 Hardware stack levels used:    1
 Hardware stack levels required when called:    3
 This function calls:
		_lcdWriteCmd
 This function is called by:
		_main
 This function uses a non-reentrant model


 *************** function _lcdInit *****************
 Defined at:
		line 191 in file "main.c"
 Parameters:    Size  Location     Type
		None
 Auto vars:     Size  Location     Type
  i               2   13[COMRAM] int 
  i               2   11[COMRAM] int 
  i               2    9[COMRAM] int 
  i               2    7[COMRAM] int 
 Return value:  Size  Location     Type
		None               void
 Registers used:
		wreg, status,2, status,0, cstack
 Tracked objects:
		On entry : 
		On exit  : 
		Unchanged: 
 Data sizes:     COMRAM   BANK0   BANK1   BANK2   BANK3   BANK4   BANK5   BANK6   BANK7   BANK8   BANK9  BANK10  BANK11  BANK12  BANK13  BANK14
      Params:         0       0       0       0       0       0       0       0       0       0       0       0       0       0       0       0
      Locals:         8       0       0       0       0       0       0       0       0       0       0       0       0       0       0       0
      Temps:          1       0       0       0       0       0       0       0       0       0       0       0       0       0       0       0
      Totals:         9       0       0       0       0       0       0       0       0       0       0       0       0       0       0       0
Total ram usage:        9 bytes
 Hardware stack levels used:    1
 Hardware stack levels required when called:    3
 This function calls:
		_lcdWriteCmd
		_writeDigit
 This function is called by:
		_main
 This function uses a non-reentrant model


 *************** function _lcdWriteCmd *****************
 Defined at:
		line 167 in file "main.c"
 Parameters:    Size  Location     Type
  n               1    wreg     unsigned char 
 Auto vars:     Size  Location     Type
  n               1    5[COMRAM] unsigned char 
  i               2    3[COMRAM] int 
 Return value:  Size  Location     Type
		None               void
 Registers used:
		wreg, status,2, status,0, cstack
 Tracked objects:
		On entry : 
		On exit  : 
		Unchanged: 
 Data sizes:     COMRAM   BANK0   BANK1   BANK2   BANK3   BANK4   BANK5   BANK6   BANK7   BANK8   BANK9  BANK10  BANK11  BANK12  BANK13  BANK14
      Params:         0       0       0       0       0       0       0       0       0       0       0       0       0       0       0       0
      Locals:         3       0       0       0       0       0       0       0       0       0       0       0       0       0       0       0
      Temps:          1       0       0       0       0       0       0       0       0       0       0       0       0       0       0       0
      Totals:         4       0       0       0       0       0       0       0       0       0       0       0       0       0       0       0
Total ram usage:        4 bytes
 Hardware stack levels used:    1
 Hardware stack levels required when called:    2
 This function calls:
		_writeByte
 This function is called by:
		_lcdInit
		_lcdSetPos
		_lcdClear
 This function uses a non-reentrant model


 *************** function _writeByte *****************
 Defined at:
		line 159 in file "main.c"
 Parameters:    Size  Location     Type
  n               1    wreg     unsigned char 
 Auto vars:     Size  Location     Type
  n               1    1[COMRAM] unsigned char 
 Return value:  Size  Location     Type
		None               void
 Registers used:
		wreg, status,2, status,0, cstack
 Tracked objects:
		On entry : 
		On exit  : 
		Unchanged: 
 Data sizes:     COMRAM   BANK0   BANK1   BANK2   BANK3   BANK4   BANK5   BANK6   BANK7   BANK8   BANK9  BANK10  BANK11  BANK12  BANK13  BANK14
      Params:         0       0       0       0       0       0       0       0       0       0       0       0       0       0       0       0
      Locals:         1       0       0       0       0       0       0       0       0       0       0       0       0       0       0       0
      Temps:          0       0       0       0       0       0       0       0       0       0       0       0       0       0       0       0
      Totals:         1       0       0       0       0       0       0       0       0       0       0       0       0       0       0       0
Total ram usage:        1 bytes
 Hardware stack levels used:    1
 Hardware stack levels required when called:    1
 This function calls:
		_writeDigit
 This function is called by:
		_lcdWriteCmd
		_lcdWriteData
 This function uses a non-reentrant model


 *************** function _writeDigit *****************
 Defined at:
		line 143 in file "main.c"
 Parameters:    Size  Location     Type
  n               1    wreg     unsigned char 
 Auto vars:     Size  Location     Type
  n               1    0[COMRAM] unsigned char 
 Return value:  Size  Location     Type
		None               void
 Registers used:
		wreg
 Tracked objects:
		On entry : 
		On exit  : 
		Unchanged: 
 Data sizes:     COMRAM   BANK0   BANK1   BANK2   BANK3   BANK4   BANK5   BANK6   BANK7   BANK8   BANK9  BANK10  BANK11  BANK12  BANK13  BANK14
      Params:         0       0       0       0       0       0       0       0       0       0       0       0       0       0       0       0
      Locals:         1       0       0       0       0       0       0       0       0       0       0       0       0       0       0       0
      Temps:          0       0       0       0       0       0       0       0       0       0       0       0       0       0       0       0
      Totals:         1       0       0       0       0       0       0       0       0       0       0       0       0       0       0       0
Total ram usage:        1 bytes
 Hardware stack levels used:    1
 This function calls:
		Nothing
 This function is called by:
		_writeByte
		_lcdInit
 This function uses a non-reentrant model



MODULE INFORMATION

Module		Function		Class		Link	Load	Size
shared
		__stringdata   		SMALLCONST     	0F01	0000	25
		__initializatio		CODE           	114E	0000	0

shared estimated size: 25

main.c
		_lcdSetPos     		CODE           	0FFE	0000	68
		_main          		CODE           	1086	0000	58
		_writeDigit    		CODE           	10F2	0000	50
		_writeByte     		CODE           	1124	0000	22
		_lcdWriteCmd   		CODE           	1042	0000	68
		_lcdWriteStrC  		CODE           	10C0	0000	50
		_lcdWriteData  		CODE           	113A	0000	20
		_lcdInit       		CODE           	0F1C	0000	226

main.c estimated size: 562

