Microchip MPLAB XC8 Compiler V1.31 ()

Linker command line:

--edf=C:\Program Files\Microchip\xc8\v1.31\dat\en_msgs.txt -cs \
  -h+dist/default/production\johnny.X.production.sym \
  --cmf=dist/default/production\johnny.X.production.cmf -z -Q18F47J53 \
  -oC:\Users\Harpal\AppData\Local\Temp\s3gs.6 \
  -Mdist/default/production/johnny.X.production.map -E1 -ver=XC8 \
  -ASTACK=0C9h-09ffh -pstack=STACK -ACODE=00h-01FFF7h -ACONST=00h-01FFF7h \
  -ASMALLCONST=0F00h-0FFFhx496,01FF00h-01FFF7h \
  -AMEDIUMCONST=0F00h-0FFFFh,010F00h-01FFF7h -ACOMRAM=01h-05Fh \
  -AABS1=00h-0EAFh -ABIGRAM=01h-0EAFh \
  -ARAM=060h-0FFh,0100h-01FFhx13,0E00h-0EAFh -ABANK0=060h-0FFh \
  -ABANK1=0100h-01FFh -ABANK2=0200h-02FFh -ABANK3=0300h-03FFh \
  -ABANK4=0400h-04FFh -ABANK5=0500h-05FFh -ABANK6=0600h-06FFh \
  -ABANK7=0700h-07FFh -ABANK8=0800h-08FFh -ABANK9=0900h-09FFh \
  -ABANK10=0A00h-0AFFh -ABANK11=0B00h-0BFFh -ABANK12=0C00h-0CFFh \
  -ABANK13=0D00h-0DFFh -ABANK14=0E00h-0EAFh \
  -ASFR=0EB0h-0EFFh,0F00h-0F5Fh,0F60h-0FFFh \
  -preset_vec=00h,intcode=08h,intcodelo,powerup,init,end_init \
  -pramtop=0F00h -psmallconst=SMALLCONST -pmediumconst=MEDIUMCONST \
  -pconst=CONST -AFARRAM=00h-00h -ACONFIG=01FFF8h-01FFFFh -pconfig=CONFIG \
  -pjflash_buffer=01F800h \
  -prdata=COMRAM,nvrram=COMRAM,nvbit=COMRAM,rbss=COMRAM,rbit=COMRAM \
  -pfarbss=FARRAM,fardata=FARRAM,nvFARRAM=FARRAM \
  -pintsave_regs=BIGRAM,bigbss=BIGRAM,bigdata=BIGRAM -pbss=RAM \
  -pidata=CODE,irdata=CODE,ibigdata=CODE,ifardata=CODE \
  C:\Users\Harpal\AppData\Local\Temp\s3gs.obj \
  dist/default/production\johnny.X.production.obj 

Object code version is 3.11

Machine type is 18F47J53

Call graph: (short form)




                Name                               Link     Load   Length Selector   Space Scale
C:\Users\Harpal\AppData\Local\Temp\s3gs.obj
                end_init                             7E       7E        4        4       0
                reset_vec                             0        0        4        0       0
                config                            1FFF8    1FFF8        8    1FFF8       0
dist/default/production\johnny.X.production.obj
                intcode                               8        8       76        4       0
                mediumconst                        FE58     FE58      1A8     7F2C       0
                text48                            1270C    1270C       A8     8000       0
                text47                            11EE4    11EE4      122     8000       0
                text46                            125A8    125A8       B4     8000       0
                text45                            12FDC    12FDC        6     8000       0
                text44                            12E8A    12E8A       3A     8000       0
                text43                            12E14    12E14       3C     8000       0
                text42                            12FA4    12FA4       16     8000       0
                text41                            12D1C    12D1C       44     8000       0
                text40                            12410    12410       E2     8000       0
                text39                            129E6    129E6       80     8000       0
                text38                            12FCE    12FCE        8     8000       0
                text37                            12CD8    12CD8       44     8000       0
                text36                            12FBA    12FBA       14     8000       0
                text35                            12BE8    12BE8       56     8000       0
                text34                            12850    12850       90     8000       0
                text33                            12222    12222       F8     8000       0
                text32                            12F28    12F28       2C     8000       0
                text31                            12B34    12B34       5E     8000       0
                text30                            11B54    11B54      138     8000       0
                text29                            12EFA    12EFA       2E     8000       0
                text28                            11574    11574      1B8     8000       0
                text27                            12C92    12C92       46     8000       0
                text26                            11DC2    11DC2      122     8000       0
                text25                            12DD8    12DD8       3C     8000       0
                text24                            12D9C    12D9C       3C     8000       0
                text23                            12EC4    12EC4       36     8000       0
                text22                            12D60    12D60       3C     8000       0
                text21                            12F7E    12F7E       26     8000       0
                text20                            1231A    1231A       F6     8000       0
                text19                            128E0    128E0       86     8000       0
                text18                            12A66    12A66       6A     8000       0
                text17                            12AD0    12AD0       64     8000       0
                text16                            118A6    118A6      16C     8000       0
                text15                            11C8C    11C8C      136     8000       0
                text14                            1265C    1265C       B0     8000       0
                text13                            127B4    127B4       9C     8000       0
                text12                            12E50    12E50       3A     8000       0
                text11                            112FC    112FC      278     8000       0
                text10                            12F54    12F54       2A     8000       0
                text9                             10EAA    10EAA      452     8000       0
                text8                             10000    10000      EAA     8000       0
                text7                             1172C    1172C      17A     8000       0
                text6                             1211A    1211A      108     8000       0
                text5                             12B92    12B92       56     8000       0
                text4                             12966    12966       80     8000       0
                text3                             12C3E    12C3E       54     8000       0
                text2                             11A12    11A12      142     8000       0
                text1                             124F2    124F2       B6     8000       0
                text0                             12006    12006      114     8000       0
                cstackCOMRAM                          1        1       4B        1       1
                cstackBANK0                          60       60       69       60       1
                cinit                             12FD6    12FD6        6     8000       0
                nvCOMRAM                             4C       4C        6        1       1

TOTAL           Name                               Link     Load   Length     Space
        CLASS   STACK          

        CLASS   CODE           
                end_init                             7E       7E        4         0
                intcode                               8        8       76         0
                reset_vec                             0        0        4         0
                text48                            1270C    1270C       A8         0
                text47                            11EE4    11EE4      122         0
                text46                            125A8    125A8       B4         0
                text45                            12FDC    12FDC        6         0
                text44                            12E8A    12E8A       3A         0
                text43                            12E14    12E14       3C         0
                text42                            12FA4    12FA4       16         0
                text41                            12D1C    12D1C       44         0
                text40                            12410    12410       E2         0
                text39                            129E6    129E6       80         0
                text38                            12FCE    12FCE        8         0
                text37                            12CD8    12CD8       44         0
                text36                            12FBA    12FBA       14         0
                text35                            12BE8    12BE8       56         0
                text34                            12850    12850       90         0
                text33                            12222    12222       F8         0
                text32                            12F28    12F28       2C         0
                text31                            12B34    12B34       5E         0
                text30                            11B54    11B54      138         0
                text29                            12EFA    12EFA       2E         0
                text28                            11574    11574      1B8         0
                text27                            12C92    12C92       46         0
                text26                            11DC2    11DC2      122         0
                text25                            12DD8    12DD8       3C         0
                text24                            12D9C    12D9C       3C         0
                text23                            12EC4    12EC4       36         0
                text22                            12D60    12D60       3C         0
                text21                            12F7E    12F7E       26         0
                text20                            1231A    1231A       F6         0
                text19                            128E0    128E0       86         0
                text18                            12A66    12A66       6A         0
                text17                            12AD0    12AD0       64         0
                text16                            118A6    118A6      16C         0
                text15                            11C8C    11C8C      136         0
                text14                            1265C    1265C       B0         0
                text13                            127B4    127B4       9C         0
                text12                            12E50    12E50       3A         0
                text11                            112FC    112FC      278         0
                text10                            12F54    12F54       2A         0
                text9                             10EAA    10EAA      452         0
                text8                             10000    10000      EAA         0
                text7                             1172C    1172C      17A         0
                text6                             1211A    1211A      108         0
                text5                             12B92    12B92       56         0
                text4                             12966    12966       80         0
                text3                             12C3E    12C3E       54         0
                text2                             11A12    11A12      142         0
                text1                             124F2    124F2       B6         0
                text0                             12006    12006      114         0
                cinit                             12FD6    12FD6        6         0

        CLASS   CONST          

        CLASS   SMALLCONST     

        CLASS   MEDIUMCONST    
                mediumconst                        FE58     FE58      1A8         0

        CLASS   COMRAM         
                cstackCOMRAM                          1        1       4B         1
                nvCOMRAM                             4C       4C        6         1

        CLASS   ABS1           

        CLASS   BIGRAM         

        CLASS   RAM            

        CLASS   BANK0          
                cstackBANK0                          60       60       69         1

        CLASS   BANK1          

        CLASS   BANK2          

        CLASS   BANK3          

        CLASS   BANK4          

        CLASS   BANK5          

        CLASS   BANK6          

        CLASS   BANK7          

        CLASS   BANK8          

        CLASS   BANK9          

        CLASS   BANK10         

        CLASS   BANK11         

        CLASS   BANK12         

        CLASS   BANK13         

        CLASS   BANK14         

        CLASS   SFR            

        CLASS   FARRAM         

        CLASS   CONFIG         
                config                            1FFF8    1FFF8        8         0

        CLASS   IDLOC          



SEGMENTS        Name                           Load    Length   Top    Selector   Space  Class

                reset_vec                      000000  000004  000004         0       0  CODE    
                cstackCOMRAM                   000001  000051  000052         1       1  COMRAM  
                intcode                        000008  00007A  000082         4       0  CODE    
                cstackBANK0                    000060  000069  0000C9        60       1  BANK0   
                mediumconst                    00FE58  0001A8  010000      7F2C       0  MEDIUMCO
                text8                          010000  002FE2  012FE2      8000       0  CODE    
                config                         01FFF8  000008  020000     1FFF8       0  CONFIG  


UNUSED ADDRESS RANGES

        Name                Unused          Largest block    Delta
        BANK0            000C9-000FF              37
        BANK1            00100-001FF             100
        BANK10           00A00-00AFF             100
        BANK11           00B00-00BFF             100
        BANK12           00C00-00CFF             100
        BANK13           00D00-00DFF             100
        BANK14           00E00-00EAF              B0
        BANK2            00200-002FF             100
        BANK3            00300-003FF             100
        BANK4            00400-004FF             100
        BANK5            00500-005FF             100
        BANK6            00600-006FF             100
        BANK7            00700-007FF             100
        BANK8            00800-008FF             100
        BANK9            00900-009FF             100
        BIGRAM           00052-0005F               E
                         000C9-00EAF             DE7
        CODE             00004-00007               4
                         00082-0FE57            FDD6
                         12FE2-1FFF7            D016
        COMRAM           00052-0005F               E
        CONST            00004-00007               4
                         00082-0FE57            FDD6
                         12FE2-1FFF7            D016
        MEDIUMCONST      00F00-0FE57            EF58
                         12FE2-1FFF7            D016
        RAM              000C9-00EAF             100
        SFR              00EB0-00FFF              60
        SMALLCONST       00F00-0FE57             100
                         12FE2-1FFF7             100
        STACK            000C9-009FF             937

                                  Symbol Table

?___aldiv                         cstackCOMRAM  0001B
?___awdiv                         cstackCOMRAM  00016
?___awmod                         cstackCOMRAM  0000F
?___awtoft                        cstackCOMRAM  00017
?___ftadd                         cstackCOMRAM  00034
?___ftdiv                         cstackCOMRAM  00040
?___ftmul                         cstackCOMRAM  00025
?___ftneg                         cstackCOMRAM  0000F
?___ftpack                        cstackCOMRAM  0000F
?___ftsub                         cstackCOMRAM  00040
?___fttol                         cstackCOMRAM  0003B
?___lldiv                         cstackCOMRAM  0000F
?___llmod                         cstackCOMRAM  0001D
?___lltoft                        cstackCOMRAM  00017
?___lmul                          cstackCOMRAM  0000F
?___lwtoft                        cstackCOMRAM  00017
?___wmul                          cstackCOMRAM  0001F
?__div_to_l_                      cstackCOMRAM  0000F
?__tdiv_to_l_                     cstackCOMRAM  0000F
?_fround                          cstackCOMRAM  00034
?_pointToVoltage                  cstackCOMRAM  00049
?_read                            cstackCOMRAM  0000F
?_readLight                       cstackCOMRAM  0002A
?_readTempF                       cstackCOMRAM  00049
?_read_accelerometer              cstackBANK0   00069
?_scale                           cstackCOMRAM  00034
?_single_axis_measure             cstackBANK0   0006E
?_sprintf                         cstackBANK0   0007E
?_voltageToG                      cstackCOMRAM  00049
_ADCON0bits                       (abs)         00FC2
_ADCON1bits                       (abs)         00FC1
_ADRESH                           (abs)         00FC4
_ADRESL                           (abs)         00FC3
_ANCON0                           (abs)         00F48
_ANCON1                           (abs)         00F49
_CCP4CONbits                      (abs)         00F12
_CCP5CONbits                      (abs)         00F0F
_CCPR4L                           (abs)         00F13
_CCPR5L                           (abs)         00F10
_CCPTMRS1bits                     (abs)         00F51
_EECON2                           (abs)         00FA7
_GO_DONE                          (abs)         07E11
_INTCON2bits                      (abs)         00FF1
_INTCON3bits                      (abs)         00FF0
_INTCONbits                       (abs)         00FF2
_ISR                              intcode       00008
_LATBbits                         (abs)         00F8A
_LATCbits                         (abs)         00F8B
_LATDbits                         (abs)         00F8C
_LATEbits                         (abs)         00F8D
_MOTOR_init                       text46        125A8
_PORTBbits                        (abs)         00F81
_PORTEbits                        (abs)         00F84
_PPSCONbits                       (abs)         00EBF
_PR2                              (abs)         00FCB
_PR4                              (abs)         00F77
_RPINR1                           (abs)         00EE1
_T1CONbits                        (abs)         00FCD
_T2CONbits                        (abs)         00FCA
_T4CONbits                        (abs)         00F76
_TMR1H                            (abs)         00FCF
_TMR1L                            (abs)         00FCE
_TRISAbits                        (abs)         00F92
_TRISBbits                        (abs)         00F93
_TRISCbits                        (abs)         00F94
_TRISDbits                        (abs)         00F95
_TRISEbits                        (abs)         00F96
__CFG_ADCSEL$BIT12                (abs)         00000
__CFG_CFGPLLEN$OFF                (abs)         00000
__CFG_CLKOEC$OFF                  (abs)         00000
__CFG_CP0$OFF                     (abs)         00000
__CFG_CPUDIV$OSC1                 (abs)         00000
__CFG_DSBOREN$ON                  (abs)         00000
__CFG_DSWDTEN$OFF                 (abs)         00000
__CFG_DSWDTOSC$INTOSCREF          (abs)         00000
__CFG_DSWDTPS$G2                  (abs)         00000
__CFG_FCMEN$ON                    (abs)         00000
__CFG_IESO$ON                     (abs)         00000
__CFG_IOL1WAY$OFF                 (abs)         00000
__CFG_LS48MHZ$SYS48X8             (abs)         00000
__CFG_MSSP7B_EN$MSK7              (abs)         00000
__CFG_OSC$HS                      (abs)         00000
__CFG_PLLDIV$1                    (abs)         00000
__CFG_RTCOSC$T1OSCREF             (abs)         00000
__CFG_SOSCSEL$HIGH                (abs)         00000
__CFG_STVREN$OFF                  (abs)         00000
__CFG_WDTEN$OFF                   (abs)         00000
__CFG_WDTPS$32768                 (abs)         00000
__CFG_WPCFG$OFF                   (abs)         00000
__CFG_WPDIS$OFF                   (abs)         00000
__CFG_WPEND$PAGE_WPFP             (abs)         00000
__CFG_WPFP$PAGE_127               (abs)         00000
__CFG_XINST$OFF                   (abs)         00000
__HRAM                            (abs)         00000
__Habs1                           abs1          00000
__Hbank0                          bank0         00000
__Hbank1                          bank1         00000
__Hbank10                         bank10        00000
__Hbank11                         bank11        00000
__Hbank12                         bank12        00000
__Hbank13                         bank13        00000
__Hbank14                         bank14        00000
__Hbank2                          bank2         00000
__Hbank3                          bank3         00000
__Hbank4                          bank4         00000
__Hbank5                          bank5         00000
__Hbank6                          bank6         00000
__Hbank7                          bank7         00000
__Hbank8                          bank8         00000
__Hbank9                          bank9         00000
__Hbigbss                         bigbss        00000
__Hbigdata                        bigdata       00000
__Hbigram                         bigram        00000
__Hbss                            bss           00000
__Hcinit                          cinit         00000
__Hclrtext                        clrtext       00000
__Hcomram                         comram        00000
__Hconfig                         config        20000
__Hconst                          const         00000
__HcstackBANK0                    cstackBANK0   00000
__HcstackCOMRAM                   cstackCOMRAM  00000
__Hdata                           data          00000
__Hend_init                       end_init      00082
__Hfarbss                         farbss        00000
__Hfardata                        fardata       00000
__Hibigdata                       ibigdata      00000
__Hidata                          idata         00000
__Hidloc                          idloc         00000
__Hifardata                       ifardata      00000
__Hinit                           init          0007E
__Hintcode                        intcode       0007E
__Hintcode_body                   intcode_body  00000
__Hintcodelo                      intcodelo     0007E
__Hintentry                       intentry      00000
__Hintret                         intret        00000
__Hintsave_regs                   intsave_regs  00000
__Hirdata                         irdata        00000
__Hjflash_buffer                  jflash_buffer 1F800
__Hmediumconst                    mediumconst   10000
__HnvCOMRAM                       nvCOMRAM      00000
__HnvFARRAM                       nvFARRAM      00000
__Hnvbit                          nvbit         00000
__Hnvrram                         nvrram        00000
__Hparam                          rparam        00000
__Hpowerup                        powerup       0007E
__Hram                            ram           00000
__Hramtop                         ramtop        00F00
__Hrbit                           rbit          00000
__Hrbss                           rbss          00000
__Hrdata                          rdata         00000
__Hreset_vec                      reset_vec     00004
__Hrparam                         rparam        00000
__Hsfr                            sfr           00000
__Hsmallconst                     smallconst    00000
__Hstack                          stack         00000
__Hstruct                         struct        00000
__Htemp                           temp          00000
__Htext                           text          00000
__Htext0                          text0         00000
__Htext1                          text1         00000
__Htext10                         text10        00000
__Htext11                         text11        00000
__Htext12                         text12        00000
__Htext13                         text13        00000
__Htext14                         text14        00000
__Htext15                         text15        00000
__Htext16                         text16        00000
__Htext17                         text17        00000
__Htext18                         text18        00000
__Htext19                         text19        00000
__Htext2                          text2         00000
__Htext20                         text20        00000
__Htext21                         text21        00000
__Htext22                         text22        00000
__Htext23                         text23        00000
__Htext24                         text24        00000
__Htext25                         text25        00000
__Htext26                         text26        00000
__Htext27                         text27        00000
__Htext28                         text28        00000
__Htext29                         text29        00000
__Htext3                          text3         00000
__Htext30                         text30        00000
__Htext31                         text31        00000
__Htext32                         text32        00000
__Htext33                         text33        00000
__Htext34                         text34        00000
__Htext35                         text35        00000
__Htext36                         text36        00000
__Htext37                         text37        00000
__Htext38                         text38        00000
__Htext39                         text39        00000
__Htext4                          text4         00000
__Htext40                         text40        00000
__Htext41                         text41        00000
__Htext42                         text42        00000
__Htext43                         text43        00000
__Htext44                         text44        00000
__Htext45                         text45        00000
__Htext46                         text46        00000
__Htext47                         text47        00000
__Htext48                         text48        00000
__Htext5                          text5         00000
__Htext6                          text6         00000
__Htext7                          text7         00000
__Htext8                          text8         00000
__Htext9                          text9         00000
__LRAM                            (abs)         00001
__Labs1                           abs1          00000
__Lbank0                          bank0         00000
__Lbank1                          bank1         00000
__Lbank10                         bank10        00000
__Lbank11                         bank11        00000
__Lbank12                         bank12        00000
__Lbank13                         bank13        00000
__Lbank14                         bank14        00000
__Lbank2                          bank2         00000
__Lbank3                          bank3         00000
__Lbank4                          bank4         00000
__Lbank5                          bank5         00000
__Lbank6                          bank6         00000
__Lbank7                          bank7         00000
__Lbank8                          bank8         00000
__Lbank9                          bank9         00000
__Lbigbss                         bigbss        00000
__Lbigdata                        bigdata       00000
__Lbigram                         bigram        00000
__Lbss                            bss           00000
__Lcinit                          cinit         00000
__Lclrtext                        clrtext       00000
__Lcomram                         comram        00000
__Lconfig                         config        1FFF8
__Lconst                          const         00000
__LcstackBANK0                    cstackBANK0   00000
__LcstackCOMRAM                   cstackCOMRAM  00000
__Ldata                           data          00000
__Lend_init                       end_init      0007E
__Lfarbss                         farbss        00000
__Lfardata                        fardata       00000
__Libigdata                       ibigdata      00000
__Lidata                          idata         00000
__Lidloc                          idloc         00000
__Lifardata                       ifardata      00000
__Linit                           init          0007E
__Lintcode                        intcode       00008
__Lintcode_body                   intcode_body  00000
__Lintcodelo                      intcodelo     0007E
__Lintentry                       intentry      00000
__Lintret                         intret        00000
__Lintsave_regs                   intsave_regs  00000
__Lirdata                         irdata        00000
__Ljflash_buffer                  jflash_buffer 1F800
__Lmediumconst                    mediumconst   0FE58
__LnvCOMRAM                       nvCOMRAM      00000
__LnvFARRAM                       nvFARRAM      00000
__Lnvbit                          nvbit         00000
__Lnvrram                         nvrram        00000
__Lparam                          rparam        00000
__Lpowerup                        powerup       0007E
__Lram                            ram           00000
__Lramtop                         ramtop        00F00
__Lrbit                           rbit          00000
__Lrbss                           rbss          00000
__Lrdata                          rdata         00000
__Lreset_vec                      reset_vec     00000
__Lrparam                         rparam        00000
__Lsfr                            sfr           00000
__Lsmallconst                     smallconst    00000
__Lstack                          stack         00000
__Lstruct                         struct        00000
__Ltemp                           temp          00000
__Ltext                           text          00000
__Ltext0                          text0         00000
__Ltext1                          text1         00000
__Ltext10                         text10        00000
__Ltext11                         text11        00000
__Ltext12                         text12        00000
__Ltext13                         text13        00000
__Ltext14                         text14        00000
__Ltext15                         text15        00000
__Ltext16                         text16        00000
__Ltext17                         text17        00000
__Ltext18                         text18        00000
__Ltext19                         text19        00000
__Ltext2                          text2         00000
__Ltext20                         text20        00000
__Ltext21                         text21        00000
__Ltext22                         text22        00000
__Ltext23                         text23        00000
__Ltext24                         text24        00000
__Ltext25                         text25        00000
__Ltext26                         text26        00000
__Ltext27                         text27        00000
__Ltext28                         text28        00000
__Ltext29                         text29        00000
__Ltext3                          text3         00000
__Ltext30                         text30        00000
__Ltext31                         text31        00000
__Ltext32                         text32        00000
__Ltext33                         text33        00000
__Ltext34                         text34        00000
__Ltext35                         text35        00000
__Ltext36                         text36        00000
__Ltext37                         text37        00000
__Ltext38                         text38        00000
__Ltext39                         text39        00000
__Ltext4                          text4         00000
__Ltext40                         text40        00000
__Ltext41                         text41        00000
__Ltext42                         text42        00000
__Ltext43                         text43        00000
__Ltext44                         text44        00000
__Ltext45                         text45        00000
__Ltext46                         text46        00000
__Ltext47                         text47        00000
__Ltext48                         text48        00000
__Ltext5                          text5         00000
__Ltext6                          text6         00000
__Ltext7                          text7         00000
__Ltext8                          text8         00000
__Ltext9                          text9         00000
__S0                              (abs)         20000
__S1                              (abs)         000C9
__S2                              (abs)         00000
___aldiv                          text6         1211A
___aldiv@counter                  cstackCOMRAM  00024
___aldiv@dividend                 cstackCOMRAM  0001B
___aldiv@divisor                  cstackCOMRAM  0001F
___aldiv@quotient                 cstackCOMRAM  00026
___aldiv@sign                     cstackCOMRAM  00025
___asftadd                        text25        12DD8
___asftadd@f1p                    cstackCOMRAM  00040
___asftadd@f2                     cstackCOMRAM  00042
___asftmul                        text24        12D9C
___asftmul@f1p                    cstackCOMRAM  00034
___asftmul@f2                     cstackCOMRAM  00036
___asftsub                        text22        12D60
___asftsub@f1p                    cstackCOMRAM  00046
___asftsub@f2                     cstackCOMRAM  00048
___awdiv                          text14        1265C
___awdiv@counter                  cstackCOMRAM  0001B
___awdiv@dividend                 cstackCOMRAM  00016
___awdiv@divisor                  cstackCOMRAM  00018
___awdiv@quotient                 cstackCOMRAM  0001D
___awdiv@sign                     cstackCOMRAM  0001C
___awmod                          text13        127B4
___awmod@counter                  cstackCOMRAM  00014
___awmod@dividend                 cstackCOMRAM  0000F
___awmod@divisor                  cstackCOMRAM  00011
___awmod@sign                     cstackCOMRAM  00015
___awtoft                         text3         12C3E
___awtoft@c                       cstackCOMRAM  00017
___awtoft@sign                    cstackCOMRAM  0001B
___ftadd                          text28        11574
___ftadd@exp1                     cstackCOMRAM  0003F
___ftadd@exp2                     cstackCOMRAM  0003E
___ftadd@f1                       cstackCOMRAM  00034
___ftadd@f2                       cstackCOMRAM  00037
___ftadd@sign                     cstackCOMRAM  0003D
___ftdiv                          text47        11EE4
___ftdiv@cntr                     cstackBANK0   00060
___ftdiv@exp                      cstackBANK0   00064
___ftdiv@f1                       cstackCOMRAM  00040
___ftdiv@f2                       cstackCOMRAM  00043
___ftdiv@f3                       cstackBANK0   00061
___ftdiv@sign                     cstackBANK0   00065
___ftge                           text34        12850
___ftge@ff1                       cstackCOMRAM  0001C
___ftge@ff2                       cstackCOMRAM  0001F
___ftmul                          text33        12222
___ftmul@cntr                     cstackCOMRAM  00032
___ftmul@exp                      cstackCOMRAM  0002E
___ftmul@f1                       cstackCOMRAM  00025
___ftmul@f2                       cstackCOMRAM  00028
___ftmul@f3_as_product            cstackCOMRAM  0002F
___ftmul@sign                     cstackCOMRAM  00033
___ftneg                          text21        12F7E
___ftneg@f1                       cstackCOMRAM  0000F
___ftpack                         text48        1270C
___ftpack@arg                     cstackCOMRAM  0000F
___ftpack@exp                     cstackCOMRAM  00012
___ftpack@sign                    cstackCOMRAM  00013
___ftsub                          text23        12EC4
___ftsub@f1                       cstackCOMRAM  00040
___ftsub@f2                       cstackCOMRAM  00043
___fttol                          text20        1231A
___fttol@exp1                     cstackCOMRAM  00049
___fttol@f1                       cstackCOMRAM  0003B
___fttol@lval                     cstackCOMRAM  00045
___fttol@sign1                    cstackCOMRAM  00044
___inthi_sp                       stack         00000
___intlo_sp                       stack         00000
___lldiv                          text19        128E0
___lldiv@counter                  cstackCOMRAM  0001C
___lldiv@dividend                 cstackCOMRAM  0000F
___lldiv@divisor                  cstackCOMRAM  00013
___lldiv@quotient                 cstackCOMRAM  00018
___llmod                          text18        12A66
___llmod@counter                  cstackCOMRAM  00026
___llmod@dividend                 cstackCOMRAM  0001D
___llmod@divisor                  cstackCOMRAM  00021
___lltoft                         text17        12AD0
___lltoft@c                       cstackCOMRAM  00017
___lltoft@exp                     cstackCOMRAM  0001F
___lmul                           text5         12B92
___lmul@multiplicand              cstackCOMRAM  00013
___lmul@multiplier                cstackCOMRAM  0000F
___lmul@product                   cstackCOMRAM  00017
___lwtoft                         text32        12F28
___lwtoft@c                       cstackCOMRAM  00017
___sp                             stack         00000
___wmul                           text12        12E50
___wmul@multiplicand              cstackCOMRAM  00021
___wmul@multiplier                cstackCOMRAM  0001F
___wmul@product                   cstackCOMRAM  00023
__accesstop                       (abs)         00060
__activetblptr                    (abs)         00003
__div_to_l_                       text16        118A6
__div_to_l_@cntr                  cstackCOMRAM  0001D
__div_to_l_@exp1                  cstackCOMRAM  0001E
__div_to_l_@f1                    cstackCOMRAM  0000F
__div_to_l_@f2                    cstackCOMRAM  00012
__div_to_l_@quot                  cstackCOMRAM  00019
__end_of_ISR                      intcode       0007E
__end_of_MOTOR_init               text46        1265C
__end_of___aldiv                  text6         12222
__end_of___asftadd                text25        12E14
__end_of___asftmul                text24        12DD8
__end_of___asftsub                text22        12D9C
__end_of___awdiv                  text14        1270C
__end_of___awmod                  text13        12850
__end_of___awtoft                 text3         12C92
__end_of___ftadd                  text28        1172C
__end_of___ftdiv                  text47        12006
__end_of___ftge                   text34        128E0
__end_of___ftmul                  text33        1231A
__end_of___ftneg                  text21        12FA4
__end_of___ftpack                 text48        127B4
__end_of___ftsub                  text23        12EFA
__end_of___fttol                  text20        12410
__end_of___lldiv                  text19        12966
__end_of___llmod                  text18        12AD0
__end_of___lltoft                 text17        12B34
__end_of___lmul                   text5         12BE8
__end_of___lwtoft                 text32        12F54
__end_of___wmul                   text12        12E8A
__end_of__div_to_l_               text16        11A12
__end_of__initialization          cinit         12FD6
__end_of__npowers_                mediumconst   0FEA8
__end_of__powers_                 mediumconst   0FECF
__end_of__stringdata              mediumconst   0FFFE
__end_of__tdiv_to_l_              text15        11DC2
__end_of_configSense              text45        12FE2
__end_of_config_init              text44        12EC4
__end_of_dpowers                  mediumconst   0FE81
__end_of_fround                   text11        11574
__end_of_isdigit                  text10        12F7E
__end_of_lcdClear                 text38        12FD6
__end_of_lcdInit                  text40        124F2
__end_of_lcdSetPos                text37        12D1C
__end_of_lcdWriteChar             text36        12FCE
__end_of_lcdWriteCmd              text41        12D60
__end_of_lcdWriteStrC             text35        12C3E
__end_of_main                     text0         1211A
__end_of_pointToVoltage           text31        12B92
__end_of_read                     text30        11C8C
__end_of_readLight                text4         129E6
__end_of_readTempF                text2         11B54
__end_of_read_accelerometer       text29        12F28
__end_of_scale                    text9         112FC
__end_of_setServo                 text39        12A66
__end_of_showAccelerometerVal     text7         118A6
__end_of_showTempLight            text1         125A8
__end_of_single_axis_measure      text26        11EE4
__end_of_sprintf                  text8         10EAA
__end_of_voltageToG               text27        12CD8
__end_of_writeByte                text42        12FBA
__end_of_writeDigit               text43        12E50
__initialization                  cinit         12FD6
__mediumconst                     mediumconst   0FE58
__npowers_                        mediumconst   0FE81
__pcinit                          cinit         12FD6
__pcstackBANK0                    cstackBANK0   00060
__pcstackCOMRAM                   cstackCOMRAM  00001
__pintcode                        intcode       00008
__pmediumconst                    mediumconst   0FE58
__pnvCOMRAM                       nvCOMRAM      0004C
__powers_                         mediumconst   0FEA8
__ptext0                          text0         12006
__ptext1                          text1         124F2
__ptext10                         text10        12F54
__ptext11                         text11        112FC
__ptext12                         text12        12E50
__ptext13                         text13        127B4
__ptext14                         text14        1265C
__ptext15                         text15        11C8C
__ptext16                         text16        118A6
__ptext17                         text17        12AD0
__ptext18                         text18        12A66
__ptext19                         text19        128E0
__ptext2                          text2         11A12
__ptext20                         text20        1231A
__ptext21                         text21        12F7E
__ptext22                         text22        12D60
__ptext23                         text23        12EC4
__ptext24                         text24        12D9C
__ptext25                         text25        12DD8
__ptext26                         text26        11DC2
__ptext27                         text27        12C92
__ptext28                         text28        11574
__ptext29                         text29        12EFA
__ptext3                          text3         12C3E
__ptext30                         text30        11B54
__ptext31                         text31        12B34
__ptext32                         text32        12F28
__ptext33                         text33        12222
__ptext34                         text34        12850
__ptext35                         text35        12BE8
__ptext36                         text36        12FBA
__ptext37                         text37        12CD8
__ptext38                         text38        12FCE
__ptext39                         text39        129E6
__ptext4                          text4         12966
__ptext40                         text40        12410
__ptext41                         text41        12D1C
__ptext42                         text42        12FA4
__ptext43                         text43        12E14
__ptext44                         text44        12E8A
__ptext45                         text45        12FDC
__ptext46                         text46        125A8
__ptext47                         text47        11EE4
__ptext48                         text48        1270C
__ptext5                          text5         12B92
__ptext6                          text6         1211A
__ptext7                          text7         1172C
__ptext8                          text8         10000
__ptext9                          text9         10EAA
__ramtop                          ramtop        00F00
__size_of_ISR                     (abs)         00000
__size_of_MOTOR_init              (abs)         00000
__size_of___aldiv                 (abs)         00000
__size_of___asftadd               (abs)         00000
__size_of___asftmul               (abs)         00000
__size_of___asftsub               (abs)         00000
__size_of___awdiv                 (abs)         00000
__size_of___awmod                 (abs)         00000
__size_of___awtoft                (abs)         00000
__size_of___ftadd                 (abs)         00000
__size_of___ftdiv                 (abs)         00000
__size_of___ftge                  (abs)         00000
__size_of___ftmul                 (abs)         00000
__size_of___ftneg                 (abs)         00000
__size_of___ftpack                (abs)         00000
__size_of___ftsub                 (abs)         00000
__size_of___fttol                 (abs)         00000
__size_of___lldiv                 (abs)         00000
__size_of___llmod                 (abs)         00000
__size_of___lltoft                (abs)         00000
__size_of___lmul                  (abs)         00000
__size_of___lwtoft                (abs)         00000
__size_of___wmul                  (abs)         00000
__size_of__div_to_l_              (abs)         00000
__size_of__tdiv_to_l_             (abs)         00000
__size_of_configSense             (abs)         00000
__size_of_config_init             (abs)         00000
__size_of_fround                  (abs)         00000
__size_of_isdigit                 (abs)         00000
__size_of_lcdClear                (abs)         00000
__size_of_lcdInit                 (abs)         00000
__size_of_lcdSetPos               (abs)         00000
__size_of_lcdWriteChar            (abs)         00000
__size_of_lcdWriteCmd             (abs)         00000
__size_of_lcdWriteStrC            (abs)         00000
__size_of_main                    (abs)         00000
__size_of_pointToVoltage          (abs)         00000
__size_of_read                    (abs)         00000
__size_of_readLight               (abs)         00000
__size_of_readTempF               (abs)         00000
__size_of_read_accelerometer      (abs)         00000
__size_of_scale                   (abs)         00000
__size_of_setServo                (abs)         00000
__size_of_showAccelerometerVal    (abs)         00000
__size_of_showTempLight           (abs)         00000
__size_of_single_axis_measure     (abs)         00000
__size_of_sprintf                 (abs)         00000
__size_of_voltageToG              (abs)         00000
__size_of_writeByte               (abs)         00000
__size_of_writeDigit              (abs)         00000
__smallconst                      smallconst    00000
__stringdata                      mediumconst   0FECF
__tdiv_to_l_                      text15        11C8C
__tdiv_to_l_@cntr                 cstackCOMRAM  0001C
__tdiv_to_l_@exp1                 cstackCOMRAM  0001D
__tdiv_to_l_@f1                   cstackCOMRAM  0000F
__tdiv_to_l_@f2                   cstackCOMRAM  00012
__tdiv_to_l_@quot                 cstackCOMRAM  00018
_configSense                      text45        12FDC
_config_init                      text44        12E8A
_degree_per_signal                nvCOMRAM      0004C
_dpowers                          mediumconst   0FE59
_encoder_signal_to_turn_reduction nvCOMRAM      0004F
_fround                           text11        112FC
_fround$2559                      cstackCOMRAM  0003A
_fround$2560                      cstackCOMRAM  00037
_isdigit                          text10        12F54
_isdigit$2160                     cstackCOMRAM  00010
_lcdClear                         text38        12FCE
_lcdInit                          text40        12410
_lcdSetPos                        text37        12CD8
_lcdWriteChar                     text36        12FBA
_lcdWriteCmd                      text41        12D1C
_lcdWriteStrC                     text35        12BE8
_main                             text0         12006
_pointToVoltage                   text31        12B34
_read                             text30        11B54
_readLight                        text4         12966
_readTempF                        text2         11A12
_read_accelerometer               text29        12EFA
_scale                            text9         10EAA
_scale$2561                       cstackCOMRAM  00037
_setServo                         text39        129E6
_showAccelerometerVal             text7         1172C
_showTempLight                    text1         124F2
_single_axis_measure              text26        11DC2
_sprintf                          text8         10000
_sprintf$1885                     cstackBANK0   0008E
_sprintf$2562                     cstackBANK0   0008B
_voltageToG                       text27        12C92
_writeByte                        text42        12FA4
_writeDigit                       text43        12E14
end_of_initialization             cinit         12FD6
fround@prec                       cstackCOMRAM  0003D
intlevel0                         text          00000
intlevel1                         text          00000
intlevel2                         text          00000
intlevel3                         text          00000
isdigit@c                         cstackCOMRAM  00011
lcdInit@i                         cstackCOMRAM  00016
lcdInit@i_487                     cstackCOMRAM  00018
lcdInit@i_488                     cstackCOMRAM  0001A
lcdInit@i_489                     cstackCOMRAM  0001C
lcdSetPos@p                       cstackCOMRAM  00016
lcdSetPos@x                       cstackCOMRAM  00017
lcdSetPos@y                       cstackCOMRAM  00015
lcdWriteChar@n                    cstackCOMRAM  00011
lcdWriteCmd@i                     cstackCOMRAM  00013
lcdWriteCmd@n                     cstackCOMRAM  00012
lcdWriteStrC@s                    cstackCOMRAM  00012
main@i                            cstackBANK0   000C1
main@i_233                        cstackBANK0   000C3
main@j                            cstackBANK0   000C5
main@j_232                        cstackBANK0   000C7
pointToVoltage@fPoint             cstackBANK0   00066
pointToVoltage@point              cstackCOMRAM  00049
read@channel                      cstackCOMRAM  0000F
read@value                        cstackCOMRAM  00013
readLight@j                       cstackCOMRAM  0002C
readTempF@i                       cstackBANK0   00066
readTempF@temp                    cstackBANK0   00068
read_accelerometer@axis           cstackBANK0   00069
read_accelerometer@axis_point     cstackBANK0   0006C
scale@scl                         cstackCOMRAM  0003A
setServo@degree                   cstackCOMRAM  0000F
setServo@i                        cstackCOMRAM  00016
setServo@i_1178                   cstackCOMRAM  00012
setServo@j                        cstackCOMRAM  00014
showAccelerometerVal@buffer       cstackBANK0   000B1
showTempLight@buffer              cstackBANK0   000B1
single_axis_measure@axis          cstackBANK0   0006E
single_axis_measure@axis_read     cstackBANK0   00073
single_axis_measure@axis_sum      cstackBANK0   0007B
single_axis_measure@i             cstackBANK0   00079
single_axis_measure@iteration     cstackBANK0   00070
single_axis_measure@medium_value  cstackBANK0   00076
sprintf@_val                      cstackBANK0   0009F
sprintf@ap                        cstackBANK0   0009A
sprintf@c                         cstackBANK0   000AF
sprintf@exp                       cstackBANK0   000A4
sprintf@f                         cstackBANK0   00080
sprintf@flag                      cstackBANK0   000A6
sprintf@fval                      cstackBANK0   000AA
sprintf@integ                     cstackBANK0   0009C
sprintf@prec                      cstackBANK0   000AD
sprintf@sp                        cstackBANK0   0007E
sprintf@vd                        cstackBANK0   00092
sprintf@vd_1887                   cstackBANK0   00096
sprintf@width                     cstackBANK0   000A8
stackhi                           (abs)         009FF
stacklo                           (abs)         000C9
start                             init          0007E
start_initialization              cinit         12FD6
voltageToG@voltage                cstackCOMRAM  00049
writeByte@n                       cstackCOMRAM  00010
writeDigit@n                      cstackCOMRAM  0000F


FUNCTION INFORMATION:

 *************** function _main *****************
 Defined at:
		line 25 in file "main.c"
 Parameters:    Size  Location     Type
  argc            2   91[BANK0 ] int 
  argv            3   93[BANK0 ] PTR PTR unsigned char 
 Auto vars:     Size  Location     Type
  i               2   99[BANK0 ] int 
  i               2   97[BANK0 ] int 
  j               2  103[BANK0 ] int 
  j               2  101[BANK0 ] int 
 Return value:  Size  Location     Type
                  2   91[BANK0 ] int 
 Registers used:
		wreg, fsr0l, fsr0h, fsr2l, fsr2h, status,2, status,0, tblptrl, tblptrh, tblptru, prodl, prodh, cstack
 Tracked objects:
		On entry : 
		On exit  : 
		Unchanged: 
 Data sizes:     COMRAM   BANK0   BANK1   BANK2   BANK3   BANK4   BANK5   BANK6   BANK7   BANK8   BANK9  BANK10  BANK11  BANK12  BANK13  BANK14
      Params:         0       5       0       0       0       0       0       0       0       0       0       0       0       0       0       0
      Locals:         0       8       0       0       0       0       0       0       0       0       0       0       0       0       0       0
      Temps:          0       1       0       0       0       0       0       0       0       0       0       0       0       0       0       0
      Totals:         0      14       0       0       0       0       0       0       0       0       0       0       0       0       0       0
Total ram usage:       14 bytes
 Hardware stack levels required when called:    7
 This function calls:
		_MOTOR_init
		_configSense
		_config_init
		_lcdInit
		_setServo
		_showAccelerometerVal
		_showTempLight
 This function is called by:
		Startup code after reset
 This function uses a non-reentrant model


 *************** function _showTempLight *****************
 Defined at:
		line 23 in file "userInterface.c"
 Parameters:    Size  Location     Type
		None
 Auto vars:     Size  Location     Type
  buffer         10   81[BANK0 ] unsigned char [10]
 Return value:  Size  Location     Type
		None               void
 Registers used:
		wreg, fsr0l, fsr0h, fsr2l, fsr2h, status,2, status,0, tblptrl, tblptrh, tblptru, prodl, prodh, cstack
 Tracked objects:
		On entry : 
		On exit  : 
		Unchanged: 
 Data sizes:     COMRAM   BANK0   BANK1   BANK2   BANK3   BANK4   BANK5   BANK6   BANK7   BANK8   BANK9  BANK10  BANK11  BANK12  BANK13  BANK14
      Params:         0       0       0       0       0       0       0       0       0       0       0       0       0       0       0       0
      Locals:         0      10       0       0       0       0       0       0       0       0       0       0       0       0       0       0
      Temps:          0       1       0       0       0       0       0       0       0       0       0       0       0       0       0       0
      Totals:         0      11       0       0       0       0       0       0       0       0       0       0       0       0       0       0
Total ram usage:       11 bytes
 Hardware stack levels used:    1
 Hardware stack levels required when called:    6
 This function calls:
		_lcdClear
		_lcdSetPos
		_lcdWriteStrC
		_readLight
		_readTempF
		_sprintf
 This function is called by:
		_main
 This function uses a non-reentrant model


 *************** function _readTempF *****************
 Defined at:
		line 216 in file "functions.c"
 Parameters:    Size  Location     Type
		None
 Auto vars:     Size  Location     Type
  i               2    6[BANK0 ] int 
  temp            3    8[BANK0 ] float 
 Return value:  Size  Location     Type
                  3   72[COMRAM] float 
 Registers used:
		wreg, status,2, status,0, prodl, cstack
 Tracked objects:
		On entry : 
		On exit  : 
		Unchanged: 
 Data sizes:     COMRAM   BANK0   BANK1   BANK2   BANK3   BANK4   BANK5   BANK6   BANK7   BANK8   BANK9  BANK10  BANK11  BANK12  BANK13  BANK14
      Params:         3       0       0       0       0       0       0       0       0       0       0       0       0       0       0       0
      Locals:         0       5       0       0       0       0       0       0       0       0       0       0       0       0       0       0
      Temps:          0       0       0       0       0       0       0       0       0       0       0       0       0       0       0       0
      Totals:         3       5       0       0       0       0       0       0       0       0       0       0       0       0       0       0
Total ram usage:        8 bytes
 Hardware stack levels used:    1
 Hardware stack levels required when called:    3
 This function calls:
		___awtoft
		___ftadd
		___ftdiv
		___ftmul
		_read
 This function is called by:
		_showTempLight
		_readDistance
 This function uses a non-reentrant model


 *************** function ___awtoft *****************
 Defined at:
		line 32 in file "C:\Program Files\Microchip\xc8\v1.31\sources\common\awtoft.c"
 Parameters:    Size  Location     Type
  c               2   22[COMRAM] int 
 Auto vars:     Size  Location     Type
  sign            1   26[COMRAM] unsigned char 
 Return value:  Size  Location     Type
                  3   22[COMRAM] float 
 Registers used:
		wreg, status,2, status,0, prodl, cstack
 Tracked objects:
		On entry : 
		On exit  : 
		Unchanged: 
 Data sizes:     COMRAM   BANK0   BANK1   BANK2   BANK3   BANK4   BANK5   BANK6   BANK7   BANK8   BANK9  BANK10  BANK11  BANK12  BANK13  BANK14
      Params:         3       0       0       0       0       0       0       0       0       0       0       0       0       0       0       0
      Locals:         1       0       0       0       0       0       0       0       0       0       0       0       0       0       0       0
      Temps:          1       0       0       0       0       0       0       0       0       0       0       0       0       0       0       0
      Totals:         5       0       0       0       0       0       0       0       0       0       0       0       0       0       0       0
Total ram usage:        5 bytes
 Hardware stack levels used:    1
 Hardware stack levels required when called:    2
 This function calls:
		___ftpack
 This function is called by:
		_readTempF
		_readDistance
 This function uses a non-reentrant model


 *************** function _readLight *****************
 Defined at:
		line 229 in file "functions.c"
 Parameters:    Size  Location     Type
		None
 Auto vars:     Size  Location     Type
  j               4   43[COMRAM] long 
 Return value:  Size  Location     Type
                  2   41[COMRAM] int 
 Registers used:
		wreg, status,2, status,0, cstack
 Tracked objects:
		On entry : 
		On exit  : 
		Unchanged: 
 Data sizes:     COMRAM   BANK0   BANK1   BANK2   BANK3   BANK4   BANK5   BANK6   BANK7   BANK8   BANK9  BANK10  BANK11  BANK12  BANK13  BANK14
      Params:         2       0       0       0       0       0       0       0       0       0       0       0       0       0       0       0
      Locals:         4       0       0       0       0       0       0       0       0       0       0       0       0       0       0       0
      Temps:          0       0       0       0       0       0       0       0       0       0       0       0       0       0       0       0
      Totals:         6       0       0       0       0       0       0       0       0       0       0       0       0       0       0       0
Total ram usage:        6 bytes
 Hardware stack levels used:    1
 Hardware stack levels required when called:    2
 This function calls:
		___aldiv
		___lmul
		_read
 This function is called by:
		_showTempLight
 This function uses a non-reentrant model


 *************** function ___lmul *****************
 Defined at:
		line 9 in file "C:\Program Files\Microchip\xc8\v1.31\sources\common\lmul.c"
 Parameters:    Size  Location     Type
  multiplier      4   14[COMRAM] unsigned long 
  multiplicand    4   18[COMRAM] unsigned long 
 Auto vars:     Size  Location     Type
  product         4   22[COMRAM] unsigned long 
 Return value:  Size  Location     Type
                  4   14[COMRAM] unsigned long 
 Registers used:
		wreg, status,2, status,0
 Tracked objects:
		On entry : 
		On exit  : 
		Unchanged: 
 Data sizes:     COMRAM   BANK0   BANK1   BANK2   BANK3   BANK4   BANK5   BANK6   BANK7   BANK8   BANK9  BANK10  BANK11  BANK12  BANK13  BANK14
      Params:         8       0       0       0       0       0       0       0       0       0       0       0       0       0       0       0
      Locals:         4       0       0       0       0       0       0       0       0       0       0       0       0       0       0       0
      Temps:          0       0       0       0       0       0       0       0       0       0       0       0       0       0       0       0
      Totals:        12       0       0       0       0       0       0       0       0       0       0       0       0       0       0       0
Total ram usage:       12 bytes
 Hardware stack levels used:    1
 Hardware stack levels required when called:    1
 This function calls:
		Nothing
 This function is called by:
		_readLight
 This function uses a non-reentrant model


 *************** function ___aldiv *****************
 Defined at:
		line 8 in file "C:\Program Files\Microchip\xc8\v1.31\sources\common\aldiv.c"
 Parameters:    Size  Location     Type
  dividend        4   26[COMRAM] long 
  divisor         4   30[COMRAM] long 
 Auto vars:     Size  Location     Type
  quotient        4   37[COMRAM] long 
  sign            1   36[COMRAM] unsigned char 
  counter         1   35[COMRAM] unsigned char 
 Return value:  Size  Location     Type
                  4   26[COMRAM] long 
 Registers used:
		wreg, status,2, status,0
 Tracked objects:
		On entry : 
		On exit  : 
		Unchanged: 
 Data sizes:     COMRAM   BANK0   BANK1   BANK2   BANK3   BANK4   BANK5   BANK6   BANK7   BANK8   BANK9  BANK10  BANK11  BANK12  BANK13  BANK14
      Params:         8       0       0       0       0       0       0       0       0       0       0       0       0       0       0       0
      Locals:         6       0       0       0       0       0       0       0       0       0       0       0       0       0       0       0
      Temps:          1       0       0       0       0       0       0       0       0       0       0       0       0       0       0       0
      Totals:        15       0       0       0       0       0       0       0       0       0       0       0       0       0       0       0
Total ram usage:       15 bytes
 Hardware stack levels used:    1
 Hardware stack levels required when called:    1
 This function calls:
		Nothing
 This function is called by:
		_readLight
 This function uses a non-reentrant model


 *************** function _showAccelerometerVal *****************
 Defined at:
		line 34 in file "userInterface.c"
 Parameters:    Size  Location     Type
		None
 Auto vars:     Size  Location     Type
  buffer         10   81[BANK0 ] unsigned char [10]
 Return value:  Size  Location     Type
		None               void
 Registers used:
		wreg, fsr0l, fsr0h, fsr2l, fsr2h, status,2, status,0, tblptrl, tblptrh, tblptru, prodl, prodh, cstack
 Tracked objects:
		On entry : 
		On exit  : 
		Unchanged: 
 Data sizes:     COMRAM   BANK0   BANK1   BANK2   BANK3   BANK4   BANK5   BANK6   BANK7   BANK8   BANK9  BANK10  BANK11  BANK12  BANK13  BANK14
      Params:         0       0       0       0       0       0       0       0       0       0       0       0       0       0       0       0
      Locals:         0      10       0       0       0       0       0       0       0       0       0       0       0       0       0       0
      Temps:          0       1       0       0       0       0       0       0       0       0       0       0       0       0       0       0
      Totals:         0      11       0       0       0       0       0       0       0       0       0       0       0       0       0       0
Total ram usage:       11 bytes
 Hardware stack levels used:    1
 Hardware stack levels required when called:    6
 This function calls:
		_lcdClear
		_lcdSetPos
		_lcdWriteChar
		_lcdWriteStrC
		_single_axis_measure
		_sprintf
 This function is called by:
		_main
 This function uses a non-reentrant model


 *************** function _sprintf *****************
 Defined at:
		line 492 in file "C:\Program Files\Microchip\xc8\v1.31\sources\common\doprnt.c"
 Parameters:    Size  Location     Type
  sp              2   30[BANK0 ] PTR unsigned char 
		 -> showAccelerometerVal@buffer(10), showTempLight@buffer(10), showDistance@buffer(10), MOTOR_turnLeft@buffer(10), 
		 -> MOTOR_turnRight@buffer(10), MOTOR_backward@buffer(10), MOTOR_forward@buffer(10), 
  f               2   32[BANK0 ] PTR const unsigned char 
		 -> STR_34(6), STR_33(6), STR_32(6), STR_30(10), 
		 -> STR_29(12), STR_28(6), STR_26(5), STR_23(5), 
		 -> STR_20(5), STR_17(5), 
 Auto vars:     Size  Location     Type
  vd              4   50[BANK0 ] unsigned long 
  vd              4   54[BANK0 ] unsigned long 
  _val            5   63[BANK0 ] struct .
  fval            3   74[BANK0 ] struct .
  integ           3   60[BANK0 ] struct .
  ival            3    0        struct .
  prec            2   77[BANK0 ] int 
  width           2   72[BANK0 ] int 
  flag            2   70[BANK0 ] unsigned short 
  exp             2   68[BANK0 ] int 
  ap              2   58[BANK0 ] PTR void [1]
		 -> ?_sprintf(2), 
  c               1   79[BANK0 ] char 
  d               1    0        unsigned char 
 Return value:  Size  Location     Type
                  2   30[BANK0 ] int 
 Registers used:
		wreg, fsr2l, fsr2h, status,2, status,0, tblptrl, tblptrh, tblptru, prodl, prodh, cstack
 Tracked objects:
		On entry : 
		On exit  : 
		Unchanged: 
 Data sizes:     COMRAM   BANK0   BANK1   BANK2   BANK3   BANK4   BANK5   BANK6   BANK7   BANK8   BANK9  BANK10  BANK11  BANK12  BANK13  BANK14
      Params:         0       7       0       0       0       0       0       0       0       0       0       0       0       0       0       0
      Locals:         0      37       0       0       0       0       0       0       0       0       0       0       0       0       0       0
      Temps:          0       6       0       0       0       0       0       0       0       0       0       0       0       0       0       0
      Totals:         0      50       0       0       0       0       0       0       0       0       0       0       0       0       0       0
Total ram usage:       50 bytes
 Hardware stack levels used:    1
 Hardware stack levels required when called:    5
 This function calls:
		___asftadd
		___asftmul
		___asftsub
		___awdiv
		___ftge
		___ftmul
		___ftneg
		___fttol
		___lldiv
		___llmod
		___lltoft
		___wmul
		__div_to_l_
		__tdiv_to_l_
		_fround
		_isdigit
		_scale
 This function is called by:
		_showTempLight
		_showAccelerometerVal
		_MOTOR_forward
		_MOTOR_backward
		_MOTOR_turnRight
		_MOTOR_turnLeft
		_showDistance
 This function uses a non-reentrant model


 *************** function _scale *****************
 Defined at:
		line 425 in file "C:\Program Files\Microchip\xc8\v1.31\sources\common\doprnt.c"
 Parameters:    Size  Location     Type
  scl             1    wreg     char 
 Auto vars:     Size  Location     Type
  scl             1   57[COMRAM] char 
 Return value:  Size  Location     Type
                  3   51[COMRAM] char 
 Registers used:
		wreg, status,2, status,0, tblptrl, tblptrh, tblptru, prodl, prodh, cstack
 Tracked objects:
		On entry : 
		On exit  : 
		Unchanged: 
 Data sizes:     COMRAM   BANK0   BANK1   BANK2   BANK3   BANK4   BANK5   BANK6   BANK7   BANK8   BANK9  BANK10  BANK11  BANK12  BANK13  BANK14
      Params:         3       0       0       0       0       0       0       0       0       0       0       0       0       0       0       0
      Locals:         4       0       0       0       0       0       0       0       0       0       0       0       0       0       0       0
      Temps:          0       0       0       0       0       0       0       0       0       0       0       0       0       0       0       0
      Totals:         7       0       0       0       0       0       0       0       0       0       0       0       0       0       0       0
Total ram usage:        7 bytes
 Hardware stack levels used:    1
 Hardware stack levels required when called:    3
 This function calls:
		___awdiv
		___awmod
		___ftmul
		___wmul
 This function is called by:
		_sprintf
 This function uses a non-reentrant model


 *************** function _isdigit *****************
 Defined at:
		line 8 in file "C:\Program Files\Microchip\xc8\v1.31\sources\common\isdigit.c"
 Parameters:    Size  Location     Type
  c               1    wreg     unsigned char 
 Auto vars:     Size  Location     Type
  c               1   16[COMRAM] unsigned char 
 Return value:  Size  Location     Type
		None               void
 Registers used:
		wreg, status,2, status,0
 Tracked objects:
		On entry : 
		On exit  : 
		Unchanged: 
 Data sizes:     COMRAM   BANK0   BANK1   BANK2   BANK3   BANK4   BANK5   BANK6   BANK7   BANK8   BANK9  BANK10  BANK11  BANK12  BANK13  BANK14
      Params:         0       0       0       0       0       0       0       0       0       0       0       0       0       0       0       0
      Locals:         2       0       0       0       0       0       0       0       0       0       0       0       0       0       0       0
      Temps:          1       0       0       0       0       0       0       0       0       0       0       0       0       0       0       0
      Totals:         3       0       0       0       0       0       0       0       0       0       0       0       0       0       0       0
Total ram usage:        3 bytes
 Hardware stack levels used:    1
 Hardware stack levels required when called:    1
 This function calls:
		Nothing
 This function is called by:
		_sprintf
 This function uses a non-reentrant model


 *************** function _fround *****************
 Defined at:
		line 409 in file "C:\Program Files\Microchip\xc8\v1.31\sources\common\doprnt.c"
 Parameters:    Size  Location     Type
  prec            1    wreg     unsigned char 
 Auto vars:     Size  Location     Type
  prec            1   60[COMRAM] unsigned char 
 Return value:  Size  Location     Type
                  3   51[COMRAM] unsigned char 
 Registers used:
		wreg, status,2, status,0, tblptrl, tblptrh, tblptru, prodl, prodh, cstack
 Tracked objects:
		On entry : 
		On exit  : 
		Unchanged: 
 Data sizes:     COMRAM   BANK0   BANK1   BANK2   BANK3   BANK4   BANK5   BANK6   BANK7   BANK8   BANK9  BANK10  BANK11  BANK12  BANK13  BANK14
      Params:         3       0       0       0       0       0       0       0       0       0       0       0       0       0       0       0
      Locals:         7       0       0       0       0       0       0       0       0       0       0       0       0       0       0       0
      Temps:          0       0       0       0       0       0       0       0       0       0       0       0       0       0       0       0
      Totals:        10       0       0       0       0       0       0       0       0       0       0       0       0       0       0       0
Total ram usage:       10 bytes
 Hardware stack levels used:    1
 Hardware stack levels required when called:    3
 This function calls:
		___awdiv
		___awmod
		___ftmul
		___wmul
 This function is called by:
		_sprintf
 This function uses a non-reentrant model


 *************** function ___wmul *****************
 Defined at:
		line 3 in file "C:\Program Files\Microchip\xc8\v1.31\sources\common\wmul.c"
 Parameters:    Size  Location     Type
  multiplier      2   30[COMRAM] unsigned int 
  multiplicand    2   32[COMRAM] unsigned int 
 Auto vars:     Size  Location     Type
  product         2   34[COMRAM] unsigned int 
 Return value:  Size  Location     Type
                  2   30[COMRAM] unsigned int 
 Registers used:
		wreg, status,2, status,0, prodl, prodh
 Tracked objects:
		On entry : 
		On exit  : 
		Unchanged: 
 Data sizes:     COMRAM   BANK0   BANK1   BANK2   BANK3   BANK4   BANK5   BANK6   BANK7   BANK8   BANK9  BANK10  BANK11  BANK12  BANK13  BANK14
      Params:         4       0       0       0       0       0       0       0       0       0       0       0       0       0       0       0
      Locals:         2       0       0       0       0       0       0       0       0       0       0       0       0       0       0       0
      Temps:          0       0       0       0       0       0       0       0       0       0       0       0       0       0       0       0
      Totals:         6       0       0       0       0       0       0       0       0       0       0       0       0       0       0       0
Total ram usage:        6 bytes
 Hardware stack levels used:    1
 Hardware stack levels required when called:    1
 This function calls:
		Nothing
 This function is called by:
		_fround
		_scale
		_sprintf
 This function uses a non-reentrant model


 *************** function ___awmod *****************
 Defined at:
		line 8 in file "C:\Program Files\Microchip\xc8\v1.31\sources\common\awmod.c"
 Parameters:    Size  Location     Type
  dividend        2   14[COMRAM] int 
  divisor         2   16[COMRAM] int 
 Auto vars:     Size  Location     Type
  sign            1   20[COMRAM] unsigned char 
  counter         1   19[COMRAM] unsigned char 
 Return value:  Size  Location     Type
                  2   14[COMRAM] int 
 Registers used:
		wreg, status,2, status,0, prodl
 Tracked objects:
		On entry : 
		On exit  : 
		Unchanged: 
 Data sizes:     COMRAM   BANK0   BANK1   BANK2   BANK3   BANK4   BANK5   BANK6   BANK7   BANK8   BANK9  BANK10  BANK11  BANK12  BANK13  BANK14
      Params:         4       0       0       0       0       0       0       0       0       0       0       0       0       0       0       0
      Locals:         2       0       0       0       0       0       0       0       0       0       0       0       0       0       0       0
      Temps:          1       0       0       0       0       0       0       0       0       0       0       0       0       0       0       0
      Totals:         7       0       0       0       0       0       0       0       0       0       0       0       0       0       0       0
Total ram usage:        7 bytes
 Hardware stack levels used:    1
 Hardware stack levels required when called:    1
 This function calls:
		Nothing
 This function is called by:
		_fround
		_scale
 This function uses a non-reentrant model


 *************** function ___awdiv *****************
 Defined at:
		line 8 in file "C:\Program Files\Microchip\xc8\v1.31\sources\common\awdiv.c"
 Parameters:    Size  Location     Type
  dividend        2   21[COMRAM] int 
  divisor         2   23[COMRAM] int 
 Auto vars:     Size  Location     Type
  quotient        2   28[COMRAM] int 
  sign            1   27[COMRAM] unsigned char 
  counter         1   26[COMRAM] unsigned char 
 Return value:  Size  Location     Type
                  2   21[COMRAM] int 
 Registers used:
		wreg, status,2, status,0, prodl
 Tracked objects:
		On entry : 
		On exit  : 
		Unchanged: 
 Data sizes:     COMRAM   BANK0   BANK1   BANK2   BANK3   BANK4   BANK5   BANK6   BANK7   BANK8   BANK9  BANK10  BANK11  BANK12  BANK13  BANK14
      Params:         4       0       0       0       0       0       0       0       0       0       0       0       0       0       0       0
      Locals:         4       0       0       0       0       0       0       0       0       0       0       0       0       0       0       0
      Temps:          1       0       0       0       0       0       0       0       0       0       0       0       0       0       0       0
      Totals:         9       0       0       0       0       0       0       0       0       0       0       0       0       0       0       0
Total ram usage:        9 bytes
 Hardware stack levels used:    1
 Hardware stack levels required when called:    1
 This function calls:
		Nothing
 This function is called by:
		_fround
		_scale
		_sprintf
 This function uses a non-reentrant model


 *************** function __tdiv_to_l_ *****************
 Defined at:
		line 60 in file "C:\Program Files\Microchip\xc8\v1.31\sources\common\ftdivl.c"
 Parameters:    Size  Location     Type
  f1              3   14[COMRAM] float 
  f2              3   17[COMRAM] float 
 Auto vars:     Size  Location     Type
  quot            4   23[COMRAM] unsigned long 
  exp1            1   28[COMRAM] unsigned char 
  cntr            1   27[COMRAM] unsigned char 
 Return value:  Size  Location     Type
                  4   14[COMRAM] unsigned long 
 Registers used:
		wreg, status,2, status,0
 Tracked objects:
		On entry : 
		On exit  : 
		Unchanged: 
 Data sizes:     COMRAM   BANK0   BANK1   BANK2   BANK3   BANK4   BANK5   BANK6   BANK7   BANK8   BANK9  BANK10  BANK11  BANK12  BANK13  BANK14
      Params:         6       0       0       0       0       0       0       0       0       0       0       0       0       0       0       0
      Locals:         6       0       0       0       0       0       0       0       0       0       0       0       0       0       0       0
      Temps:          3       0       0       0       0       0       0       0       0       0       0       0       0       0       0       0
      Totals:        15       0       0       0       0       0       0       0       0       0       0       0       0       0       0       0
Total ram usage:       15 bytes
 Hardware stack levels used:    1
 Hardware stack levels required when called:    1
 This function calls:
		Nothing
 This function is called by:
		_sprintf
 This function uses a non-reentrant model


 *************** function __div_to_l_ *****************
 Defined at:
		line 60 in file "C:\Program Files\Microchip\xc8\v1.31\sources\common\fldivl.c"
 Parameters:    Size  Location     Type
  f1              3   14[COMRAM] unsigned long 
  f2              3   17[COMRAM] unsigned long 
 Auto vars:     Size  Location     Type
  quot            4   24[COMRAM] unsigned long 
  exp1            1   29[COMRAM] unsigned char 
  cntr            1   28[COMRAM] unsigned char 
 Return value:  Size  Location     Type
                  4   14[COMRAM] unsigned long 
 Registers used:
		wreg, status,2, status,0
 Tracked objects:
		On entry : 
		On exit  : 
		Unchanged: 
 Data sizes:     COMRAM   BANK0   BANK1   BANK2   BANK3   BANK4   BANK5   BANK6   BANK7   BANK8   BANK9  BANK10  BANK11  BANK12  BANK13  BANK14
      Params:         6       0       0       0       0       0       0       0       0       0       0       0       0       0       0       0
      Locals:         6       0       0       0       0       0       0       0       0       0       0       0       0       0       0       0
[...]
      Temps:          1       0       0       0       0       0       0       0       0       0       0       0       0       0       0       0
      Totals:         9       0       0       0       0       0       0       0       0       0       0       0       0       0       0       0
Total ram usage:        9 bytes
 Hardware stack levels used:    1
 Hardware stack levels required when called:    4
 This function calls:
		_lcdWriteCmd
		_writeDigit
 This function is called by:
		_main
 This function uses a non-reentrant model


 *************** function _lcdWriteCmd *****************
 Defined at:
		line 89 in file "lcd.c"
 Parameters:    Size  Location     Type
  n               1    wreg     unsigned char 
 Auto vars:     Size  Location     Type
  n               1   17[COMRAM] unsigned char 
  i               2   18[COMRAM] int 
 Return value:  Size  Location     Type
		None               void
 Registers used:
		wreg, status,2, status,0, cstack
 Tracked objects:
		On entry : 
		On exit  : 
		Unchanged: 
 Data sizes:     COMRAM   BANK0   BANK1   BANK2   BANK3   BANK4   BANK5   BANK6   BANK7   BANK8   BANK9  BANK10  BANK11  BANK12  BANK13  BANK14
      Params:         0       0       0       0       0       0       0       0       0       0       0       0       0       0       0       0
      Locals:         3       0       0       0       0       0       0       0       0       0       0       0       0       0       0       0
      Temps:          1       0       0       0       0       0       0       0       0       0       0       0       0       0       0       0
      Totals:         4       0       0       0       0       0       0       0       0       0       0       0       0       0       0       0
Total ram usage:        4 bytes
 Hardware stack levels used:    1
 Hardware stack levels required when called:    3
 This function calls:
		_writeByte
 This function is called by:
		_lcdInit
		_lcdClear
		_lcdSetPos
 This function uses a non-reentrant model


 *************** function _writeByte *****************
 Defined at:
		line 81 in file "lcd.c"
 Parameters:    Size  Location     Type
  n               1    wreg     unsigned char 
 Auto vars:     Size  Location     Type
  n               1   15[COMRAM] unsigned char 
 Return value:  Size  Location     Type
		None               void
 Registers used:
		wreg, status,2, status,0, cstack
 Tracked objects:
		On entry : 
		On exit  : 
		Unchanged: 
 Data sizes:     COMRAM   BANK0   BANK1   BANK2   BANK3   BANK4   BANK5   BANK6   BANK7   BANK8   BANK9  BANK10  BANK11  BANK12  BANK13  BANK14
      Params:         0       0       0       0       0       0       0       0       0       0       0       0       0       0       0       0
      Locals:         1       0       0       0       0       0       0       0       0       0       0       0       0       0       0       0
      Temps:          0       0       0       0       0       0       0       0       0       0       0       0       0       0       0       0
      Totals:         1       0       0       0       0       0       0       0       0       0       0       0       0       0       0       0
Total ram usage:        1 bytes
 Hardware stack levels used:    1
 Hardware stack levels required when called:    2
 This function calls:
		_writeDigit
 This function is called by:
		_lcdWriteCmd
		_lcdWriteChar
 This function uses a non-reentrant model


 *************** function _writeDigit *****************
 Defined at:
		line 66 in file "lcd.c"
 Parameters:    Size  Location     Type
  n               1    wreg     unsigned char 
 Auto vars:     Size  Location     Type
  n               1   14[COMRAM] unsigned char 
 Return value:  Size  Location     Type
		None               void
 Registers used:
		wreg
 Tracked objects:
		On entry : 
		On exit  : 
		Unchanged: 
 Data sizes:     COMRAM   BANK0   BANK1   BANK2   BANK3   BANK4   BANK5   BANK6   BANK7   BANK8   BANK9  BANK10  BANK11  BANK12  BANK13  BANK14
      Params:         0       0       0       0       0       0       0       0       0       0       0       0       0       0       0       0
      Locals:         1       0       0       0       0       0       0       0       0       0       0       0       0       0       0       0
      Temps:          0       0       0       0       0       0       0       0       0       0       0       0       0       0       0       0
      Totals:         1       0       0       0       0       0       0       0       0       0       0       0       0       0       0       0
Total ram usage:        1 bytes
 Hardware stack levels used:    1
 Hardware stack levels required when called:    1
 This function calls:
		Nothing
 This function is called by:
		_lcdInit
		_writeByte
 This function uses a non-reentrant model


 *************** function _config_init *****************
 Defined at:
		line 57 in file "main.c"
 Parameters:    Size  Location     Type
		None
 Auto vars:     Size  Location     Type
		None
 Return value:  Size  Location     Type
		None               void
 Registers used:
		wreg, status,2, status,0
 Tracked objects:
		On entry : 
		On exit  : 
		Unchanged: 
 Data sizes:     COMRAM   BANK0   BANK1   BANK2   BANK3   BANK4   BANK5   BANK6   BANK7   BANK8   BANK9  BANK10  BANK11  BANK12  BANK13  BANK14
      Params:         0       0       0       0       0       0       0       0       0       0       0       0       0       0       0       0
      Locals:         0       0       0       0       0       0       0       0       0       0       0       0       0       0       0       0
      Temps:          0       0       0       0       0       0       0       0       0       0       0       0       0       0       0       0
      Totals:         0       0       0       0       0       0       0       0       0       0       0       0       0       0       0       0
Total ram usage:        0 bytes
 Hardware stack levels used:    1
 Hardware stack levels required when called:    1
 This function calls:
		Nothing
 This function is called by:
		_main
 This function uses a non-reentrant model


 *************** function _configSense *****************
 Defined at:
		line 334 in file "functions.c"
 Parameters:    Size  Location     Type
		None
 Auto vars:     Size  Location     Type
		None
 Return value:  Size  Location     Type
		None               void
 Registers used:
		None
 Tracked objects:
		On entry : 
		On exit  : 
		Unchanged: 
 Data sizes:     COMRAM   BANK0   BANK1   BANK2   BANK3   BANK4   BANK5   BANK6   BANK7   BANK8   BANK9  BANK10  BANK11  BANK12  BANK13  BANK14
      Params:         0       0       0       0       0       0       0       0       0       0       0       0       0       0       0       0
      Locals:         0       0       0       0       0       0       0       0       0       0       0       0       0       0       0       0
      Temps:          0       0       0       0       0       0       0       0       0       0       0       0       0       0       0       0
      Totals:         0       0       0       0       0       0       0       0       0       0       0       0       0       0       0       0
Total ram usage:        0 bytes
 Hardware stack levels used:    1
 Hardware stack levels required when called:    1
 This function calls:
		Nothing
 This function is called by:
		_main
 This function uses a non-reentrant model


 *************** function _MOTOR_init *****************
 Defined at:
		line 12 in file "motorEncoder.c"
 Parameters:    Size  Location     Type
		None
 Auto vars:     Size  Location     Type
		None
 Return value:  Size  Location     Type
		None               void
 Registers used:
		wreg, status,2, status,0, cstack
 Tracked objects:
		On entry : 
		On exit  : 
		Unchanged: 
 Data sizes:     COMRAM   BANK0   BANK1   BANK2   BANK3   BANK4   BANK5   BANK6   BANK7   BANK8   BANK9  BANK10  BANK11  BANK12  BANK13  BANK14
      Params:         0       0       0       0       0       0       0       0       0       0       0       0       0       0       0       0
      Locals:         0       0       0       0       0       0       0       0       0       0       0       0       0       0       0       0
      Temps:          0       0       0       0       0       0       0       0       0       0       0       0       0       0       0       0
      Totals:         0       0       0       0       0       0       0       0       0       0       0       0       0       0       0       0
Total ram usage:        0 bytes
 Hardware stack levels used:    1
 Hardware stack levels required when called:    3
 This function calls:
		___ftdiv
 This function is called by:
		_main
 This function uses a non-reentrant model


 *************** function ___ftdiv *****************
 Defined at:
		line 49 in file "C:\Program Files\Microchip\xc8\v1.31\sources\common\ftdiv.c"
 Parameters:    Size  Location     Type
  f1              3   63[COMRAM] float 
  f2              3   66[COMRAM] float 
 Auto vars:     Size  Location     Type
  f3              3    1[BANK0 ] float 
  sign            1    5[BANK0 ] unsigned char 
  exp             1    4[BANK0 ] unsigned char 
  cntr            1    0[BANK0 ] unsigned char 
 Return value:  Size  Location     Type
                  3   63[COMRAM] float 
 Registers used:
		wreg, status,2, status,0, cstack
 Tracked objects:
		On entry : 
		On exit  : 
		Unchanged: 
 Data sizes:     COMRAM   BANK0   BANK1   BANK2   BANK3   BANK4   BANK5   BANK6   BANK7   BANK8   BANK9  BANK10  BANK11  BANK12  BANK13  BANK14
      Params:         6       0       0       0       0       0       0       0       0       0       0       0       0       0       0       0
      Locals:         0       6       0       0       0       0       0       0       0       0       0       0       0       0       0       0
      Temps:          3       0       0       0       0       0       0       0       0       0       0       0       0       0       0       0
      Totals:         9       6       0       0       0       0       0       0       0       0       0       0       0       0       0       0
Total ram usage:       15 bytes
 Hardware stack levels used:    1
 Hardware stack levels required when called:    2
 This function calls:
		___ftpack
 This function is called by:
		_readTempF
		_single_axis_measure
		_pointToVoltage
		_voltageToG
		_MOTOR_init
		_readDistance
 This function uses a non-reentrant model


 *************** function ___ftpack *****************
 Defined at:
		line 62 in file "C:\Program Files\Microchip\xc8\v1.31\sources\common\float.c"
 Parameters:    Size  Location     Type
  arg             3   14[COMRAM] unsigned um
  exp             1   17[COMRAM] unsigned char 
  sign            1   18[COMRAM] unsigned char 
 Auto vars:     Size  Location     Type
		None
 Return value:  Size  Location     Type
                  3   14[COMRAM] float 
 Registers used:
		wreg, status,2, status,0
 Tracked objects:
		On entry : 
		On exit  : 
		Unchanged: 
 Data sizes:     COMRAM   BANK0   BANK1   BANK2   BANK3   BANK4   BANK5   BANK6   BANK7   BANK8   BANK9  BANK10  BANK11  BANK12  BANK13  BANK14
      Params:         5       0       0       0       0       0       0       0       0       0       0       0       0       0       0       0
      Locals:         0       0       0       0       0       0       0       0       0       0       0       0       0       0       0       0
      Temps:          3       0       0       0       0       0       0       0       0       0       0       0       0       0       0       0
      Totals:         8       0       0       0       0       0       0       0       0       0       0       0       0       0       0       0
Total ram usage:        8 bytes
 Hardware stack levels used:    1
 Hardware stack levels required when called:    1
 This function calls:
		Nothing
 This function is called by:
		___awtoft
		___ftadd
		___ftdiv
		___ftmul
		___lltoft
		___lwtoft
 This function uses a non-reentrant model


 *************** function _ISR *****************
 Defined at:
		line 79 in file "main.c"
 Parameters:    Size  Location     Type
		None
 Auto vars:     Size  Location     Type
		None
 Return value:  Size  Location     Type
		None               void
 Registers used:
		None
 Tracked objects:
		On entry : 
		On exit  : 
		Unchanged: 
 Data sizes:     COMRAM   BANK0   BANK1   BANK2   BANK3   BANK4   BANK5   BANK6   BANK7   BANK8   BANK9  BANK10  BANK11  BANK12  BANK13  BANK14
      Params:         0       0       0       0       0       0       0       0       0       0       0       0       0       0       0       0
      Locals:         0       0       0       0       0       0       0       0       0       0       0       0       0       0       0       0
      Temps:         14       0       0       0       0       0       0       0       0       0       0       0       0       0       0       0
      Totals:        14       0       0       0       0       0       0       0       0       0       0       0       0       0       0       0
Total ram usage:       14 bytes
 Hardware stack levels used:    1
 This function calls:
		Nothing
 This function is called by:
		Interrupt level 2
 This function uses a non-reentrant model



MODULE INFORMATION

Module		Function		Class		Link	Load	Size
C:\Program Files\Microchip\xc8\v1.31\sources\common\lwtoft.c
		___lwtoft      		CODE           	12F28	0000	44

C:\Program Files\Microchip\xc8\v1.31\sources\common\lwtoft.c estimated size: 44

C:\Program Files\Microchip\xc8\v1.31\sources\common\awdiv.c
		___awdiv       		CODE           	1265C	0000	176

C:\Program Files\Microchip\xc8\v1.31\sources\common\awdiv.c estimated size: 176

C:\Program Files\Microchip\xc8\v1.31\sources\common\ftadd.c
		___ftadd       		CODE           	11574	0000	440

C:\Program Files\Microchip\xc8\v1.31\sources\common\ftadd.c estimated size: 440

functions.c
		_single_axis_me		CODE           	11DC2	0000	290
		_pointToVoltage		CODE           	12B34	0000	94
		_read          		CODE           	11B54	0000	312
		_readLight     		CODE           	12966	0000	128
		_setServo      		CODE           	129E6	0000	128
		_readTempF     		CODE           	11A12	0000	322
		_configSense   		CODE           	12FDC	0000	6
		_read_accelerom		CODE           	12EFA	0000	46
		_voltageToG    		CODE           	12C92	0000	70

functions.c estimated size: 1396

C:\Program Files\Microchip\xc8\v1.31\sources\common\float.c
		___ftpack      		CODE           	1270C	0000	168

C:\Program Files\Microchip\xc8\v1.31\sources\common\float.c estimated size: 168

C:\Program Files\Microchip\xc8\v1.31\sources\common\ftge.c
		___ftge        		CODE           	12850	0000	144

C:\Program Files\Microchip\xc8\v1.31\sources\common\ftge.c estimated size: 144

C:\Program Files\Microchip\xc8\v1.31\sources\common\wmul.c
		___wmul        		CODE           	12E50	0000	58

C:\Program Files\Microchip\xc8\v1.31\sources\common\wmul.c estimated size: 58

C:\Program Files\Microchip\xc8\v1.31\sources\pic18\asftadd.c
		___asftadd     		CODE           	12DD8	0000	60

C:\Program Files\Microchip\xc8\v1.31\sources\pic18\asftadd.c estimated size: 60

shared
		__stringdata   		MEDIUMCONST    	FECF	0000	303
		__powers_      		MEDIUMCONST    	FEA8	0000	39
		_dpowers       		MEDIUMCONST    	FE59	0000	40
		__npowers_     		MEDIUMCONST    	FE81	0000	39
		__initializatio		CODE           	12FD6	0000	0

shared estimated size: 421

userInterface.c
		_showAccelerome		CODE           	1172C	0000	378
		_showTempLight 		CODE           	124F2	0000	182

userInterface.c estimated size: 560

C:\Program Files\Microchip\xc8\v1.31\sources\common\llmod.c
		___llmod       		CODE           	12A66	0000	106

C:\Program Files\Microchip\xc8\v1.31\sources\common\llmod.c estimated size: 106

C:\Program Files\Microchip\xc8\v1.31\sources\common\aldiv.c
		___aldiv       		CODE           	1211A	0000	264

C:\Program Files\Microchip\xc8\v1.31\sources\common\aldiv.c estimated size: 264

main.c
		_ISR           		CODE           	0008	0000	118
		_main          		CODE           	12006	0000	276
		_config_init   		CODE           	12E8A	0000	58

main.c estimated size: 452

C:\Program Files\Microchip\xc8\v1.31\sources\common\doprnt.c
		_scale         		CODE           	10EAA	0000	1106
		_sprintf       		CODE           	10000	0000	3754
		_fround        		CODE           	112FC	0000	632

C:\Program Files\Microchip\xc8\v1.31\sources\common\doprnt.c estimated size: 5492

C:\Program Files\Microchip\xc8\v1.31\sources\common\ftdiv.c
		___ftdiv       		CODE           	11EE4	0000	290

C:\Program Files\Microchip\xc8\v1.31\sources\common\ftdiv.c estimated size: 290

C:\Program Files\Microchip\xc8\v1.31\sources\common\lldiv.c
		___lldiv       		CODE           	128E0	0000	134

C:\Program Files\Microchip\xc8\v1.31\sources\common\lldiv.c estimated size: 134

C:\Program Files\Microchip\xc8\v1.31\sources\common\ftsub.c
		___ftsub       		CODE           	12EC4	0000	54

C:\Program Files\Microchip\xc8\v1.31\sources\common\ftsub.c estimated size: 54

C:\Program Files\Microchip\xc8\v1.31\sources\common\ftneg.c
		___ftneg       		CODE           	12F7E	0000	38

C:\Program Files\Microchip\xc8\v1.31\sources\common\ftneg.c estimated size: 38

C:\Program Files\Microchip\xc8\v1.31\sources\common\lmul.c
		___lmul        		CODE           	12B92	0000	86

C:\Program Files\Microchip\xc8\v1.31\sources\common\lmul.c estimated size: 86

C:\Program Files\Microchip\xc8\v1.31\sources\common\ftmul.c
		___ftmul       		CODE           	12222	0000	248

C:\Program Files\Microchip\xc8\v1.31\sources\common\ftmul.c estimated size: 248

C:\Program Files\Microchip\xc8\v1.31\sources\common\fttol.c
		___fttol       		CODE           	1231A	0000	246

C:\Program Files\Microchip\xc8\v1.31\sources\common\fttol.c estimated size: 246

C:\Program Files\Microchip\xc8\v1.31\sources\common\fldivl.c
		__div_to_l_    		CODE           	118A6	0000	364

C:\Program Files\Microchip\xc8\v1.31\sources\common\fldivl.c estimated size: 364

C:\Program Files\Microchip\xc8\v1.31\sources\common\ftdivl.c
		__tdiv_to_l_   		CODE           	11C8C	0000	310

C:\Program Files\Microchip\xc8\v1.31\sources\common\ftdivl.c estimated size: 310

C:\Program Files\Microchip\xc8\v1.31\sources\common\awtoft.c
		___awtoft      		CODE           	12C3E	0000	84

C:\Program Files\Microchip\xc8\v1.31\sources\common\awtoft.c estimated size: 84

C:\Program Files\Microchip\xc8\v1.31\sources\pic18\asftsub.c
		___asftsub     		CODE           	12D60	0000	60

C:\Program Files\Microchip\xc8\v1.31\sources\pic18\asftsub.c estimated size: 60

C:\Program Files\Microchip\xc8\v1.31\sources\common\isdigit.c
		_isdigit       		CODE           	12F54	0000	42

C:\Program Files\Microchip\xc8\v1.31\sources\common\isdigit.c estimated size: 42

motorEncoder.c
		_MOTOR_init    		CODE           	125A8	0000	180

motorEncoder.c estimated size: 180

C:\Program Files\Microchip\xc8\v1.31\sources\common\lltoft.c
		___lltoft      		CODE           	12AD0	0000	100

C:\Program Files\Microchip\xc8\v1.31\sources\common\lltoft.c estimated size: 100

C:\Program Files\Microchip\xc8\v1.31\sources\common\awmod.c
		___awmod       		CODE           	127B4	0000	156

C:\Program Files\Microchip\xc8\v1.31\sources\common\awmod.c estimated size: 156

C:\Program Files\Microchip\xc8\v1.31\sources\pic18\asftmul.c
		___asftmul     		CODE           	12D9C	0000	60

C:\Program Files\Microchip\xc8\v1.31\sources\pic18\asftmul.c estimated size: 60

lcd.c
		_lcdSetPos     		CODE           	12CD8	0000	68
		_writeDigit    		CODE           	12E14	0000	60
		_lcdClear      		CODE           	12FCE	0000	8
		_writeByte     		CODE           	12FA4	0000	22
		_lcdWriteCmd   		CODE           	12D1C	0000	68
		_lcdWriteStrC  		CODE           	12BE8	0000	86
		_lcdWriteChar  		CODE           	12FBA	0000	20
		_lcdInit       		CODE           	12410	0000	226

lcd.c estimated size: 558

