Microchip MPLAB XC8 Compiler V1.31 ()

Linker command line:

--edf=C:\Program Files\Microchip\xc8\v1.31\dat\en_msgs.txt -cs \
  -h+dist/default/production\Roberino.production.sym \
  --cmf=dist/default/production\Roberino.production.cmf -z -Q18F47J53 \
  -oC:\Users\Harpal\AppData\Local\Temp\s3bs.6 \
  -Mdist/default/production/Roberino.production.map -E1 -ver=XC8 \
  -ASTACK=017Dh-09ffh -pstack=STACK -ACODE=00h-01FFF7h -ACONST=00h-01FFF7h \
  -ASMALLCONST=0F00h-0FFFhx496,01FF00h-01FFF7h \
  -AMEDIUMCONST=0F00h-0FFFFh,010F00h-01FFF7h -ACOMRAM=01h-05Fh \
  -AABS1=00h-0EAFh -ABIGRAM=01h-0EAFh \
  -ARAM=060h-0FFh,0100h-01FFhx13,0E00h-0EAFh -ABANK0=060h-0FFh \
  -ABANK1=0100h-01FFh -ABANK2=0200h-02FFh -ABANK3=0300h-03FFh \
  -ABANK4=0400h-04FFh -ABANK5=0500h-05FFh -ABANK6=0600h-06FFh \
  -ABANK7=0700h-07FFh -ABANK8=0800h-08FFh -ABANK9=0900h-09FFh \
  -ABANK10=0A00h-0AFFh -ABANK11=0B00h-0BFFh -ABANK12=0C00h-0CFFh \
  -ABANK13=0D00h-0DFFh -ABANK14=0E00h-0EAFh \
  -ASFR=0EB0h-0EFFh,0F00h-0F5Fh,0F60h-0FFFh \
  -preset_vec=00h,intcode=08h,intcodelo,powerup,init,end_init \
  -pramtop=0F00h -psmallconst=SMALLCONST -pmediumconst=MEDIUMCONST \
  -pconst=CONST -AFARRAM=00h-00h -ACONFIG=01FFF8h-01FFFFh -pconfig=CONFIG \
  -pjflash_buffer=01F800h \
  -prdata=COMRAM,nvrram=COMRAM,nvbit=COMRAM,rbss=COMRAM,rbit=COMRAM \
  -pfarbss=FARRAM,fardata=FARRAM,nvFARRAM=FARRAM \
  -pintsave_regs=BIGRAM,bigbss=BIGRAM,bigdata=BIGRAM -pbss=RAM \
  -pidata=CODE,irdata=CODE,ibigdata=CODE,ifardata=CODE \
  C:\Users\Harpal\AppData\Local\Temp\s3bs.obj \
  dist/default/production\Roberino.production.obj 

Object code version is 3.11

Machine type is 18F47J53

Call graph: (short form)




                Name                               Link     Load   Length Selector   Space Scale
C:\Users\Harpal\AppData\Local\Temp\s3bs.obj
                end_init                             90       90        4        4       0
                reset_vec                             0        0        4        0       0
                config                            1FFF8    1FFF8        8    1FFF8       0
dist/default/production\Roberino.production.obj
                intcode                               8        8       88        4       0
                smallconst                          F00      F00       D2      780       0
                text77                             63D4     63D4       A8      7E9       0
                text76                             6F92     6F92       2C      7E9       0
                text75                             5FBA     5FBA       E6      7E9       0
                text74                             5CD8     5CD8       F8      7E9       0
                text73                             6A6C     6A6C       5E      7E9       0
                text72                             625A     625A       CA      7E9       0
                text71                             6F64     6F64       2E      7E9       0
                text70                             4968     4968      1B8      7E9       0
                text69                             6B78     6B78       46      7E9       0
                text68                             66E2     66E2       90      7E9       0
                text67                             5BD8     5BD8      100      7E9       0
                text66                             6F32     6F32       32      7E9       0
                text65                             7044     7044       16      7E9       0
                text64                             6C46     6C46       44      7E9       0
                text63                             7076     7076        8      7E9       0
                text62                             6C02     6C02       44      7E9       0
                text61                             705A     705A       14      7E9       0
                text60                             6B22     6B22       56      7E9       0
                text59                             6E4C     6E4C       3C      7E9       0
                text58                             6E10     6E10       3C      7E9       0
                text57                             6EFC     6EFC       36      7E9       0
                text56                             6DD4     6DD4       3C      7E9       0
                text55                             6FE8     6FE8       26      7E9       0
                text54                             5DD0     5DD0       F6      7E9       0
                text53                             6772     6772       86      7E9       0
                text52                             687A     687A       6A      7E9       0
                text51                             68E4     68E4       64      7E9       0
                text50                             5002     5002      16C      7E9       0
                text49                             565A     565A      136      7E9       0
                text48                             6324     6324       B0      7E9       0
                text47                             6518     6518       9C      7E9       0
                text46                             6EC2     6EC2       3A      7E9       0
                text45                             3EC2     3EC2      278      7E9       0
                text44                             6FBE     6FBE       2A      7E9       0
                text43                             313C     313C      452      7E9       0
                text42                             1E14     1E14      CCA      7E9       0
                text41                             58B0     58B0      110      7E9       0
                text39                             6D92     6D92       42      7E9       0
                text38                             700E     700E       1E      7E9       0
                text37                             6ACA     6ACA       58      7E9       0
                text36                             706E     706E        8      7E9       0
                text35                             6A0C     6A0C       60      7E9       0
                text34                             702C     702C       18      7E9       0
                text33                             516E     516E      144      7E9       0
                text32                             69AA     69AA       62      7E9       0
                text31                             65B4     65B4       98      7E9       0
                text30                             5790     5790      120      7E9       0
                text29                             53EC     53EC      138      7E9       0
                text28                             52B2     52B2      13A      7E9       0
                text27                             3918     3918      32C      7E9       0
                text26                             6D50     6D50       42      7E9       0
                text25                             67F8     67F8       82      7E9       0
                text24                             4B20     4B20      1B2      7E9       0
                text23                             4790     4790      1D8      7E9       0
                text22                             60A0     60A0       E4      7E9       0
                text21                             4E7A     4E7A      188      7E9       0
                text20                             4374     4374      212      7E9       0
                text19                             6D0E     6D0E       42      7E9       0
                text18                             6CCC     6CCC       42      7E9       0
                text17                             6C8A     6C8A       42      7E9       0
                text16                             5EC6     5EC6       F4      7E9       0
                text15                             6E88     6E88       3A      7E9       0
                text14                             4CD2     4CD2      1A8      7E9       0
                text13                             5ACE     5ACE      10A      7E9       0
                text12                             6184     6184       D6      7E9       0
                text11                             647C     647C       9C      7E9       0
                text10                             3C44     3C44      27E      7E9       0
                text9                              413A     413A      23A      7E9       0
                text8                              5524     5524      136      7E9       0
                text7                              59C0     59C0      10E      7E9       0
                text6                              6948     6948       62      7E9       0
                text5                              358E     358E      38A      7E9       0
                text4                              6BBE     6BBE       44      7E9       0
                text3                              2ADE     2ADE      65E      7E9       0
                text2                               FD2      FD2      E42      7E9       0
                text1                              664C     664C       96      7E9       0
                text0                              4586     4586      20A      7E9       0
                cstackCOMRAM                          1        1       5D        1       1
                cstackBANK0                          60       60       63       60       1
                cstackBANK1                         100      100       7D      100       1
                cinit                              707E     707E        6      7E9       0

TOTAL           Name                               Link     Load   Length     Space
        CLASS   STACK          

        CLASS   CODE           
                end_init                             90       90        4         0
                intcode                               8        8       88         0
                reset_vec                             0        0        4         0
                text77                             63D4     63D4       A8         0
                text76                             6F92     6F92       2C         0
                text75                             5FBA     5FBA       E6         0
                text74                             5CD8     5CD8       F8         0
                text73                             6A6C     6A6C       5E         0
                text72                             625A     625A       CA         0
                text71                             6F64     6F64       2E         0
                text70                             4968     4968      1B8         0
                text69                             6B78     6B78       46         0
                text68                             66E2     66E2       90         0
                text67                             5BD8     5BD8      100         0
                text66                             6F32     6F32       32         0
                text65                             7044     7044       16         0
                text64                             6C46     6C46       44         0
                text63                             7076     7076        8         0
                text62                             6C02     6C02       44         0
                text61                             705A     705A       14         0
                text60                             6B22     6B22       56         0
                text59                             6E4C     6E4C       3C         0
                text58                             6E10     6E10       3C         0
                text57                             6EFC     6EFC       36         0
                text56                             6DD4     6DD4       3C         0
                text55                             6FE8     6FE8       26         0
                text54                             5DD0     5DD0       F6         0
                text53                             6772     6772       86         0
                text52                             687A     687A       6A         0
                text51                             68E4     68E4       64         0
                text50                             5002     5002      16C         0
                text49                             565A     565A      136         0
                text48                             6324     6324       B0         0
                text47                             6518     6518       9C         0
                text46                             6EC2     6EC2       3A         0
                text45                             3EC2     3EC2      278         0
                text44                             6FBE     6FBE       2A         0
                text43                             313C     313C      452         0
                text42                             1E14     1E14      CCA         0
                text41                             58B0     58B0      110         0
                text39                             6D92     6D92       42         0
                text38                             700E     700E       1E         0
                text37                             6ACA     6ACA       58         0
                text36                             706E     706E        8         0
                text35                             6A0C     6A0C       60         0
                text34                             702C     702C       18         0
                text33                             516E     516E      144         0
                text32                             69AA     69AA       62         0
                text31                             65B4     65B4       98         0
                text30                             5790     5790      120         0
                text29                             53EC     53EC      138         0
                text28                             52B2     52B2      13A         0
                text27                             3918     3918      32C         0
                text26                             6D50     6D50       42         0
                text25                             67F8     67F8       82         0
                text24                             4B20     4B20      1B2         0
                text23                             4790     4790      1D8         0
                text22                             60A0     60A0       E4         0
                text21                             4E7A     4E7A      188         0
                text20                             4374     4374      212         0
                text19                             6D0E     6D0E       42         0
                text18                             6CCC     6CCC       42         0
                text17                             6C8A     6C8A       42         0
                text16                             5EC6     5EC6       F4         0
                text15                             6E88     6E88       3A         0
                text14                             4CD2     4CD2      1A8         0
                text13                             5ACE     5ACE      10A         0
                text12                             6184     6184       D6         0
                text11                             647C     647C       9C         0
                text10                             3C44     3C44      27E         0
                text9                              413A     413A      23A         0
                text8                              5524     5524      136         0
                text7                              59C0     59C0      10E         0
                text6                              6948     6948       62         0
                text5                              358E     358E      38A         0
                text4                              6BBE     6BBE       44         0
                text3                              2ADE     2ADE      65E         0
                text2                               FD2      FD2      E42         0
                text1                              664C     664C       96         0
                text0                              4586     4586      20A         0
                cinit                              707E     707E        6         0

        CLASS   CONST          

        CLASS   SMALLCONST     
                smallconst                          F00      F00       D2         0

        CLASS   MEDIUMCONST    

        CLASS   COMRAM         
                cstackCOMRAM                          1        1       5D         1

        CLASS   ABS1           

        CLASS   BIGRAM         

        CLASS   RAM            

        CLASS   BANK0          
                cstackBANK0                          60       60       63         1

        CLASS   BANK1          
                cstackBANK1                         100      100       7D         1

        CLASS   BANK2          

        CLASS   BANK3          

        CLASS   BANK4          

        CLASS   BANK5          

        CLASS   BANK6          

        CLASS   BANK7          

        CLASS   BANK8          

        CLASS   BANK9          

        CLASS   BANK10         

        CLASS   BANK11         

        CLASS   BANK12         

        CLASS   BANK13         

        CLASS   BANK14         

        CLASS   SFR            

        CLASS   FARRAM         

        CLASS   CONFIG         
                config                            1FFF8    1FFF8        8         0

        CLASS   IDLOC          



SEGMENTS        Name                           Load    Length   Top    Selector   Space  Class

                reset_vec                      000000  000004  000004         0       0  CODE    
                cstackCOMRAM                   000001  00005D  00005E         1       1  COMRAM  
                intcode                        000008  00008C  000094         4       0  CODE    
                cstackBANK0                    000060  000063  0000C3        60       1  BANK0   
                cstackBANK1                    000100  00007D  00017D       100       1  BANK1   
                smallconst                     000F00  0000D2  000FD2       780       0  SMALLCON
                text2                          000FD2  0060B2  007084       7E9       0  CODE    
                config                         01FFF8  000008  020000     1FFF8       0  CONFIG  


UNUSED ADDRESS RANGES

        Name                Unused          Largest block    Delta
        BANK0            000C3-000FF              3D
        BANK1            0017D-001FF              83
        BANK10           00A00-00AFF             100
        BANK11           00B00-00BFF             100
        BANK12           00C00-00CFF             100
        BANK13           00D00-00DFF             100
        BANK14           00E00-00EAF              B0
        BANK2            00200-002FF             100
        BANK3            00300-003FF             100
        BANK4            00400-004FF             100
        BANK5            00500-005FF             100
        BANK6            00600-006FF             100
        BANK7            00700-007FF             100
        BANK8            00800-008FF             100
        BANK9            00900-009FF             100
        BIGRAM           0005E-0005F               2
                         000C3-000FF              3D
                         0017D-00EAF             D33
        CODE             00004-00007               4
                         00094-00EFF             E6C
                         07084-1FFF7           18F74
        COMRAM           0005E-0005F               2
        CONST            00004-00007               4
                         00094-00EFF             E6C
                         07084-1FFF7           18F74
        MEDIUMCONST      07084-0FFFF            8F7C
                         10F00-1FFF7            F0F8
        RAM              000C3-000FF              3D
                         0017D-00EAF             100
        SFR              00EB0-00FFF              60
        SMALLCONST       07084-1FFF7             100
        STACK            0017D-009FF             883

                                  Symbol Table

?___awdiv                        cstackBANK0   000A4
?___awmod                        cstackBANK0   0009D
?___awtoft                       cstackBANK0   000A5
?___ftadd                        cstackBANK1   00100
?___ftdiv                        cstackBANK1   0010C
?___ftmul                        cstackBANK0   000B3
?___ftneg                        cstackBANK0   0009D
?___ftpack                       cstackBANK0   0009D
?___ftsub                        cstackBANK1   0010C
?___fttol                        cstackBANK1   00107
?___lldiv                        cstackBANK0   0009D
?___llmod                        cstackBANK0   000AB
?___lltoft                       cstackBANK0   000A5
?___lwtoft                       cstackCOMRAM  00009
?___wmul                         cstackBANK0   000AD
?__div_to_l_                     cstackBANK0   0009D
?__tdiv_to_l_                    cstackBANK0   0009D
?_fround                         cstackBANK1   00100
?_pointToVoltage                 cstackCOMRAM  00035
?_read                           cstackBANK0   0009D
?_readDistance                   cstackBANK1   00126
?_readTempF                      cstackBANK1   0011B
?_read_accelerometer             cstackCOMRAM  0003B
?_scale                          cstackBANK1   00100
?_single_axis_measure            cstackCOMRAM  00040
?_sprintf                        cstackBANK1   00139
?_voltageToG                     cstackCOMRAM  00035
?i2___awdiv                      cstackCOMRAM  00008
?i2___awmod                      cstackCOMRAM  00001
?i2___ftadd                      cstackCOMRAM  00009
?i2___ftdiv                      cstackCOMRAM  00026
?i2___ftmul                      cstackCOMRAM  00017
?i2___ftneg                      cstackCOMRAM  00001
?i2___ftpack                     cstackCOMRAM  00001
?i2___ftsub                      cstackCOMRAM  00015
?i2___fttol                      cstackCOMRAM  0002D
?i2___lldiv                      cstackCOMRAM  00001
?i2___llmod                      cstackCOMRAM  0000F
?i2___lltoft                     cstackCOMRAM  00009
?i2___wmul                       cstackCOMRAM  00011
?i2__div_to_l_                   cstackCOMRAM  00001
?i2__tdiv_to_l_                  cstackCOMRAM  00001
?i2_fround                       cstackCOMRAM  00026
?i2_read                         cstackCOMRAM  00001
?i2_scale                        cstackCOMRAM  00026
?i2_sprintf                      cstackCOMRAM  00050
_ADCON0bits                      (abs)         00FC2
_ADCON1bits                      (abs)         00FC1
_ADRESH                          (abs)         00FC4
_ADRESL                          (abs)         00FC3
_ANCON0                          (abs)         00F48
_ANCON1                          (abs)         00F49
_GO_DONE                         (abs)         07E11
_INTCON3bits                     (abs)         00FF0
_INTCONbits                      (abs)         00FF2
_ISR                             intcode       00008
_LATBbits                        (abs)         00F8A
_LATDbits                        (abs)         00F8C
_LATEbits                        (abs)         00F8D
_PORTBbits                       (abs)         00F81
_RB2                             (abs)         07C0A
_T1CONbits                       (abs)         00FCD
_TMR1H                           (abs)         00FCF
_TMR1L                           (abs)         00FCE
_TRISA                           (abs)         00F92
_TRISB                           (abs)         00F93
_TRISD                           (abs)         00F95
_TRISDbits                       (abs)         00F95
_TRISEbits                       (abs)         00F96
__CFG_ADCSEL$BIT12               (abs)         00000
__CFG_CFGPLLEN$OFF               (abs)         00000
__CFG_CLKOEC$OFF                 (abs)         00000
__CFG_CP0$OFF                    (abs)         00000
__CFG_CPUDIV$OSC1                (abs)         00000
__CFG_DSBOREN$ON                 (abs)         00000
__CFG_DSWDTEN$OFF                (abs)         00000
__CFG_DSWDTOSC$INTOSCREF         (abs)         00000
__CFG_DSWDTPS$G2                 (abs)         00000
__CFG_FCMEN$ON                   (abs)         00000
__CFG_IESO$ON                    (abs)         00000
__CFG_IOL1WAY$OFF                (abs)         00000
__CFG_LS48MHZ$SYS48X8            (abs)         00000
__CFG_MSSP7B_EN$MSK7             (abs)         00000
__CFG_OSC$HS                     (abs)         00000
__CFG_PLLDIV$1                   (abs)         00000
__CFG_RTCOSC$T1OSCREF            (abs)         00000
__CFG_SOSCSEL$HIGH               (abs)         00000
__CFG_STVREN$OFF                 (abs)         00000
__CFG_WDTEN$OFF                  (abs)         00000
__CFG_WDTPS$32768                (abs)         00000
__CFG_WPCFG$OFF                  (abs)         00000
__CFG_WPDIS$OFF                  (abs)         00000
__CFG_WPEND$PAGE_WPFP            (abs)         00000
__CFG_WPFP$PAGE_127              (abs)         00000
__CFG_XINST$OFF                  (abs)         00000
__HRAM                           (abs)         00000
__Habs1                          abs1          00000
__Hbank0                         bank0         00000
__Hbank1                         bank1         00000
__Hbank10                        bank10        00000
__Hbank11                        bank11        00000
__Hbank12                        bank12        00000
__Hbank13                        bank13        00000
__Hbank14                        bank14        00000
__Hbank2                         bank2         00000
__Hbank3                         bank3         00000
__Hbank4                         bank4         00000
__Hbank5                         bank5         00000
__Hbank6                         bank6         00000
__Hbank7                         bank7         00000
__Hbank8                         bank8         00000
__Hbank9                         bank9         00000
__Hbigbss                        bigbss        00000
__Hbigdata                       bigdata       00000
__Hbigram                        bigram        00000
__Hbss                           bss           00000
__Hcinit                         cinit         00000
__Hclrtext                       clrtext       00000
__Hcomram                        comram        00000
__Hconfig                        config        20000
__Hconst                         const         00000
__HcstackBANK0                   cstackBANK0   00000
__HcstackBANK1                   cstackBANK1   00000
__HcstackCOMRAM                  cstackCOMRAM  00000
__Hdata                          data          00000
__Hend_init                      end_init      00094
__Hfarbss                        farbss        00000
__Hfardata                       fardata       00000
__Hibigdata                      ibigdata      00000
__Hidata                         idata         00000
__Hidloc                         idloc         00000
__Hifardata                      ifardata      00000
__Hinit                          init          00090
__Hintcode                       intcode       00090
__Hintcode_body                  intcode_body  00000
__Hintcodelo                     intcodelo     00090
__Hintentry                      intentry      00000
__Hintret                        intret        00000
__Hintsave_regs                  intsave_regs  00000
__Hirdata                        irdata        00000
__Hjflash_buffer                 jflash_buffer 1F800
__Hmediumconst                   mediumconst   00000
__HnvFARRAM                      nvFARRAM      00000
__Hnvbit                         nvbit         00000
__Hnvrram                        nvrram        00000
__Hparam                         rparam        00000
__Hpowerup                       powerup       00090
__Hram                           ram           00000
__Hramtop                        ramtop        00F00
__Hrbit                          rbit          00000
__Hrbss                          rbss          00000
__Hrdata                         rdata         00000
__Hreset_vec                     reset_vec     00004
__Hrparam                        rparam        00000
__Hsfr                           sfr           00000
__Hsmallconst                    smallconst    00FD2
__Hstack                         stack         00000
__Hstruct                        struct        00000
__Htemp                          temp          00000
__Htext                          text          00000
__Htext0                         text0         00000
__Htext1                         text1         00000
__Htext10                        text10        00000
__Htext11                        text11        00000
__Htext12                        text12        00000
__Htext13                        text13        00000
__Htext14                        text14        00000
__Htext15                        text15        00000
__Htext16                        text16        00000
__Htext17                        text17        00000
__Htext18                        text18        00000
__Htext19                        text19        00000
__Htext2                         text2         00000
__Htext20                        text20        00000
__Htext21                        text21        00000
__Htext22                        text22        00000
__Htext23                        text23        00000
__Htext24                        text24        00000
__Htext25                        text25        00000
__Htext26                        text26        00000
__Htext27                        text27        00000
__Htext28                        text28        00000
__Htext29                        text29        00000
__Htext3                         text3         00000
__Htext30                        text30        00000
__Htext31                        text31        00000
__Htext32                        text32        00000
__Htext33                        text33        00000
__Htext34                        text34        00000
__Htext35                        text35        00000
__Htext36                        text36        00000
__Htext37                        text37        00000
__Htext38                        text38        00000
__Htext39                        text39        00000
__Htext4                         text4         00000
__Htext41                        text41        00000
__Htext42                        text42        00000
__Htext43                        text43        00000
__Htext44                        text44        00000
__Htext45                        text45        00000
__Htext46                        text46        00000
__Htext47                        text47        00000
__Htext48                        text48        00000
__Htext49                        text49        00000
__Htext5                         text5         00000
__Htext50                        text50        00000
__Htext51                        text51        00000
__Htext52                        text52        00000
__Htext53                        text53        00000
__Htext54                        text54        00000
__Htext55                        text55        00000
__Htext56                        text56        00000
__Htext57                        text57        00000
__Htext58                        text58        00000
__Htext59                        text59        00000
__Htext6                         text6         00000
__Htext60                        text60        00000
__Htext61                        text61        00000
__Htext62                        text62        00000
__Htext63                        text63        00000
__Htext64                        text64        00000
__Htext65                        text65        00000
__Htext66                        text66        00000
__Htext67                        text67        00000
__Htext68                        text68        00000
__Htext69                        text69        00000
__Htext7                         text7         00000
__Htext70                        text70        00000
__Htext71                        text71        00000
__Htext72                        text72        00000
__Htext73                        text73        00000
__Htext74                        text74        00000
__Htext75                        text75        00000
__Htext76                        text76        00000
__Htext77                        text77        00000
__Htext8                         text8         00000
__Htext9                         text9         00000
__LRAM                           (abs)         00001
__Labs1                          abs1          00000
__Lbank0                         bank0         00000
__Lbank1                         bank1         00000
__Lbank10                        bank10        00000
__Lbank11                        bank11        00000
__Lbank12                        bank12        00000
__Lbank13                        bank13        00000
__Lbank14                        bank14        00000
__Lbank2                         bank2         00000
__Lbank3                         bank3         00000
__Lbank4                         bank4         00000
__Lbank5                         bank5         00000
__Lbank6                         bank6         00000
__Lbank7                         bank7         00000
__Lbank8                         bank8         00000
__Lbank9                         bank9         00000
__Lbigbss                        bigbss        00000
__Lbigdata                       bigdata       00000
__Lbigram                        bigram        00000
__Lbss                           bss           00000
__Lcinit                         cinit         00000
__Lclrtext                       clrtext       00000
__Lcomram                        comram        00000
__Lconfig                        config        1FFF8
__Lconst                         const         00000
__LcstackBANK0                   cstackBANK0   00000
__LcstackBANK1                   cstackBANK1   00000
__LcstackCOMRAM                  cstackCOMRAM  00000
__Ldata                          data          00000
__Lend_init                      end_init      00090
__Lfarbss                        farbss        00000
__Lfardata                       fardata       00000
__Libigdata                      ibigdata      00000
__Lidata                         idata         00000
__Lidloc                         idloc         00000
__Lifardata                      ifardata      00000
__Linit                          init          00090
__Lintcode                       intcode       00008
__Lintcode_body                  intcode_body  00000
__Lintcodelo                     intcodelo     00090
__Lintentry                      intentry      00000
__Lintret                        intret        00000
__Lintsave_regs                  intsave_regs  00000
__Lirdata                        irdata        00000
__Ljflash_buffer                 jflash_buffer 1F800
__Lmediumconst                   mediumconst   00000
__LnvFARRAM                      nvFARRAM      00000
__Lnvbit                         nvbit         00000
__Lnvrram                        nvrram        00000
__Lparam                         rparam        00000
__Lpowerup                       powerup       00090
__Lram                           ram           00000
__Lramtop                        ramtop        00F00
__Lrbit                          rbit          00000
__Lrbss                          rbss          00000
__Lrdata                         rdata         00000
__Lreset_vec                     reset_vec     00000
__Lrparam                        rparam        00000
__Lsfr                           sfr           00000
__Lsmallconst                    smallconst    00F00
__Lstack                         stack         00000
__Lstruct                        struct        00000
__Ltemp                          temp          00000
__Ltext                          text          00000
__Ltext0                         text0         00000
__Ltext1                         text1         00000
__Ltext10                        text10        00000
__Ltext11                        text11        00000
__Ltext12                        text12        00000
__Ltext13                        text13        00000
__Ltext14                        text14        00000
__Ltext15                        text15        00000
__Ltext16                        text16        00000
__Ltext17                        text17        00000
__Ltext18                        text18        00000
__Ltext19                        text19        00000
__Ltext2                         text2         00000
__Ltext20                        text20        00000
__Ltext21                        text21        00000
__Ltext22                        text22        00000
__Ltext23                        text23        00000
__Ltext24                        text24        00000
__Ltext25                        text25        00000
__Ltext26                        text26        00000
__Ltext27                        text27        00000
__Ltext28                        text28        00000
__Ltext29                        text29        00000
__Ltext3                         text3         00000
__Ltext30                        text30        00000
__Ltext31                        text31        00000
__Ltext32                        text32        00000
__Ltext33                        text33        00000
__Ltext34                        text34        00000
__Ltext35                        text35        00000
__Ltext36                        text36        00000
__Ltext37                        text37        00000
__Ltext38                        text38        00000
__Ltext39                        text39        00000
__Ltext4                         text4         00000
__Ltext41                        text41        00000
__Ltext42                        text42        00000
__Ltext43                        text43        00000
__Ltext44                        text44        00000
__Ltext45                        text45        00000
__Ltext46                        text46        00000
__Ltext47                        text47        00000
__Ltext48                        text48        00000
__Ltext49                        text49        00000
__Ltext5                         text5         00000
__Ltext50                        text50        00000
__Ltext51                        text51        00000
__Ltext52                        text52        00000
__Ltext53                        text53        00000
__Ltext54                        text54        00000
__Ltext55                        text55        00000
__Ltext56                        text56        00000
__Ltext57                        text57        00000
__Ltext58                        text58        00000
__Ltext59                        text59        00000
__Ltext6                         text6         00000
__Ltext60                        text60        00000
__Ltext61                        text61        00000
__Ltext62                        text62        00000
__Ltext63                        text63        00000
__Ltext64                        text64        00000
__Ltext65                        text65        00000
__Ltext66                        text66        00000
__Ltext67                        text67        00000
__Ltext68                        text68        00000
__Ltext69                        text69        00000
__Ltext7                         text7         00000
__Ltext70                        text70        00000
__Ltext71                        text71        00000
__Ltext72                        text72        00000
__Ltext73                        text73        00000
__Ltext74                        text74        00000
__Ltext75                        text75        00000
__Ltext76                        text76        00000
__Ltext77                        text77        00000
__Ltext8                         text8         00000
__Ltext9                         text9         00000
__S0                             (abs)         20000
__S1                             (abs)         0017D
__S2                             (abs)         00000
___asftadd                       text26        06D50
___asftadd@f1p                   cstackBANK1   0010C
___asftadd@f2                    cstackBANK1   0010E
___asftmul                       text19        06D0E
___asftmul@f1p                   cstackBANK1   00100
___asftmul@f2                    cstackBANK1   00102
___asftsub                       text17        06C8A
___asftsub@f1p                   cstackBANK1   00112
___asftsub@f2                    cstackBANK1   00114
___awdiv                         text8         05524
___awdiv@counter                 cstackBANK0   000A9
___awdiv@dividend                cstackBANK0   000A4
___awdiv@divisor                 cstackBANK0   000A6
___awdiv@quotient                cstackBANK0   000AB
___awdiv@sign                    cstackBANK0   000AA
___awmod                         text7         059C0
___awmod@counter                 cstackBANK0   000A2
___awmod@dividend                cstackBANK0   0009D
___awmod@divisor                 cstackBANK0   0009F
___awmod@sign                    cstackBANK0   000A3
___awtoft                        text25        067F8
___awtoft@c                      cstackBANK0   000A5
___awtoft@sign                   cstackBANK0   000A9
___ftadd                         text27        03918
___ftadd@exp1                    cstackBANK1   0010B
___ftadd@exp2                    cstackBANK1   0010A
___ftadd@f1                      cstackBANK1   00100
___ftadd@f2                      cstackBANK1   00103
___ftadd@sign                    cstackBANK1   00109
___ftdiv                         text24        04B20
___ftdiv@cntr                    cstackBANK1   00115
___ftdiv@exp                     cstackBANK1   00119
___ftdiv@f1                      cstackBANK1   0010C
___ftdiv@f2                      cstackBANK1   0010F
___ftdiv@f3                      cstackBANK1   00116
___ftdiv@sign                    cstackBANK1   0011A
___ftge                          text16        05EC6
___ftge@ff1                      cstackBANK0   0009D
___ftge@ff2                      cstackBANK0   000A0
___ftmul                         text23        04790
___ftmul@cntr                    cstackBANK0   000C0
___ftmul@exp                     cstackBANK0   000BC
___ftmul@f1                      cstackBANK0   000B3
___ftmul@f2                      cstackBANK0   000B6
___ftmul@f3_as_product           cstackBANK0   000BD
___ftmul@sign                    cstackBANK0   000C1
___ftneg                         text15        06E88
___ftneg@f1                      cstackBANK0   0009D
___ftpack                        text28        052B2
___ftpack@arg                    cstackBANK0   0009D
___ftpack@exp                    cstackBANK0   000A0
___ftpack@sign                   cstackBANK0   000A1
___ftsub                         text18        06CCC
___ftsub@f1                      cstackBANK1   0010C
___ftsub@f2                      cstackBANK1   0010F
___fttol                         text14        04CD2
___fttol@exp1                    cstackBANK1   00115
___fttol@f1                      cstackBANK1   00107
___fttol@lval                    cstackBANK1   00111
___fttol@sign1                   cstackBANK1   00110
___inthi_sp                      stack         00000
___intlo_sp                      stack         00000
___lldiv                         text13        05ACE
___lldiv@counter                 cstackBANK0   000AA
___lldiv@dividend                cstackBANK0   0009D
___lldiv@divisor                 cstackBANK0   000A1
___lldiv@quotient                cstackBANK0   000A6
___llmod                         text12        06184
___llmod@counter                 cstackBANK0   000B4
___llmod@dividend                cstackBANK0   000AB
___llmod@divisor                 cstackBANK0   000AF
___lltoft                        text11        0647C
___lltoft@c                      cstackBANK0   000A5
___lltoft@exp                    cstackBANK0   000AD
___lwtoft                        text76        06F92
___lwtoft@c                      cstackCOMRAM  00009
___sp                            stack         00000
___wmul                          text6         06948
___wmul@multiplicand             cstackBANK0   000AF
___wmul@multiplier               cstackBANK0   000AD
___wmul@product                  cstackBANK0   000B1
__accesstop                      (abs)         00060
__activetblptr                   (abs)         00003
__div_to_l_                      text10        03C44
__div_to_l_@cntr                 cstackBANK0   000AB
__div_to_l_@exp1                 cstackBANK0   000AC
__div_to_l_@f1                   cstackBANK0   0009D
__div_to_l_@f2                   cstackBANK0   000A0
__div_to_l_@quot                 cstackBANK0   000A7
__end_of_ISR                     intcode       00090
__end_of___asftadd               text26        06D92
__end_of___asftmul               text19        06D50
__end_of___asftsub               text17        06CCC
__end_of___awdiv                 text8         0565A
__end_of___awmod                 text7         05ACE
__end_of___awtoft                text25        0687A
__end_of___ftadd                 text27        03C44
__end_of___ftdiv                 text24        04CD2
__end_of___ftge                  text16        05FBA
__end_of___ftmul                 text23        04968
__end_of___ftneg                 text15        06EC2
__end_of___ftpack                text28        053EC
__end_of___ftsub                 text18        06D0E
__end_of___fttol                 text14        04E7A
__end_of___lldiv                 text13        05BD8
__end_of___llmod                 text12        0625A
__end_of___lltoft                text11        06518
__end_of___lwtoft                text76        06FBE
__end_of___wmul                  text6         069AA
__end_of__div_to_l_              text10        03EC2
__end_of__initialization         cinit         0707E
__end_of__npowers_               smallconst    00F50
__end_of__powers_                smallconst    00F77
__end_of__stringdata             smallconst    00FD1
__end_of__tdiv_to_l_             text9         04374
__end_of_dpowers                 smallconst    00F29
__end_of_fround                  text5         03918
__end_of_intro                   text31        0664C
__end_of_isdigit                 text4         06C02
__end_of_lcdClean                text33        052B2
__end_of_lcdClear                text36        07076
__end_of_lcdInit                 text30        058B0
__end_of_lcdSetPos               text35        06A6C
__end_of_lcdWriteChar            text34        07044
__end_of_lcdWriteCmd             text37        06B22
__end_of_lcdWriteStrC            text32        06A0C
__end_of_main                    text0         04790
__end_of_pointToVoltage          text73        06ACA
__end_of_read                    text22        06184
__end_of_readDistance            text20        04586
__end_of_readTempF               text21        05002
__end_of_read_accelerometer      text71        06F92
__end_of_scale                   text3         0313C
__end_of_setServo                text29        05524
__end_of_showAccelerometerVal    text41        059C0
__end_of_showDistance            text1         066E2
__end_of_single_axis_measure     text67        05CD8
__end_of_sprintf                 text2         01E14
__end_of_voltageToG              text69        06BBE
__end_of_writeByte               text38        0702C
__end_of_writeDigit              text39        06DD4
__end_ofi2___asftadd             text59        06E88
__end_ofi2___asftmul             text58        06E4C
__end_ofi2___asftsub             text56        06E10
__end_ofi2___awdiv               text48        063D4
__end_ofi2___awmod               text47        065B4
__end_ofi2___ftadd               text70        04B20
__end_ofi2___ftdiv               text75        060A0
__end_ofi2___ftge                text68        06772
__end_ofi2___ftmul               text74        05DD0
__end_ofi2___ftneg               text55        0700E
__end_ofi2___ftpack              text77        0647C
__end_ofi2___ftsub               text57        06F32
__end_ofi2___fttol               text54        05EC6
__end_ofi2___lldiv               text53        067F8
__end_ofi2___llmod               text52        068E4
__end_ofi2___lltoft              text51        06948
__end_ofi2___wmul                text46        06EFC
__end_ofi2__div_to_l_            text50        0516E
__end_ofi2__tdiv_to_l_           text49        05790
__end_ofi2_fround                text45        0413A
__end_ofi2_isdigit               text44        06FE8
__end_ofi2_lcdClear              text63        0707E
__end_ofi2_lcdSetPos             text62        06C46
__end_ofi2_lcdWriteChar          text61        0706E
__end_ofi2_lcdWriteCmd           text64        06C8A
__end_ofi2_lcdWriteStrC          text60        06B78
__end_ofi2_read                  text72        06324
__end_ofi2_scale                 text43        0358E
__end_ofi2_sprintf               text42        02ADE
__end_ofi2_writeByte             text65        0705A
__end_ofi2_writeDigit            text66        06F64
__initialization                 cinit         0707E
__mediumconst                    mediumconst   00000
__npowers_                       smallconst    00F29
__pcinit                         cinit         0707E
__pcstackBANK0                   cstackBANK0   00060
__pcstackBANK1                   cstackBANK1   00100
__pcstackCOMRAM                  cstackCOMRAM  00001
__pintcode                       intcode       00008
__powers_                        smallconst    00F50
__psmallconst                    smallconst    00F00
__ptext0                         text0         04586
__ptext1                         text1         0664C
__ptext10                        text10        03C44
__ptext11                        text11        0647C
__ptext12                        text12        06184
__ptext13                        text13        05ACE
__ptext14                        text14        04CD2
__ptext15                        text15        06E88
__ptext16                        text16        05EC6
__ptext17                        text17        06C8A
__ptext18                        text18        06CCC
__ptext19                        text19        06D0E
__ptext2                         text2         00FD2
__ptext20                        text20        04374
__ptext21                        text21        04E7A
__ptext22                        text22        060A0
__ptext23                        text23        04790
__ptext24                        text24        04B20
__ptext25                        text25        067F8
__ptext26                        text26        06D50
__ptext27                        text27        03918
__ptext28                        text28        052B2
__ptext29                        text29        053EC
__ptext3                         text3         02ADE
__ptext30                        text30        05790
__ptext31                        text31        065B4
__ptext32                        text32        069AA
__ptext33                        text33        0516E
__ptext34                        text34        0702C
__ptext35                        text35        06A0C
__ptext36                        text36        0706E
__ptext37                        text37        06ACA
__ptext38                        text38        0700E
__ptext39                        text39        06D92
__ptext4                         text4         06BBE
__ptext41                        text41        058B0
__ptext42                        text42        01E14
__ptext43                        text43        0313C
__ptext44                        text44        06FBE
__ptext45                        text45        03EC2
__ptext46                        text46        06EC2
__ptext47                        text47        06518
__ptext48                        text48        06324
__ptext49                        text49        0565A
__ptext5                         text5         0358E
__ptext50                        text50        05002
__ptext51                        text51        068E4
__ptext52                        text52        0687A
__ptext53                        text53        06772
__ptext54                        text54        05DD0
__ptext55                        text55        06FE8
__ptext56                        text56        06DD4
__ptext57                        text57        06EFC
__ptext58                        text58        06E10
__ptext59                        text59        06E4C
__ptext6                         text6         06948
__ptext60                        text60        06B22
__ptext61                        text61        0705A
__ptext62                        text62        06C02
__ptext63                        text63        07076
__ptext64                        text64        06C46
__ptext65                        text65        07044
__ptext66                        text66        06F32
__ptext67                        text67        05BD8
__ptext68                        text68        066E2
__ptext69                        text69        06B78
__ptext7                         text7         059C0
__ptext70                        text70        04968
__ptext71                        text71        06F64
__ptext72                        text72        0625A
__ptext73                        text73        06A6C
__ptext74                        text74        05CD8
__ptext75                        text75        05FBA
__ptext76                        text76        06F92
__ptext77                        text77        063D4
__ptext8                         text8         05524
__ptext9                         text9         0413A
__ramtop                         ramtop        00F00
__size_of_ISR                    (abs)         00000
__size_of___asftadd              (abs)         00000
__size_of___asftmul              (abs)         00000
__size_of___asftsub              (abs)         00000
__size_of___awdiv                (abs)         00000
__size_of___awmod                (abs)         00000
__size_of___awtoft               (abs)         00000
__size_of___ftadd                (abs)         00000
__size_of___ftdiv                (abs)         00000
__size_of___ftge                 (abs)         00000
__size_of___ftmul                (abs)         00000
__size_of___ftneg                (abs)         00000
__size_of___ftpack               (abs)         00000
__size_of___ftsub                (abs)         00000
__size_of___fttol                (abs)         00000
__size_of___lldiv                (abs)         00000
__size_of___llmod                (abs)         00000
__size_of___lltoft               (abs)         00000
__size_of___lwtoft               (abs)         00000
__size_of___wmul                 (abs)         00000
__size_of__div_to_l_             (abs)         00000
__size_of__tdiv_to_l_            (abs)         00000
__size_of_fround                 (abs)         00000
__size_of_intro                  (abs)         00000
__size_of_isdigit                (abs)         00000
__size_of_lcdClean               (abs)         00000
__size_of_lcdClear               (abs)         00000
__size_of_lcdInit                (abs)         00000
__size_of_lcdSetPos              (abs)         00000
__size_of_lcdWriteChar           (abs)         00000
__size_of_lcdWriteCmd            (abs)         00000
__size_of_lcdWriteStrC           (abs)         00000
__size_of_main                   (abs)         00000
__size_of_pointToVoltage         (abs)         00000
__size_of_read                   (abs)         00000
__size_of_readDistance           (abs)         00000
__size_of_readTempF              (abs)         00000
__size_of_read_accelerometer     (abs)         00000
__size_of_scale                  (abs)         00000
__size_of_setServo               (abs)         00000
__size_of_showAccelerometerVal   (abs)         00000
__size_of_showDistance           (abs)         00000
__size_of_single_axis_measure    (abs)         00000
__size_of_sprintf                (abs)         00000
__size_of_voltageToG             (abs)         00000
__size_of_writeByte              (abs)         00000
__size_of_writeDigit             (abs)         00000
__size_ofi2___asftadd            (abs)         00000
__size_ofi2___asftmul            (abs)         00000
__size_ofi2___asftsub            (abs)         00000
__size_ofi2___awdiv              (abs)         00000
__size_ofi2___awmod              (abs)         00000
__size_ofi2___ftadd              (abs)         00000
__size_ofi2___ftdiv              (abs)         00000
__size_ofi2___ftge               (abs)         00000
__size_ofi2___ftmul              (abs)         00000
__size_ofi2___ftneg              (abs)         00000
__size_ofi2___ftpack             (abs)         00000
__size_ofi2___ftsub              (abs)         00000
__size_ofi2___fttol              (abs)         00000
__size_ofi2___lldiv              (abs)         00000
__size_ofi2___llmod              (abs)         00000
__size_ofi2___lltoft             (abs)         00000
__size_ofi2___wmul               (abs)         00000
__size_ofi2__div_to_l_           (abs)         00000
__size_ofi2__tdiv_to_l_          (abs)         00000
__size_ofi2_fround               (abs)         00000
__size_ofi2_isdigit              (abs)         00000
__size_ofi2_lcdClear             (abs)         00000
__size_ofi2_lcdSetPos            (abs)         00000
__size_ofi2_lcdWriteChar         (abs)         00000
__size_ofi2_lcdWriteCmd          (abs)         00000
__size_ofi2_lcdWriteStrC         (abs)         00000
__size_ofi2_read                 (abs)         00000
__size_ofi2_scale                (abs)         00000
__size_ofi2_sprintf              (abs)         00000
__size_ofi2_writeByte            (abs)         00000
__size_ofi2_writeDigit           (abs)         00000
__smallconst                     smallconst    00F00
__stringdata                     smallconst    00F77
__tdiv_to_l_                     text9         0413A
__tdiv_to_l_@cntr                cstackBANK0   000AA
__tdiv_to_l_@exp1                cstackBANK0   000AB
__tdiv_to_l_@f1                  cstackBANK0   0009D
__tdiv_to_l_@f2                  cstackBANK0   000A0
__tdiv_to_l_@quot                cstackBANK0   000A6
_dpowers                         smallconst    00F01
_fround                          text5         0358E
_fround$1690                     cstackBANK1   00106
_fround$1691                     cstackBANK1   00103
_intro                           text31        065B4
_isdigit                         text4         06BBE
_isdigit$1329                    cstackBANK0   0009E
_lcdClean                        text33        0516E
_lcdClear                        text36        0706E
_lcdInit                         text30        05790
_lcdSetPos                       text35        06A0C
_lcdWriteChar                    text34        0702C
_lcdWriteCmd                     text37        06ACA
_lcdWriteStrC                    text32        069AA
_main                            text0         04586
_pointToVoltage                  text73        06A6C
_read                            text22        060A0
_readDistance                    text20        04374
_readDistance$1687               cstackBANK1   0012D
_readDistance$1688               cstackBANK1   00130
_readDistance$1689               cstackBANK1   00133
_readTempF                       text21        04E7A
_read_accelerometer              text71        06F64
_scale                           text3         02ADE
_scale$1692                      cstackBANK1   00103
_setServo                        text29        053EC
_showAccelerometerVal            text41        058B0
_showDistance                    text1         0664C
_single_axis_measure             text67        05BD8
_sprintf                         text2         00FD2
_sprintf$1054                    cstackBANK1   00149
_sprintf$1693                    cstackBANK1   00146
_voltageToG                      text69        06B78
_writeByte                       text38        0700E
_writeDigit                      text39        06D92
end_of_initialization            cinit         0707E
fround@prec                      cstackBANK1   00109
i2___asftadd                     text59        06E4C
i2___asftadd@f1p                 cstackCOMRAM  00030
i2___asftadd@f2                  cstackCOMRAM  00032
i2___asftmul                     text58        06E10
i2___asftmul@f1p                 cstackCOMRAM  00026
i2___asftmul@f2                  cstackCOMRAM  00028
i2___asftsub                     text56        06DD4
i2___asftsub@f1p                 cstackCOMRAM  0001B
i2___asftsub@f2                  cstackCOMRAM  0001D
i2___awdiv                       text48        06324
i2___awdiv@counter               cstackCOMRAM  0000D
i2___awdiv@dividend              cstackCOMRAM  00008
i2___awdiv@divisor               cstackCOMRAM  0000A
i2___awdiv@quotient              cstackCOMRAM  0000F
i2___awdiv@sign                  cstackCOMRAM  0000E
i2___awmod                       text47        06518
i2___awmod@counter               cstackCOMRAM  00006
i2___awmod@dividend              cstackCOMRAM  00001
i2___awmod@divisor               cstackCOMRAM  00003
i2___awmod@sign                  cstackCOMRAM  00007
i2___ftadd                       text70        04968
i2___ftadd@exp1                  cstackCOMRAM  00014
i2___ftadd@exp2                  cstackCOMRAM  00013
i2___ftadd@f1                    cstackCOMRAM  00009
i2___ftadd@f2                    cstackCOMRAM  0000C
i2___ftadd@sign                  cstackCOMRAM  00012
i2___ftdiv                       text75        05FBA
i2___ftdiv@cntr                  cstackCOMRAM  0002F
i2___ftdiv@exp                   cstackCOMRAM  00033
i2___ftdiv@f1                    cstackCOMRAM  00026
i2___ftdiv@f2                    cstackCOMRAM  00029
i2___ftdiv@f3                    cstackCOMRAM  00030
i2___ftdiv@sign                  cstackCOMRAM  00034
i2___ftge                        text68        066E2
i2___ftge@ff1                    cstackCOMRAM  0000E
i2___ftge@ff2                    cstackCOMRAM  00011
i2___ftmul                       text74        05CD8
i2___ftmul@cntr                  cstackCOMRAM  00024
i2___ftmul@exp                   cstackCOMRAM  00020
i2___ftmul@f1                    cstackCOMRAM  00017
i2___ftmul@f2                    cstackCOMRAM  0001A
i2___ftmul@f3_as_product         cstackCOMRAM  00021
i2___ftmul@sign                  cstackCOMRAM  00025
i2___ftneg                       text55        06FE8
i2___ftneg@f1                    cstackCOMRAM  00001
i2___ftpack                      text77        063D4
i2___ftpack@arg                  cstackCOMRAM  00001
i2___ftpack@exp                  cstackCOMRAM  00004
i2___ftpack@sign                 cstackCOMRAM  00005
i2___ftsub                       text57        06EFC
i2___ftsub@f1                    cstackCOMRAM  00015
i2___ftsub@f2                    cstackCOMRAM  00018
i2___fttol                       text54        05DD0
i2___fttol@exp1                  cstackCOMRAM  0003B
i2___fttol@f1                    cstackCOMRAM  0002D
i2___fttol@lval                  cstackCOMRAM  00037
i2___fttol@sign1                 cstackCOMRAM  00036
i2___lldiv                       text53        06772
i2___lldiv@counter               cstackCOMRAM  0000E
i2___lldiv@dividend              cstackCOMRAM  00001
i2___lldiv@divisor               cstackCOMRAM  00005
i2___lldiv@quotient              cstackCOMRAM  0000A
i2___llmod                       text52        0687A
i2___llmod@counter               cstackCOMRAM  00018
i2___llmod@dividend              cstackCOMRAM  0000F
i2___llmod@divisor               cstackCOMRAM  00013
i2___lltoft                      text51        068E4
i2___lltoft@c                    cstackCOMRAM  00009
i2___lltoft@exp                  cstackCOMRAM  00011
i2___wmul                        text46        06EC2
i2___wmul@multiplicand           cstackCOMRAM  00013
i2___wmul@multiplier             cstackCOMRAM  00011
i2___wmul@product                cstackCOMRAM  00015
i2__div_to_l_                    text50        05002
i2__div_to_l_@cntr               cstackCOMRAM  0000F
i2__div_to_l_@exp1               cstackCOMRAM  00010
i2__div_to_l_@f1                 cstackCOMRAM  00001
i2__div_to_l_@f2                 cstackCOMRAM  00004
i2__div_to_l_@quot               cstackCOMRAM  0000B
i2__tdiv_to_l_                   text49        0565A
i2__tdiv_to_l_@cntr              cstackCOMRAM  0000E
i2__tdiv_to_l_@exp1              cstackCOMRAM  0000F
i2__tdiv_to_l_@f1                cstackCOMRAM  00001
i2__tdiv_to_l_@f2                cstackCOMRAM  00004
i2__tdiv_to_l_@quot              cstackCOMRAM  0000A
i2_fround                        text45        03EC2
i2_fround$2283                   cstackCOMRAM  0002C
i2_fround$2284                   cstackCOMRAM  00029
i2_isdigit                       text44        06FBE
i2_isdigit$1329                  cstackCOMRAM  00002
i2_lcdClear                      text63        07076
i2_lcdSetPos                     text62        06C02
i2_lcdWriteChar                  text61        0705A
i2_lcdWriteCmd                   text64        06C46
i2_lcdWriteStrC                  text60        06B22
i2_read                          text72        0625A
i2_scale                         text43        0313C
i2_scale$2285                    cstackCOMRAM  00029
i2_sprintf                       text42        01E14
i2_sprintf$1054                  cstackBANK0   00063
i2_sprintf$2286                  cstackBANK0   00060
i2_writeByte                     text65        07044
i2_writeDigit                    text66        06F32
i2fround@prec                    cstackCOMRAM  0002F
i2isdigit@c                      cstackCOMRAM  00003
i2lcdSetPos@p                    cstackCOMRAM  00008
i2lcdSetPos@x                    cstackCOMRAM  00009
i2lcdSetPos@y                    cstackCOMRAM  00007
i2lcdWriteChar@n                 cstackCOMRAM  00003
i2lcdWriteCmd@i                  cstackCOMRAM  00005
i2lcdWriteCmd@n                  cstackCOMRAM  00004
i2lcdWriteStrC@s                 cstackCOMRAM  00004
i2read@channel                   cstackCOMRAM  00001
i2read@value                     cstackCOMRAM  00005
i2scale@scl                      cstackCOMRAM  0002C
i2sprintf@_val                   cstackBANK0   00078
i2sprintf@ap                     cstackBANK0   0006F
i2sprintf@c                      cstackBANK0   00084
i2sprintf@exp                    cstackBANK0   0007D
i2sprintf@f                      cstackCOMRAM  00052
i2sprintf@flag                   cstackBANK0   00074
i2sprintf@fval                   cstackBANK0   0007F
i2sprintf@integ                  cstackBANK0   00071
i2sprintf@prec                   cstackBANK0   00082
i2sprintf@sp                     cstackCOMRAM  00050
i2sprintf@vd                     cstackBANK0   00067
i2sprintf@vd_1056                cstackBANK0   0006B
i2sprintf@width                  cstackBANK0   00076
i2writeByte@n                    cstackCOMRAM  00002
i2writeDigit@n                   cstackCOMRAM  00001
intlevel0                        text          00000
intlevel1                        text          00000
intlevel2                        text          00000
intlevel3                        text          00000
intro@i                          cstackBANK0   000AA
isdigit@c                        cstackBANK0   0009F
lcdClean@i                       cstackBANK0   000A7
lcdInit@i                        cstackBANK0   000AD
lcdInit@i_979                    cstackBANK0   000AF
lcdInit@i_980                    cstackBANK0   000B1
lcdInit@i_981                    cstackBANK0   000B3
lcdSetPos@p                      cstackBANK0   000A4
lcdSetPos@x                      cstackBANK0   000A5
lcdSetPos@y                      cstackBANK0   000A3
lcdWriteChar@n                   cstackBANK0   0009F
lcdWriteCmd@i                    cstackBANK0   000A1
lcdWriteCmd@n                    cstackBANK0   000A0
lcdWriteStrC@s                   cstackBANK0   000A0
main@i                           cstackBANK1   0017B
pointToVoltage@fPoint            cstackCOMRAM  00038
pointToVoltage@point             cstackCOMRAM  00035
read@channel                     cstackBANK0   0009D
read@value                       cstackBANK0   000A1
readDistance@a                   cstackBANK1   00136
readTempF@i                      cstackBANK1   00121
readTempF@j                      cstackBANK1   00123
readTempF@temp                   cstackBANK1   0011E
read_accelerometer@axis          cstackCOMRAM  0003B
read_accelerometer@axis_point    cstackCOMRAM  0003E
scale@scl                        cstackBANK1   00106
setServo@degree                  cstackBANK0   0009D
setServo@i                       cstackBANK0   000A8
setServo@i_722                   cstackBANK0   000A2
setServo@i_723                   cstackBANK0   000A4
setServo@i_724                   cstackBANK0   000AA
setServo@j                       cstackBANK0   000A6
showAccelerometerVal@buffer      cstackBANK0   00085
showDistance@buffer              cstackBANK1   0016B
single_axis_measure@axis         cstackCOMRAM  00040
single_axis_measure@axis_read    cstackCOMRAM  00045
single_axis_measure@axis_sum     cstackCOMRAM  0004D
single_axis_measure@i            cstackCOMRAM  0004B
single_axis_measure@iteration    cstackCOMRAM  00042
single_axis_measure@medium_value cstackCOMRAM  00048
sprintf@_val                     cstackBANK1   0015E
sprintf@ap                       cstackBANK1   00155
sprintf@c                        cstackBANK1   0016A
sprintf@exp                      cstackBANK1   00163
sprintf@f                        cstackBANK1   0013B
sprintf@flag                     cstackBANK1   0015A
sprintf@fval                     cstackBANK1   00165
sprintf@integ                    cstackBANK1   00157
sprintf@prec                     cstackBANK1   00168
sprintf@sp                       cstackBANK1   00139
sprintf@vd                       cstackBANK1   0014D
sprintf@vd_1056                  cstackBANK1   00151
sprintf@width                    cstackBANK1   0015C
stackhi                          (abs)         009FF
stacklo                          (abs)         0017D
start                            init          00090
start_initialization             cinit         0707E
voltageToG@voltage               cstackCOMRAM  00035
writeByte@n                      cstackBANK0   0009E
writeDigit@n                     cstackBANK0   0009D


FUNCTION INFORMATION:

 *************** function _main *****************
 Defined at:
		line 24 in file "main.c"
 Parameters:    Size  Location     Type
  argc            2  117[BANK1 ] int 
  argv            3  119[BANK1 ] PTR PTR unsigned char 
 Auto vars:     Size  Location     Type
  i               2  123[BANK1 ] int 
 Return value:  Size  Location     Type
                  2  117[BANK1 ] int 
 Registers used:
		wreg, fsr0l, fsr0h, fsr2l, fsr2h, status,2, status,0, tblptrl, tblptrh, tblptru, prodl, prodh, cstack
 Tracked objects:
		On entry : 
		On exit  : 
		Unchanged: 
 Data sizes:     COMRAM   BANK0   BANK1   BANK2   BANK3   BANK4   BANK5   BANK6   BANK7   BANK8   BANK9  BANK10  BANK11  BANK12  BANK13  BANK14
      Params:         0       0       5       0       0       0       0       0       0       0       0       0       0       0       0       0
      Locals:         0       0       2       0       0       0       0       0       0       0       0       0       0       0       0       0
      Temps:          0       0       1       0       0       0       0       0       0       0       0       0       0       0       0       0
      Totals:         0       0       8       0       0       0       0       0       0       0       0       0       0       0       0       0
Total ram usage:        8 bytes
 Hardware stack levels required when called:   14
 This function calls:
		_lcdInit
		_setServo
		_showDistance
 This function is called by:
		Startup code after reset
 This function uses a non-reentrant model


 *************** function _showDistance *****************
 Defined at:
		line 116 in file "main.c"
 Parameters:    Size  Location     Type
		None
 Auto vars:     Size  Location     Type
  buffer         10  107[BANK1 ] unsigned char [10]
 Return value:  Size  Location     Type
		None               void
 Registers used:
		wreg, fsr0l, fsr0h, fsr2l, fsr2h, status,2, status,0, tblptrl, tblptrh, tblptru, prodl, prodh, cstack
 Tracked objects:
		On entry : 
		On exit  : 
		Unchanged: 
 Data sizes:     COMRAM   BANK0   BANK1   BANK2   BANK3   BANK4   BANK5   BANK6   BANK7   BANK8   BANK9  BANK10  BANK11  BANK12  BANK13  BANK14
      Params:         0       0       0       0       0       0       0       0       0       0       0       0       0       0       0       0
      Locals:         0       0      10       0       0       0       0       0       0       0       0       0       0       0       0       0
      Temps:          0       1       0       0       0       0       0       0       0       0       0       0       0       0       0       0
      Totals:         0       1      10       0       0       0       0       0       0       0       0       0       0       0       0       0
Total ram usage:       11 bytes
 Hardware stack levels used:    1
 Hardware stack levels required when called:   12
 This function calls:
		_lcdClear
		_lcdSetPos
		_lcdWriteStrC
		_readDistance
		_sprintf
 This function is called by:
		_main
 This function uses a non-reentrant model


 *************** function _sprintf *****************
 Defined at:
		line 492 in file "C:\Program Files\Microchip\xc8\v1.31\sources\common\doprnt.c"
 Parameters:    Size  Location     Type
  sp              2   57[BANK1 ] PTR unsigned char 
		 -> showAccelerometerVal@buffer(10), showTempLight@buffer(10), showDistance@buffer(10), 
  f               2   59[BANK1 ] PTR const unsigned char 
		 -> STR_8(6), STR_7(6), STR_6(6), STR_4(10), 
		 -> STR_3(12), STR_2(6), 
 Auto vars:     Size  Location     Type
  vd              4   77[BANK1 ] unsigned long 
  vd              4   81[BANK1 ] unsigned long 
  _val            5   94[BANK1 ] struct .
  fval            3  101[BANK1 ] struct .
  integ           3   87[BANK1 ] struct .
  ival            3    0        struct .
  prec            2  104[BANK1 ] int 
  exp             2   99[BANK1 ] int 
  width           2   92[BANK1 ] int 
  flag            2   90[BANK1 ] unsigned short 
  ap              2   85[BANK1 ] PTR void [1]
		 -> ?i2_sprintf(2), ?_sprintf(2), 
  c               1  106[BANK1 ] char 
  d               1    0        unsigned char 
 Return value:  Size  Location     Type
                  2   57[BANK1 ] int 
 Registers used:
		wreg, fsr2l, fsr2h, status,2, status,0, tblptrl, tblptrh, tblptru, prodl, prodh, cstack
 Tracked objects:
		On entry : 
		On exit  : 
		Unchanged: 
 Data sizes:     COMRAM   BANK0   BANK1   BANK2   BANK3   BANK4   BANK5   BANK6   BANK7   BANK8   BANK9  BANK10  BANK11  BANK12  BANK13  BANK14
      Params:         0       0       7       0       0       0       0       0       0       0       0       0       0       0       0       0
      Locals:         0       0      37       0       0       0       0       0       0       0       0       0       0       0       0       0
      Temps:          0       0       6       0       0       0       0       0       0       0       0       0       0       0       0       0
      Totals:         0       0      50       0       0       0       0       0       0       0       0       0       0       0       0       0
Total ram usage:       50 bytes
 Hardware stack levels used:    1
 Hardware stack levels required when called:   11
 This function calls:
		___asftadd
		___asftmul
		___asftsub
		___awdiv
		___ftge
		___ftmul
		___ftneg
		___fttol
		___lldiv
		___llmod
		___lltoft
		___wmul
		__div_to_l_
		__tdiv_to_l_
		_fround
		_isdigit
		_scale
 This function is called by:
		_showDistance
		_showTempLight
 This function uses a non-reentrant model


 *************** function _scale *****************
 Defined at:
		line 425 in file "C:\Program Files\Microchip\xc8\v1.31\sources\common\doprnt.c"
 Parameters:    Size  Location     Type
  scl             1    wreg     char 
 Auto vars:     Size  Location     Type
  scl             1    6[BANK1 ] char 
 Return value:  Size  Location     Type
                  3    0[BANK1 ] char 
 Registers used:
		wreg, status,2, status,0, tblptrl, tblptrh, tblptru, prodl, prodh, cstack
 Tracked objects:
		On entry : 
		On exit  : 
		Unchanged: 
 Data sizes:     COMRAM   BANK0   BANK1   BANK2   BANK3   BANK4   BANK5   BANK6   BANK7   BANK8   BANK9  BANK10  BANK11  BANK12  BANK13  BANK14
      Params:         0       0       3       0       0       0       0       0       0       0       0       0       0       0       0       0
      Locals:         0       0       4       0       0       0       0       0       0       0       0       0       0       0       0       0
      Temps:          0       0       0       0       0       0       0       0       0       0       0       0       0       0       0       0
      Totals:         0       0       7       0       0       0       0       0       0       0       0       0       0       0       0       0
Total ram usage:        7 bytes
 Hardware stack levels used:    1
 Hardware stack levels required when called:    9
 This function calls:
		___awdiv
		___awmod
		___ftmul
		___wmul
 This function is called by:
		_sprintf
 This function uses a non-reentrant model


 *************** function _isdigit *****************
 Defined at:
		line 8 in file "C:\Program Files\Microchip\xc8\v1.31\sources\common\isdigit.c"
 Parameters:    Size  Location     Type
  c               1    wreg     unsigned char 
 Auto vars:     Size  Location     Type
  c               1   63[BANK0 ] unsigned char 
 Return value:  Size  Location     Type
		None               void
 Registers used:
		wreg, status,2, status,0
 Tracked objects:
		On entry : 
		On exit  : 
		Unchanged: 
 Data sizes:     COMRAM   BANK0   BANK1   BANK2   BANK3   BANK4   BANK5   BANK6   BANK7   BANK8   BANK9  BANK10  BANK11  BANK12  BANK13  BANK14
      Params:         0       0       0       0       0       0       0       0       0       0       0       0       0       0       0       0
      Locals:         0       2       0       0       0       0       0       0       0       0       0       0       0       0       0       0
      Temps:          0       1       0       0       0       0       0       0       0       0       0       0       0       0       0       0
      Totals:         0       3       0       0       0       0       0       0       0       0       0       0       0       0       0       0
Total ram usage:        3 bytes
 Hardware stack levels used:    1
 Hardware stack levels required when called:    7
 This function calls:
		Nothing
 This function is called by:
		_sprintf
 This function uses a non-reentrant model


[...]
 This function calls:
		i2___ftadd
		i2___ftdiv
 This function is called by:
		_single_axis_measure
 This function uses a non-reentrant model


 *************** function i2___ftadd *****************
 Defined at:
		line 86 in file "C:\Program Files\Microchip\xc8\v1.31\sources\common\ftadd.c"
 Parameters:    Size  Location     Type
  f1              3    8[COMRAM] float 
  f2              3   11[COMRAM] float 
 Auto vars:     Size  Location     Type
  __ftadd         1   19[COMRAM] unsigned char 
  __ftadd         1   18[COMRAM] unsigned char 
  __ftadd         1   17[COMRAM] unsigned char 
 Return value:  Size  Location     Type
                  3    8[COMRAM] float 
 Registers used:
		wreg, status,2, status,0, cstack
 Tracked objects:
		On entry : 
		On exit  : 
		Unchanged: 
 Data sizes:     COMRAM   BANK0   BANK1   BANK2   BANK3   BANK4   BANK5   BANK6   BANK7   BANK8   BANK9  BANK10  BANK11  BANK12  BANK13  BANK14
      Params:         6       0       0       0       0       0       0       0       0       0       0       0       0       0       0       0
      Locals:         3       0       0       0       0       0       0       0       0       0       0       0       0       0       0       0
      Temps:          3       0       0       0       0       0       0       0       0       0       0       0       0       0       0       0
      Totals:        12       0       0       0       0       0       0       0       0       0       0       0       0       0       0       0
Total ram usage:       12 bytes
 Hardware stack levels used:    1
 Hardware stack levels required when called:    1
 This function calls:
		i2___ftpack
 This function is called by:
		_single_axis_measure
		_voltageToG
		i2___asftadd
		i2___ftsub
 This function uses a non-reentrant model


 *************** function _read_accelerometer *****************
 Defined at:
		line 198 in file "functions.c"
 Parameters:    Size  Location     Type
  axis            2   58[COMRAM] const unsigned int 
 Auto vars:     Size  Location     Type
  axis_point      2   61[COMRAM] const unsigned int 
 Return value:  Size  Location     Type
                  3   58[COMRAM] float 
 Registers used:
		wreg, status,2, status,0, cstack
 Tracked objects:
		On entry : 
		On exit  : 
		Unchanged: 
 Data sizes:     COMRAM   BANK0   BANK1   BANK2   BANK3   BANK4   BANK5   BANK6   BANK7   BANK8   BANK9  BANK10  BANK11  BANK12  BANK13  BANK14
      Params:         3       0       0       0       0       0       0       0       0       0       0       0       0       0       0       0
      Locals:         2       0       0       0       0       0       0       0       0       0       0       0       0       0       0       0
      Temps:          0       0       0       0       0       0       0       0       0       0       0       0       0       0       0       0
      Totals:         5       0       0       0       0       0       0       0       0       0       0       0       0       0       0       0
Total ram usage:        5 bytes
 Hardware stack levels used:    1
 Hardware stack levels required when called:    3
 This function calls:
		_pointToVoltage
		i2_read
 This function is called by:
		_single_axis_measure
 This function uses a non-reentrant model


 *************** function i2_read *****************
 Defined at:
		line 17 in file "functions.c"
 Parameters:    Size  Location     Type
  channel         2    0[COMRAM] int 
 Auto vars:     Size  Location     Type
  read            2    4[COMRAM] int 
 Return value:  Size  Location     Type
                  2    0[COMRAM] int 
 Registers used:
		wreg, status,2, status,0
 Tracked objects:
		On entry : 
		On exit  : 
		Unchanged: 
 Data sizes:     COMRAM   BANK0   BANK1   BANK2   BANK3   BANK4   BANK5   BANK6   BANK7   BANK8   BANK9  BANK10  BANK11  BANK12  BANK13  BANK14
      Params:         2       0       0       0       0       0       0       0       0       0       0       0       0       0       0       0
      Locals:         2       0       0       0       0       0       0       0       0       0       0       0       0       0       0       0
      Temps:          2       0       0       0       0       0       0       0       0       0       0       0       0       0       0       0
      Totals:         6       0       0       0       0       0       0       0       0       0       0       0       0       0       0       0
Total ram usage:        6 bytes
 Hardware stack levels used:    1
 This function calls:
		Nothing
 This function is called by:
		_read_accelerometer
 This function uses a non-reentrant model


 *************** function _pointToVoltage *****************
 Defined at:
		line 203 in file "functions.c"
 Parameters:    Size  Location     Type
  point           2   52[COMRAM] const unsigned int 
 Auto vars:     Size  Location     Type
  fPoint          3   55[COMRAM] const float 
 Return value:  Size  Location     Type
                  3   52[COMRAM] float 
 Registers used:
		wreg, status,2, status,0, cstack
 Tracked objects:
		On entry : 
		On exit  : 
		Unchanged: 
 Data sizes:     COMRAM   BANK0   BANK1   BANK2   BANK3   BANK4   BANK5   BANK6   BANK7   BANK8   BANK9  BANK10  BANK11  BANK12  BANK13  BANK14
      Params:         3       0       0       0       0       0       0       0       0       0       0       0       0       0       0       0
      Locals:         3       0       0       0       0       0       0       0       0       0       0       0       0       0       0       0
      Temps:          0       0       0       0       0       0       0       0       0       0       0       0       0       0       0       0
      Totals:         6       0       0       0       0       0       0       0       0       0       0       0       0       0       0       0
Total ram usage:        6 bytes
 Hardware stack levels used:    1
 Hardware stack levels required when called:    2
 This function calls:
		___lwtoft
		i2___ftdiv
		i2___ftmul
 This function is called by:
		_read_accelerometer
 This function uses a non-reentrant model


 *************** function i2___ftmul *****************
 Defined at:
		line 51 in file "C:\Program Files\Microchip\xc8\v1.31\sources\common\ftmul.c"
 Parameters:    Size  Location     Type
  f1              3   22[COMRAM] float 
  f2              3   25[COMRAM] float 
 Auto vars:     Size  Location     Type
  __ftmul         3   32[COMRAM] unsigned um
  __ftmul         1   36[COMRAM] unsigned char 
  __ftmul         1   35[COMRAM] unsigned char 
  __ftmul         1   31[COMRAM] unsigned char 
 Return value:  Size  Location     Type
                  3   22[COMRAM] float 
 Registers used:
		wreg, status,2, status,0, cstack
 Tracked objects:
		On entry : 
		On exit  : 
		Unchanged: 
 Data sizes:     COMRAM   BANK0   BANK1   BANK2   BANK3   BANK4   BANK5   BANK6   BANK7   BANK8   BANK9  BANK10  BANK11  BANK12  BANK13  BANK14
      Params:         6       0       0       0       0       0       0       0       0       0       0       0       0       0       0       0
      Locals:         6       0       0       0       0       0       0       0       0       0       0       0       0       0       0       0
      Temps:          3       0       0       0       0       0       0       0       0       0       0       0       0       0       0       0
      Totals:        15       0       0       0       0       0       0       0       0       0       0       0       0       0       0       0
Total ram usage:       15 bytes
 Hardware stack levels used:    1
 Hardware stack levels required when called:    1
 This function calls:
		i2___ftpack
 This function is called by:
		_pointToVoltage
		i2_fround
		i2_scale
		i2_sprintf
		i2___asftmul
 This function uses a non-reentrant model


 *************** function i2___ftdiv *****************
 Defined at:
		line 49 in file "C:\Program Files\Microchip\xc8\v1.31\sources\common\ftdiv.c"
 Parameters:    Size  Location     Type
  f1              3   37[COMRAM] float 
  f2              3   40[COMRAM] float 
 Auto vars:     Size  Location     Type
  __ftdiv         3   47[COMRAM] float 
  __ftdiv         1   51[COMRAM] unsigned char 
  __ftdiv         1   50[COMRAM] unsigned char 
  __ftdiv         1   46[COMRAM] unsigned char 
 Return value:  Size  Location     Type
                  3   37[COMRAM] float 
 Registers used:
		wreg, status,2, status,0, cstack
 Tracked objects:
		On entry : 
		On exit  : 
		Unchanged: 
 Data sizes:     COMRAM   BANK0   BANK1   BANK2   BANK3   BANK4   BANK5   BANK6   BANK7   BANK8   BANK9  BANK10  BANK11  BANK12  BANK13  BANK14
      Params:         6       0       0       0       0       0       0       0       0       0       0       0       0       0       0       0
      Locals:         6       0       0       0       0       0       0       0       0       0       0       0       0       0       0       0
      Temps:          3       0       0       0       0       0       0       0       0       0       0       0       0       0       0       0
      Totals:        15       0       0       0       0       0       0       0       0       0       0       0       0       0       0       0
Total ram usage:       15 bytes
 Hardware stack levels used:    1
 Hardware stack levels required when called:    1
 This function calls:
		i2___ftpack
 This function is called by:
		_single_axis_measure
		_pointToVoltage
		_voltageToG
 This function uses a non-reentrant model


 *************** function ___lwtoft *****************
 Defined at:
		line 28 in file "C:\Program Files\Microchip\xc8\v1.31\sources\common\lwtoft.c"
 Parameters:    Size  Location     Type
  c               2    8[COMRAM] unsigned int 
 Auto vars:     Size  Location     Type
		None
 Return value:  Size  Location     Type
                  3    8[COMRAM] float 
 Registers used:
		wreg, status,2, status,0, cstack
 Tracked objects:
		On entry : 
		On exit  : 
		Unchanged: 
 Data sizes:     COMRAM   BANK0   BANK1   BANK2   BANK3   BANK4   BANK5   BANK6   BANK7   BANK8   BANK9  BANK10  BANK11  BANK12  BANK13  BANK14
      Params:         3       0       0       0       0       0       0       0       0       0       0       0       0       0       0       0
      Locals:         0       0       0       0       0       0       0       0       0       0       0       0       0       0       0       0
      Temps:          2       0       0       0       0       0       0       0       0       0       0       0       0       0       0       0
      Totals:         5       0       0       0       0       0       0       0       0       0       0       0       0       0       0       0
Total ram usage:        5 bytes
 Hardware stack levels used:    1
 Hardware stack levels required when called:    1
 This function calls:
		i2___ftpack
 This function is called by:
		_single_axis_measure
		_pointToVoltage
 This function uses a non-reentrant model


 *************** function i2___ftpack *****************
 Defined at:
		line 62 in file "C:\Program Files\Microchip\xc8\v1.31\sources\common\float.c"
 Parameters:    Size  Location     Type
  arg             3    0[COMRAM] unsigned um
  exp             1    3[COMRAM] unsigned char 
  sign            1    4[COMRAM] unsigned char 
 Auto vars:     Size  Location     Type
		None
 Return value:  Size  Location     Type
                  3    0[COMRAM] float 
 Registers used:
		wreg, status,2, status,0
 Tracked objects:
		On entry : 
		On exit  : 
		Unchanged: 
 Data sizes:     COMRAM   BANK0   BANK1   BANK2   BANK3   BANK4   BANK5   BANK6   BANK7   BANK8   BANK9  BANK10  BANK11  BANK12  BANK13  BANK14
      Params:         5       0       0       0       0       0       0       0       0       0       0       0       0       0       0       0
      Locals:         0       0       0       0       0       0       0       0       0       0       0       0       0       0       0       0
      Temps:          3       0       0       0       0       0       0       0       0       0       0       0       0       0       0       0
      Totals:         8       0       0       0       0       0       0       0       0       0       0       0       0       0       0       0
Total ram usage:        8 bytes
 Hardware stack levels used:    1
 This function calls:
		Nothing
 This function is called by:
		___lwtoft
		i2___ftadd
		i2___ftdiv
		i2___ftmul
		i2___lltoft
 This function uses a non-reentrant model



MODULE INFORMATION

Module		Function		Class		Link	Load	Size
C:\Program Files\Microchip\xc8\v1.31\sources\common\lwtoft.c
		___lwtoft      		CODE           	6F92	0000	44

C:\Program Files\Microchip\xc8\v1.31\sources\common\lwtoft.c estimated size: 44

C:\Program Files\Microchip\xc8\v1.31\sources\common\awdiv.c
		___awdiv       		CODE           	5524	0000	310

C:\Program Files\Microchip\xc8\v1.31\sources\common\awdiv.c estimated size: 310

C:\Program Files\Microchip\xc8\v1.31\sources\common\ftadd.c
		___ftadd       		CODE           	3918	0000	812

C:\Program Files\Microchip\xc8\v1.31\sources\common\ftadd.c estimated size: 812

functions.c
		_single_axis_me		CODE           	5BD8	0000	256
		_pointToVoltage		CODE           	6A6C	0000	94
		_readDistance  		CODE           	4374	0000	530
		_read          		CODE           	60A0	0000	228
		_setServo      		CODE           	53EC	0000	312
		_readTempF     		CODE           	4E7A	0000	392
		_read_accelerom		CODE           	6F64	0000	46
		_voltageToG    		CODE           	6B78	0000	70

functions.c estimated size: 1928

C:\Program Files\Microchip\xc8\v1.31\sources\common\float.c
		___ftpack      		CODE           	52B2	0000	314

C:\Program Files\Microchip\xc8\v1.31\sources\common\float.c estimated size: 314

C:\Program Files\Microchip\xc8\v1.31\sources\common\ftge.c
		___ftge        		CODE           	5EC6	0000	244

C:\Program Files\Microchip\xc8\v1.31\sources\common\ftge.c estimated size: 244

C:\Program Files\Microchip\xc8\v1.31\sources\common\wmul.c
		___wmul        		CODE           	6948	0000	98

C:\Program Files\Microchip\xc8\v1.31\sources\common\wmul.c estimated size: 98

C:\Program Files\Microchip\xc8\v1.31\sources\pic18\asftadd.c
		___asftadd     		CODE           	6D50	0000	66

C:\Program Files\Microchip\xc8\v1.31\sources\pic18\asftadd.c estimated size: 66

shared
		i2___ftneg     		CODE           	6FE8	0000	38
		i2_writeByte   		CODE           	7044	0000	22
		i2_lcdSetPos   		CODE           	6C02	0000	68
		i2_writeDigit  		CODE           	6F32	0000	50
		i2___ftadd     		CODE           	4968	0000	440
		__stringdata   		SMALLCONST     	0F77	0000	90
		i2___ftdiv     		CODE           	5FBA	0000	230
		__powers_      		SMALLCONST     	0F50	0000	39
		i2___fttol     		CODE           	5DD0	0000	246
		_dpowers       		SMALLCONST     	0F01	0000	40
		i2___ftge      		CODE           	66E2	0000	144
		i2_isdigit     		CODE           	6FBE	0000	42
		i2_read        		CODE           	625A	0000	202
		i2___awdiv     		CODE           	6324	0000	176
		i2__tdiv_to_l_ 		CODE           	565A	0000	310
		i2___ftmul     		CODE           	5CD8	0000	248
		i2___asftadd   		CODE           	6E4C	0000	60
		i2___asftsub   		CODE           	6DD4	0000	60
		i2___asftmul   		CODE           	6E10	0000	60
		i2___wmul      		CODE           	6EC2	0000	58
		i2_lcdClear    		CODE           	7076	0000	8
		i2__div_to_l_  		CODE           	5002	0000	364
		__npowers_     		SMALLCONST     	0F29	0000	39
		i2___ftpack    		CODE           	63D4	0000	168
		i2_scale       		CODE           	313C	0000	1106
		i2___lldiv     		CODE           	6772	0000	134
		__initializatio		CODE           	707E	0000	0
		i2___lltoft    		CODE           	68E4	0000	100
		i2___ftsub     		CODE           	6EFC	0000	54
		i2_lcdWriteCmd 		CODE           	6C46	0000	68
		i2___awmod     		CODE           	6518	0000	156
		i2_lcdWriteStrC		CODE           	6B22	0000	86
		i2___llmod     		CODE           	687A	0000	106
		i2_sprintf     		CODE           	1E14	0000	3274
		i2_lcdWriteChar		CODE           	705A	0000	20
		i2_fround      		CODE           	3EC2	0000	632

shared estimated size: 8938

C:\Program Files\Microchip\xc8\v1.31\sources\common\llmod.c
		___llmod       		CODE           	6184	0000	214

C:\Program Files\Microchip\xc8\v1.31\sources\common\llmod.c estimated size: 214

main.c
		_ISR           		CODE           	0008	0000	136
		_main          		CODE           	4586	0000	522
		_showDistance  		CODE           	664C	0000	150
		_showAccelerome		CODE           	58B0	0000	272

main.c estimated size: 1080

C:\Program Files\Microchip\xc8\v1.31\sources\common\doprnt.c
		_scale         		CODE           	2ADE	0000	1630
		_sprintf       		CODE           	0FD2	0000	3650
		_fround        		CODE           	358E	0000	906

C:\Program Files\Microchip\xc8\v1.31\sources\common\doprnt.c estimated size: 6186

C:\Program Files\Microchip\xc8\v1.31\sources\common\ftdiv.c
		___ftdiv       		CODE           	4B20	0000	434

C:\Program Files\Microchip\xc8\v1.31\sources\common\ftdiv.c estimated size: 434

C:\Program Files\Microchip\xc8\v1.31\sources\common\lldiv.c
		___lldiv       		CODE           	5ACE	0000	266

C:\Program Files\Microchip\xc8\v1.31\sources\common\lldiv.c estimated size: 266

C:\Program Files\Microchip\xc8\v1.31\sources\common\ftsub.c
		___ftsub       		CODE           	6CCC	0000	66

C:\Program Files\Microchip\xc8\v1.31\sources\common\ftsub.c estimated size: 66

C:\Program Files\Microchip\xc8\v1.31\sources\common\ftneg.c
		___ftneg       		CODE           	6E88	0000	58

C:\Program Files\Microchip\xc8\v1.31\sources\common\ftneg.c estimated size: 58

C:\Program Files\Microchip\xc8\v1.31\sources\common\ftmul.c
		___ftmul       		CODE           	4790	0000	472

C:\Program Files\Microchip\xc8\v1.31\sources\common\ftmul.c estimated size: 472

C:\Program Files\Microchip\xc8\v1.31\sources\common\fttol.c
		___fttol       		CODE           	4CD2	0000	424

C:\Program Files\Microchip\xc8\v1.31\sources\common\fttol.c estimated size: 424

C:\Program Files\Microchip\xc8\v1.31\sources\common\fldivl.c
		__div_to_l_    		CODE           	3C44	0000	638

C:\Program Files\Microchip\xc8\v1.31\sources\common\fldivl.c estimated size: 638

C:\Program Files\Microchip\xc8\v1.31\sources\common\ftdivl.c
		__tdiv_to_l_   		CODE           	413A	0000	570

C:\Program Files\Microchip\xc8\v1.31\sources\common\ftdivl.c estimated size: 570

C:\Program Files\Microchip\xc8\v1.31\sources\common\awtoft.c
		___awtoft      		CODE           	67F8	0000	130

C:\Program Files\Microchip\xc8\v1.31\sources\common\awtoft.c estimated size: 130

C:\Program Files\Microchip\xc8\v1.31\sources\pic18\asftsub.c
		___asftsub     		CODE           	6C8A	0000	66

C:\Program Files\Microchip\xc8\v1.31\sources\pic18\asftsub.c estimated size: 66

C:\Program Files\Microchip\xc8\v1.31\sources\common\isdigit.c
		_isdigit       		CODE           	6BBE	0000	68

C:\Program Files\Microchip\xc8\v1.31\sources\common\isdigit.c estimated size: 68

C:\Program Files\Microchip\xc8\v1.31\sources\common\lltoft.c
		___lltoft      		CODE           	647C	0000	156

C:\Program Files\Microchip\xc8\v1.31\sources\common\lltoft.c estimated size: 156

C:\Program Files\Microchip\xc8\v1.31\sources\common\awmod.c
		___awmod       		CODE           	59C0	0000	270

C:\Program Files\Microchip\xc8\v1.31\sources\common\awmod.c estimated size: 270

C:\Program Files\Microchip\xc8\v1.31\sources\pic18\asftmul.c
		___asftmul     		CODE           	6D0E	0000	66

C:\Program Files\Microchip\xc8\v1.31\sources\pic18\asftmul.c estimated size: 66

lcd.c
		_lcdSetPos     		CODE           	6A0C	0000	96
		_writeDigit    		CODE           	6D92	0000	66
		_intro         		CODE           	65B4	0000	152
		_lcdClean      		CODE           	516E	0000	324
		_lcdClear      		CODE           	706E	0000	8
		_writeByte     		CODE           	700E	0000	30
		_lcdWriteCmd   		CODE           	6ACA	0000	88
		_lcdWriteStrC  		CODE           	69AA	0000	98
		_lcdWriteChar  		CODE           	702C	0000	24
		_lcdInit       		CODE           	5790	0000	288

lcd.c estimated size: 1174

