Microchip MPLAB XC8 Compiler V1.31 ()

Linker command line:

--edf=C:\Program Files\Microchip\xc8\v1.31\dat\en_msgs.txt -cs \
  -h+dist/default/production\SensorBoard.X.production.sym \
  --cmf=dist/default/production\SensorBoard.X.production.cmf -z -Q16F886 \
  -oC:\Users\Harpal\AppData\Local\Temp\s4d8.6 \
  -Mdist/default/production/SensorBoard.X.production.map -E1 -ver=XC8 \
  -ASTACK=0110h-016fh -pstack=STACK -ACONST=00h-0FFhx32 -ACODE=00h-07FFhx4 \
  -ASTRCODE=00h-01FFFh -AENTRY=00h-0FFhx32 -ASTRING=00h-0FFhx32 \
  -ACOMMON=070h-07Fh -ABANK0=020h-06Fh -ABANK1=0A0h-0EFh \
  -ABANK2=0110h-016Fh -ABANK3=0190h-01EFh \
  -ARAM=020h-06Fh,0A0h-0EFh,0110h-016Fh,0190h-01EFh \
  -AABS1=020h-07Fh,0A0h-0EFh,0110h-016Fh,0190h-01EFh -ASFR0=00h-01Fh \
  -ASFR1=080h-09Fh -ASFR2=0100h-010Fh -ASFR3=0180h-018Fh \
  -preset_vec=00h,intentry=04h,init,end_init -ppowerup=CODE -pcinit=CODE \
  -pfunctab=CODE -ACONFIG=02007h-02008h -pconfig=CONFIG -DCONFIG=2 \
  -AIDLOC=02000h-02003h -pidloc=IDLOC -DIDLOC=2 -AEEDATA=00h-0FFh/02100h \
  -peeprom_data=EEDATA -DEEDATA=2 -DCODE=2 -DSTRCODE=2 -DSTRING=2 -DCONST=2 \
  -DENTRY=2 -k C:\Users\Harpal\AppData\Local\Temp\s4d8.obj \
  dist/default/production\SensorBoard.X.production.obj 

Object code version is 3.11

Machine type is 16F886



                Name                               Link     Load   Length Selector   Space Scale
C:\Users\Harpal\AppData\Local\Temp\s4d8.obj
                end_init                             12       12        3        8       0
                reset_vec                             0        0        3        0       0
                config                             2007     2007        2     400E       0
dist/default/production\SensorBoard.X.production.obj
                cinit                                15       15       39        8       0
                functab                             100      100        F        2       0
                intentry                              4        4        E        8       0
                text30                             1689     1689       27     2D12       0
                text29                             1776     1776       45     2EEC       0
                text28                               E7       E7        D        8       0
                text27                              8DB      8DB       6A     11B6       0
                text26                             1664     1664       25     2CC8       0
                text25                              A3F      A3F       B8     147E       0
                text24                              718      718       D3        2       0
                text23                             16D8     16D8       2D     2DB0       0
                text22                              AF7      AF7       BC     15EE       0
                text21                             17BB     17BB       45     2F76       0
                text20                             1705     1705       2F     2E0A       0
                text19                              EF7      EF7      109     1DEE       0
                text18                             1648     1648       1C     2C90       0
                text17                              7EB      7EB       13        2       0
                text16                              945      945       79     128A       0
                text15                              82A      82A       52     1054       0
                text14                              87C      87C       5F     10F8       0
                text13                              BB3      BB3       C2     1766       0
                text12                             1734     1734       42     2E68       0
                text11                              E0A      E0A       ED     1C14       0
                text10                               F4       F4        A        8       0
                text9                                4E       4E       99        8       0
                text8                               10F      10F      1F6        2       0
                text7                               D3A      D3A       D0     1A74       0
                text6                               305      305      19C        2       0
                text5                               60B      60B      10D        2       0
                text4                               C75      C75       C5     18EA       0
                text3                               4A1      4A1      16A        2       0
                text2                               801      801       29     1002       0
                text1                               9BE      9BE       81     137C       0
                maintext                           16B0     16B0       28     2D60       0
                cstackBANK0                          20       20       50       20       1
                cstackCOMMON                         70       70        6       70       1
                cstackBANK1                          A0       A0       46       A0       1
                bssBANK3                            190      190        D      190       1
                dataBANK1                            E6       E6        3       A0       1
                bssBANK1                             E9       E9        2       A0       1
                dataCOMMON                           7A       7A        2       70       1
                bssCOMMON                            76       76        4       70       1
                strings                            1000     1000       3F     2000       0
                idataBANK1                         1645     1645        3     2C8A       0
                idataCOMMON                         7FE      7FE        2        2       0

TOTAL           Name                               Link     Load   Length     Space
        CLASS   STACK          

        CLASS   CONST          

        CLASS   CODE           
                end_init                             12       12        3         0
                cinit                                15       15       39         0
                functab                             100      100        F         0
                intentry                              4        4        E         0
                reset_vec                             0        0        3         0
                text30                             1689     1689       27         0
                text29                             1776     1776       45         0
                text28                               E7       E7        D         0
                text27                              8DB      8DB       6A         0
                text26                             1664     1664       25         0
                text25                              A3F      A3F       B8         0
                text24                              718      718       D3         0
                text23                             16D8     16D8       2D         0
                text22                              AF7      AF7       BC         0
                text21                             17BB     17BB       45         0
                text20                             1705     1705       2F         0
                text19                              EF7      EF7      109         0
                text18                             1648     1648       1C         0
                text17                              7EB      7EB       13         0
                text16                              945      945       79         0
                text15                              82A      82A       52         0
                text14                              87C      87C       5F         0
                text13                              BB3      BB3       C2         0
                text12                             1734     1734       42         0
                text11                              E0A      E0A       ED         0
                text10                               F4       F4        A         0
                text9                                4E       4E       99         0
                text8                               10F      10F      1F6         0
                text7                               D3A      D3A       D0         0
                text6                               305      305      19C         0
                text5                               60B      60B      10D         0
                text4                               C75      C75       C5         0
                text3                               4A1      4A1      16A         0
                text2                               801      801       29         0
                text1                               9BE      9BE       81         0
                maintext                           16B0     16B0       28         0
                idataBANK1                         1645     1645        3         0
                idataCOMMON                         7FE      7FE        2         0

        CLASS   STRCODE        

        CLASS   ENTRY          

        CLASS   STRING         
                strings                            1000     1000       3F         0

        CLASS   COMMON         
                cstackCOMMON                         70       70        6         1
                dataCOMMON                           7A       7A        2         1
                bssCOMMON                            76       76        4         1

        CLASS   BANK0          
                cstackBANK0                          20       20       50         1

        CLASS   BANK1          
                cstackBANK1                          A0       A0       46         1
                dataBANK1                            E6       E6        3         1
                bssBANK1                             E9       E9        2         1

        CLASS   BANK2          

        CLASS   BANK3          
                bssBANK3                            190      190        D         1

        CLASS   RAM            

        CLASS   ABS1           
                abs_s1                               7E       7E        2         1

        CLASS   SFR0           

        CLASS   SFR1           

        CLASS   SFR2           

        CLASS   SFR3           

        CLASS   CONFIG         
                config                             2007     2007        2         0

        CLASS   IDLOC          

        CLASS   EEDATA         



SEGMENTS        Name                           Load    Length   Top    Selector   Space  Class     Delta

                reset_vec                      000000  000003  000003         0       0  CODE        2
                intentry                       000004  0000FA  0000FE         8       0  CODE        2
                cstackBANK0                    000020  000050  000070        20       1  BANK0       1
                cstackCOMMON                   000070  00000C  00007C        70       1  COMMON      1
                cstackBANK1                    0000A0  00004B  0000EB        A0       1  BANK1       1
                bssBANK3                       000190  00000D  00019D       190       1  BANK3       1
                functab                        000100  000700  000800         2       0  CODE        2
                text2                          000801  000029  00082A      1002       0  CODE        2
                text15                         00082A  000052  00087C      1054       0  CODE        2
                text14                         00087C  00005F  0008DB      10F8       0  CODE        2
                text27                         0008DB  00006A  000945      11B6       0  CODE        2
                text16                         000945  000079  0009BE      128A       0  CODE        2
                text1                          0009BE  000081  000A3F      137C       0  CODE        2
                text25                         000A3F  0000B8  000AF7      147E       0  CODE        2
                text22                         000AF7  0000BC  000BB3      15EE       0  CODE        2
                text13                         000BB3  0000C2  000C75      1766       0  CODE        2
                text4                          000C75  0000C5  000D3A      18EA       0  CODE        2
                text7                          000D3A  0000D0  000E0A      1A74       0  CODE        2
                text11                         000E0A  0000ED  000EF7      1C14       0  CODE        2
                text19                         000EF7  000109  001000      1DEE       0  CODE        2
                strings                        001000  00003F  00103F      2000       0  STRING      2
                idataBANK1                     001645  000003  001648      2C8A       0  CODE        2
                text18                         001648  00001C  001664      2C90       0  CODE        2
                text26                         001664  000025  001689      2CC8       0  CODE        2
                text30                         001689  000027  0016B0      2D12       0  CODE        2
                maintext                       0016B0  000028  0016D8      2D60       0  CODE        2
                text23                         0016D8  00002D  001705      2DB0       0  CODE        2
                text20                         001705  00002F  001734      2E0A       0  CODE        2
                text12                         001734  000042  001776      2E68       0  CODE        2
                text29                         001776  000045  0017BB      2EEC       0  CODE        2
                text21                         0017BB  000045  001800      2F76       0  CODE        2
                config                         002007  000002  002009      400E       0  CONFIG      2


UNUSED ADDRESS RANGES

        Name                Unused          Largest block    Delta
        BANK1            00EB-00EF              5           1
        BANK2            0110-016F             60           1
        BANK3            019D-01EF             53           1
        CODE             0003-0003              1           2
                         00FE-00FF              2
                         0800-0800              1
                         103F-1644            606
                         1800-1FFF            800
        COMMON           007C-007D              2           1
        CONST            0003-0003              1           2
                         00FE-00FF              2
                         0800-0800              1
                         103F-1644            100
                         1800-1FFF            100
        EEDATA           2100-21FF            100           2
        ENTRY            0003-0003              1           2
                         00FE-00FF              2
                         0800-0800              1
                         103F-1644            100
                         1800-1FFF            100
        IDLOC            2000-2003              4           2
        RAM              00EB-00EF              5           1
                         0110-016F             60
                         019D-01EF             53
        SFR0             0000-001F             20           1
        SFR1             0080-009F             20           1
        SFR2             0100-010F             10           1
        SFR3             0180-018F             10           1
        STACK            0110-016F             60           1
        STRCODE          0003-0003              1           2
                         00FE-00FF              2
                         0800-0800              1
                         103F-1644            606
                         1800-1FFF            800
        STRING           0003-0003              1           2
                         00FE-00FF              2
                         0800-0800              1
                         103F-1644            100
                         1800-1FFF            100

                                  Symbol Table

?___altoft                  cstackBANK0  006B
?___awtoft                  cstackBANK0  0028
?___ftadd                   cstackBANK0  004E
?___ftdiv                   cstackBANK0  003E
?___ftmul                   cstackBANK0  002E
?___ftneg                   cstackBANK0  0020
?___ftpack                  cstackBANK0  0020
?___ftsub                   cstackBANK0  005B
?___fttol                   cstackBANK0  0063
?___lltoft                  cstackBANK0  0028
?_eval_poly                 cstackBANK0  005B
?_exp                       cstackBANK1  00B2
?_floor                     cstackBANK1  00AA
?_frexp                     cstackBANK0  0020
?_ldexp                     cstackBANK0  0065
?_log                       cstackBANK0  0065
?_pointToVoltage            cstackBANK0  004E
?_pow                       cstackBANK1  00BF
?_read                      cstackBANK0  0020
?_readAccelerometer         cstackBANK0  0051
?_readLight                 cstackBANK1  00D1
?_readTemp                  cstackBANK0  005B
_ADCON0bits                 (abs)        001F
_ADCON1bits                 (abs)        009F
_ADRESH                     (abs)        001E
_ADRESL                     (abs)        009E
_ANSEL                      (abs)        0188
_ANSELH                     (abs)        0189
_ANSELbits                  (abs)        0188
_BF                         (abs)        04A0
_CKP                        (abs)        00A4
_D_A                        (abs)        04A5
_GO_DONE                    (abs)        00F9
_I2C_receivedByte           bssCOMMON    0076
_I2C_sendByte               bssCOMMON    0077
_ISR                        text29       1776
_OSCCONbits                 (abs)        008F
_PIE1bits                   (abs)        008C
_PIR1bits                   (abs)        000C
_PORTCbits                  (abs)        0007
_R_W                        (abs)        04A2
_Register                   bssBANK3     0190
_SSPADD                     (abs)        0093
_SSPBUF                     (abs)        0013
_SSPCON2bits                (abs)        0091
_SSPCONbits                 (abs)        0014
_SSPIF                      (abs)        0063
_SSPSTATbits                (abs)        0094
_TRISCbits                  (abs)        0087
__CFG_BOR4V$BOR40V          (abs)        0000
__CFG_BOREN$ON              (abs)        0000
__CFG_CP$OFF                (abs)        0000
__CFG_CPD$OFF               (abs)        0000
__CFG_FCMEN$ON              (abs)        0000
__CFG_FOSC$EXTRC_NOCLKOUT   (abs)        0000
__CFG_IESO$ON               (abs)        0000
__CFG_LVP$OFF               (abs)        0000
__CFG_MCLRE$ON              (abs)        0000
__CFG_PWRTE$ON              (abs)        0000
__CFG_WDTE$OFF              (abs)        0000
__CFG_WRT$OFF               (abs)        0000
__Habs1                     abs1         0000
__Hbank0                    bank0        0000
__Hbank1                    bank1        0000
__Hbank2                    bank2        0000
__Hbank3                    bank3        0000
__HbssBANK1                 bssBANK1     0000
__HbssBANK3                 bssBANK3     0000
__HbssCOMMON                bssCOMMON    0000
__Hcinit                    cinit        004E
__Hclrtext                  clrtext      0000
__Hcode                     code         0000
__Hcommon                   common       0000
__Hconfig                   config       2009
__HcstackBANK0              cstackBANK0  0000
__HcstackBANK1              cstackBANK1  0000
__HcstackCOMMON             cstackCOMMON 0000
__HdataBANK1                dataBANK1    0000
__HdataCOMMON               dataCOMMON   0000
__Heeprom_data              eeprom_data  0000
__Hend_init                 end_init     0015
__Hfunctab                  functab      010F
__HidataBANK1               idataBANK1   0000
__HidataCOMMON              idataCOMMON  0000
__Hidloc                    idloc        0000
__Hinit                     init         0012
__Hintentry                 intentry     0012
__Hmaintext                 maintext     0000
__Hpowerup                  powerup      0000
__Hram                      ram          0000
__Hreset_vec                reset_vec    0003
__Hsfr0                     sfr0         0000
__Hsfr1                     sfr1         0000
__Hsfr2                     sfr2         0000
__Hsfr3                     sfr3         0000
__Hstack                    stack        0000
__Hstrings                  strings      0000
__Htext                     text         0000
__Labs1                     abs1         0000
__Lbank0                    bank0        0000
__Lbank1                    bank1        0000
__Lbank2                    bank2        0000
__Lbank3                    bank3        0000
__LbssBANK1                 bssBANK1     0000
__LbssBANK3                 bssBANK3     0000
__LbssCOMMON                bssCOMMON    0000
__Lcinit                    cinit        0015
__Lclrtext                  clrtext      0000
__Lcode                     code         0000
__Lcommon                   common       0000
__Lconfig                   config       2007
__LcstackBANK0              cstackBANK0  0000
__LcstackBANK1              cstackBANK1  0000
__LcstackCOMMON             cstackCOMMON 0000
__LdataBANK1                dataBANK1    0000
__LdataCOMMON               dataCOMMON   0000
__Leeprom_data              eeprom_data  0000
__Lend_init                 end_init     0012
__Lfunctab                  functab      0100
__LidataBANK1               idataBANK1   0000
__LidataCOMMON              idataCOMMON  0000
__Lidloc                    idloc        0000
__Linit                     init         0012
__Lintentry                 intentry     0004
__Lmaintext                 maintext     0000
__Lpowerup                  powerup      0000
__Lram                      ram          0000
__Lreset_vec                reset_vec    0000
__Lsfr0                     sfr0         0000
__Lsfr1                     sfr1         0000
__Lsfr2                     sfr2         0000
__Lsfr3                     sfr3         0000
__Lstack                    stack        0000
__Lstrings                  strings      0000
__Ltext                     text         0000
__S0                        (abs)        2009
__S1                        (abs)        019D
__S2                        (abs)        0000
__S3                        (abs)        0000
___altoft                   text15       082A
___altoft@c                 cstackBANK0  006B
___altoft@exp               cstackBANK1  00A8
___altoft@sign              cstackBANK1  00A9
___awtoft                   text26       1664
___awtoft@c                 cstackBANK0  0028
___awtoft@sign              cstackBANK0  002D
___bmul                     text17       07EB
___bmul@multiplicand        cstackBANK0  0020
___bmul@multiplier          cstackBANK0  0023
___bmul@product             cstackBANK0  0022
___ftadd                    text19       0EF7
___ftadd@exp1               cstackBANK0  005A
___ftadd@exp2               cstackBANK0  0059
___ftadd@f1                 cstackBANK0  004E
___ftadd@f2                 cstackBANK0  0051
___ftadd@sign               cstackBANK0  0058
___ftdiv                    text25       0A3F
___ftdiv@cntr               cstackBANK0  0048
___ftdiv@exp                cstackBANK0  004C
___ftdiv@f1                 cstackBANK0  0041
___ftdiv@f2                 cstackBANK0  003E
___ftdiv@f3                 cstackBANK0  0049
___ftdiv@sign               cstackBANK0  004D
___ftge                     text14       087C
___ftge@ff1                 cstackBANK0  0020
___ftge@ff2                 cstackBANK0  0023
___ftmul                    text24       0718
___ftmul@cntr               cstackBANK0  003C
___ftmul@exp                cstackBANK0  0038
___ftmul@f1                 cstackBANK0  002E
___ftmul@f2                 cstackBANK0  0031
___ftmul@f3_as_product      cstackBANK0  0039
___ftmul@sign               cstackBANK0  003D
___ftneg                    text10       00F4
___ftneg@f1                 cstackBANK0  0020
___ftpack                   text27       08DB
___ftpack@arg               cstackBANK0  0020
___ftpack@exp               cstackBANK0  0023
___ftpack@sign              cstackBANK0  0024
___ftsub                    text18       1648
___ftsub@f1                 cstackBANK0  005E
___ftsub@f2                 cstackBANK0  005B
___fttol                    text13       0BB3
___fttol@exp1               cstackBANK1  00A5
___fttol@f1                 cstackBANK0  0063
___fttol@lval               cstackBANK1  00A1
___fttol@sign1              cstackBANK1  00A0
___int_sp                   stack        0000
___latbits                  (abs)        0002
___lltoft                   text20       1705
___lltoft@c                 cstackBANK0  0028
___lltoft@exp               cstackBANK0  002D
___sp                       stack        0000
__end_of_ISR                text29       17BB
__end_of___altoft           text15       087C
__end_of___awtoft           text26       1689
__end_of___bmul             text17       07FE
__end_of___ftadd            text19       1000
__end_of___ftdiv            text25       0AF7
__end_of___ftge             text14       08DB
__end_of___ftmul            text24       07EB
__end_of___ftneg            text10       00FE
__end_of___ftpack           text27       0945
__end_of___ftsub            text18       1664
__end_of___fttol            text13       0C75
__end_of___lltoft           text20       1734
__end_of__fptable           functab      010F
__end_of__initialization    cinit        004A
__end_of__stringtab         strings      1006
__end_of_config             text28       00F4
__end_of_eval_poly          text16       09BE
__end_of_exp                text8        0305
__end_of_fillRegister       text3        060B
__end_of_floor              text11       0EF7
__end_of_frexp              text12       1776
__end_of_initialize_i2c     text2        082A
__end_of_ldexp              text9        00E7
__end_of_log                text7        0E0A
__end_of_main               maintext     16D8
__end_of_pointToVoltage     text23       1705
__end_of_pow                text6        04A1
__end_of_read               text22       0BB3
__end_of_readAccelerometer  text21       1800
__end_of_readLight          text5        0718
__end_of_readTemp           text4        0D3A
__end_of_receiveData        text30       16B0
__end_of_tempCalibration    text1        0A3F
__end_ofexp@coeff           strings      1024
__end_oflog@coeff           strings      103F
__fptable                   functab      0100
__initialization            cinit        0015
__pbssBANK1                 bssBANK1     00E9
__pbssBANK3                 bssBANK3     0190
__pbssCOMMON                bssCOMMON    0076
__pcstackBANK0              cstackBANK0  0020
__pcstackBANK1              cstackBANK1  00A0
__pcstackCOMMON             cstackCOMMON 0070
__pdataBANK1                dataBANK1    00E6
__pdataCOMMON               dataCOMMON   007A
__pfunctab                  functab      0100
__pidataBANK1               idataBANK1   1645
__pidataCOMMON              idataCOMMON  07FE
__pintentry                 intentry     0004
__pmaintext                 maintext     16B0
__pstrings                  strings      1000
__ptext1                    text1        09BE
__ptext10                   text10       00F4
__ptext11                   text11       0E0A
__ptext12                   text12       1734
__ptext13                   text13       0BB3
__ptext14                   text14       087C
__ptext15                   text15       082A
__ptext16                   text16       0945
__ptext17                   text17       07EB
__ptext18                   text18       1648
__ptext19                   text19       0EF7
__ptext2                    text2        0801
__ptext20                   text20       1705
__ptext21                   text21       17BB
__ptext22                   text22       0AF7
__ptext23                   text23       16D8
__ptext24                   text24       0718
__ptext25                   text25       0A3F
__ptext26                   text26       1664
__ptext27                   text27       08DB
__ptext28                   text28       00E7
__ptext29                   text29       1776
__ptext3                    text3        04A1
__ptext30                   text30       1689
__ptext4                    text4        0C75
__ptext5                    text5        060B
__ptext6                    text6        0305
__ptext7                    text7        0D3A
__ptext8                    text8        010F
__ptext9                    text9        004E
__size_of_ISR               (abs)        0000
__size_of___altoft          (abs)        0000
__size_of___awtoft          (abs)        0000
__size_of___bmul            (abs)        0000
__size_of___ftadd           (abs)        0000
__size_of___ftdiv           (abs)        0000
__size_of___ftge            (abs)        0000
__size_of___ftmul           (abs)        0000
__size_of___ftneg           (abs)        0000
__size_of___ftpack          (abs)        0000
__size_of___ftsub           (abs)        0000
__size_of___fttol           (abs)        0000
__size_of___lltoft          (abs)        0000
__size_of__fptable          (abs)        0000
__size_of_config            (abs)        0000
__size_of_eval_poly         (abs)        0000
__size_of_exp               (abs)        0000
__size_of_fillRegister      (abs)        0000
__size_of_floor             (abs)        0000
__size_of_frexp             (abs)        0000
__size_of_initialize_i2c    (abs)        0000
__size_of_ldexp             (abs)        0000
__size_of_log               (abs)        0000
__size_of_main              (abs)        0000
__size_of_pointToVoltage    (abs)        0000
__size_of_pow               (abs)        0000
__size_of_read              (abs)        0000
__size_of_readAccelerometer (abs)        0000
__size_of_readLight         (abs)        0000
__size_of_readTemp          (abs)        0000
__size_of_receiveData       (abs)        0000
__size_of_tempCalibration   (abs)        0000
__stringbase                strings      1005
__stringtab                 strings      1000
_config                     text28       00E7
_counter                    dataCOMMON   007A
_errno                      bssBANK1     00E9
_eval_poly                  text16       0945
_exp                        text8        010F
_exp$1124                   cstackBANK1  00B6
_exp$836                    cstackBANK1  00B9
_fillRegister               text3        04A1
_fillRegister$1119          cstackBANK1  00DF
_floor                      text11       0E0A
_frexp                      text12       1734
_gainTemp                   dataBANK1    00E6
_initialize_i2c             text2        0801
_junk                       bssCOMMON    0078
_ldexp                      text9        004E
_ldexp$873                  cstackBANK0  006C
_log                        text7        0D3A
_main                       maintext     16B0
_pointToVoltage             text23       16D8
_pow                        text6        0305
_pow$1122                   cstackBANK1  00C6
_pow$1123                   cstackBANK1  00C9
_read                       text22       0AF7
_readAccelerometer          text21       17BB
_readLight                  text5        060B
_readLight$1120             cstackBANK1  00D4
_readLight$1121             cstackBANK1  00D7
_readTemp                   text4        0C75
_receiveData                text30       1689
_tempCalibration            text1        09BE
btemp                       (abs)        007E
end_of_initialization       cinit        004A
entry__readAccelerometer    functab      0106
entry__readLight            functab      0109
entry__readTemp             functab      010C
eval_poly@d                 cstackBANK0  005E
eval_poly@n                 cstackBANK0  005F
eval_poly@res               cstackBANK0  0062
eval_poly@x                 cstackBANK0  005B
exp@coeff                   strings      1006
exp@exponent                cstackBANK1  00BC
exp@sign                    cstackBANK1  00BE
exp@x                       cstackBANK1  00B2
fillRegister@array          cstackBANK1  00DE
floor@expon                 cstackBANK1  00B0
floor@i                     cstackBANK1  00AD
floor@x                     cstackBANK1  00AA
fpbase                      functab      0105
fptable                     functab      0100
fptotal                     (abs)        0003
frexp@eptr                  cstackBANK0  0023
frexp@value                 cstackBANK0  0020
interrupt_function          intentry     0004
intlevel0                   functab      0100
intlevel1                   functab      0100
intlevel2                   functab      0100
intlevel3                   functab      0100
intlevel4                   functab      0100
intlevel5                   functab      0100
ldexp@newexp                cstackBANK0  0068
ldexp@value                 cstackBANK0  0065
log@coeff                   strings      1024
log@exponent                cstackBANK0  0069
log@x                       cstackBANK0  0065
ltemp                       (abs)        007E
ltemp0                      (abs)        007E
ltemp1                      (abs)        0082
ltemp2                      (abs)        0086
ltemp3                      (abs)        0080
pointToVoltage@point        cstackBANK0  004E
pow@sign                    cstackBANK1  00CC
pow@x                       cstackBANK1  00BF
pow@y                       cstackBANK1  00C2
pow@yi                      cstackBANK1  00CD
read@analogValue            cstackBANK0  0023
read@channel                cstackBANK0  0020
read@justification          cstackBANK0  0022
readAccelerometer@axis      cstackBANK0  0051
readLight@lightVal          cstackBANK1  00DA
readTemp@i                  cstackBANK0  005E
readTemp@temp               cstackBANK0  0060
reset_vec                   reset_vec    0000
saved_w                     (abs)        007E
sendMaster@indexCounter     bssCOMMON    0079
stackhi                     (abs)        0000
stacklo                     (abs)        0000
start                       init         0012
start_initialization        cinit        0015
tempCalibration@vIn         cstackBANK0  005E
tempCalibration@vOut        cstackBANK0  005B
ttemp                       (abs)        007E
ttemp0                      (abs)        007E
ttemp1                      (abs)        0081
ttemp2                      (abs)        0084
ttemp3                      (abs)        0087
ttemp4                      (abs)        007F
wtemp                       (abs)        007E
wtemp0                      (abs)        007E
wtemp1                      (abs)        0080
wtemp2                      (abs)        0082
wtemp3                      (abs)        0084
wtemp4                      (abs)        0086
wtemp5                      (abs)        0088
wtemp6                      (abs)        007F


FUNCTION INFORMATION:

 *************** function _main *****************
 Defined at:
		line 94 in file "SensorBoard.c"
 Parameters:    Size  Location     Type
  argc            2   66[BANK1 ] int 
  argv            2   68[BANK1 ] PTR PTR unsigned char 
 Auto vars:     Size  Location     Type
		None
 Return value:  Size  Location     Type
                  2   66[BANK1 ] int 
 Registers used:
		wreg, fsr0l, fsr0h, status,2, status,0, btemp+1, pclath, cstack
 Tracked objects:
		On entry : 
		On exit  : 
		Unchanged: 
 Data sizes:     COMMON   BANK0   BANK1   BANK3   BANK2
      Params:         0       0       4       0       0
      Locals:         0       0       0       0       0
      Temps:          0       0       0       0       0
      Totals:         0       0       4       0       0
Total ram usage:        4 bytes
 Hardware stack levels required when called:    9
 This function calls:
		_config
		_fillRegister
		_initialize_i2c
		_tempCalibration
 This function is called by:
		Startup code after reset
 This function uses a non-reentrant model


 *************** function _tempCalibration *****************
 Defined at:
		line 182 in file "Analog.c"
 Parameters:    Size  Location     Type
		None
 Auto vars:     Size  Location     Type
  vIn             3   62[BANK0 ] float 
  vOut            3   59[BANK0 ] float 
 Return value:  Size  Location     Type
                  3    6[COMMON] float 
 Registers used:
		wreg, fsr0l, fsr0h, status,2, status,0, pclath, cstack
 Tracked objects:
		On entry : 
		On exit  : 
		Unchanged: 
 Data sizes:     COMMON   BANK0   BANK1   BANK3   BANK2
      Params:         0       0       0       0       0
      Locals:         0       6       0       0       0
      Temps:          0       0       0       0       0
      Totals:         0       6       0       0       0
Total ram usage:        6 bytes
 Hardware stack levels used:    1
 Hardware stack levels required when called:    4
 This function calls:
		___awtoft
		___ftadd
		___ftdiv
		_read
 This function is called by:
		_main
 This function uses a non-reentrant model


 *************** function _initialize_i2c *****************
 Defined at:
		line 247 in file "SensorBoard.c"
 Parameters:    Size  Location     Type
		None
 Auto vars:     Size  Location     Type
		None
 Return value:  Size  Location     Type
		None               void
 Registers used:
		wreg, status,2, status,0
 Tracked objects:
		On entry : 
		On exit  : 
		Unchanged: 
 Data sizes:     COMMON   BANK0   BANK1   BANK3   BANK2
      Params:         0       0       0       0       0
      Locals:         0       0       0       0       0
      Temps:          0       3       0       0       0
      Totals:         0       3       0       0       0
Total ram usage:        3 bytes
 Hardware stack levels used:    1
 Hardware stack levels required when called:    2
 This function calls:
		Nothing
 This function is called by:
		_main
 This function uses a non-reentrant model


 *************** function _fillRegister *****************
 Defined at:
		line 152 in file "SensorBoard.c"
 Parameters:    Size  Location     Type
  array           1    wreg     unsigned char 
 Auto vars:     Size  Location     Type
  array           1   62[BANK1 ] unsigned char 
 Return value:  Size  Location     Type
		None               void
 Registers used:
		wreg, fsr0l, fsr0h, status,2, status,0, btemp+1, pclath, cstack
 Tracked objects:
		On entry : 
		On exit  : 
		Unchanged: 
 Data sizes:     COMMON   BANK0   BANK1   BANK3   BANK2
      Params:         0       0       0       0       0
      Locals:         0       0       4       0       0
      Temps:          0       0       1       0       0
      Totals:         0       0       5       0       0
Total ram usage:        5 bytes
 Hardware stack levels used:    1
 Hardware stack levels required when called:    8
 This function calls:
		___fttol
		_readAccelerometer
		_readLight
		_readTemp
 This function is called by:
		_main
 This function uses a non-reentrant model


 *************** function _readTemp *****************
 Defined at:
		line 199 in file "Analog.c"
 Parameters:    Size  Location     Type
		None
 Auto vars:     Size  Location     Type
  i               2   62[BANK0 ] int 
  temp            3   64[BANK0 ] float 
 Return value:  Size  Location     Type
                  3   59[BANK0 ] float 
 Registers used:
		wreg, fsr0l, fsr0h, status,2, status,0, btemp+1, pclath, cstack
 Tracked objects:
		On entry : 
		On exit  : 
		Unchanged: 
 Data sizes:     COMMON   BANK0   BANK1   BANK3   BANK2
      Params:         0       3       0       0       0
      Locals:         0       5       0       0       0
      Temps:          0       0       0       0       0
      Totals:         0       8       0       0       0
Total ram usage:        8 bytes
 Hardware stack levels used:    1
 Hardware stack levels required when called:    5
 This function calls:
		___awtoft
		___ftadd
		___ftdiv
		___ftmul
		_pointToVoltage
		_read
 This function is called by:
		_fillRegister
 This function uses a non-reentrant model


 *************** function _readLight *****************
 Defined at:
		line 161 in file "Analog.c"
 Parameters:    Size  Location     Type
		None
 Auto vars:     Size  Location     Type
  lightVal        3   58[BANK1 ] float 
 Return value:  Size  Location     Type
                  3   49[BANK1 ] float 
 Registers used:
		wreg, fsr0l, fsr0h, status,2, status,0, btemp+1, pclath, cstack
 Tracked objects:
		On entry : 
		On exit  : 
		Unchanged: 
 Data sizes:     COMMON   BANK0   BANK1   BANK3   BANK2
      Params:         0       0       3       0       0
      Locals:         0       0       9       0       0
      Temps:          0       0       0       0       0
      Totals:         0       0      12       0       0
Total ram usage:       12 bytes
 Hardware stack levels used:    1
 Hardware stack levels required when called:    7
 This function calls:
		___awtoft
		___ftadd
		___ftdiv
		___ftmul
		_pointToVoltage
		_pow
		_read
 This function is called by:
		_fillRegister
 This function uses a non-reentrant model


 *************** function _pow *****************
 Defined at:
		line 5 in file "C:\Program Files\Microchip\xc8\v1.31\sources\common\pow.c"
 Parameters:    Size  Location     Type
  x               3   31[BANK1 ] float 
  y               3   34[BANK1 ] float 
 Auto vars:     Size  Location     Type
  yi              4   45[BANK1 ] unsigned long 
  sign            1   44[BANK1 ] unsigned char 
 Return value:  Size  Location     Type
                  3   31[BANK1 ] unsigned char 
 Registers used:
		wreg, fsr0l, fsr0h, status,2, status,0, btemp+1, pclath, cstack
 Tracked objects:
		On entry : 
		On exit  : 
		Unchanged: 
 Data sizes:     COMMON   BANK0   BANK1   BANK3   BANK2
      Params:         0       0       6       0       0
      Locals:         0       0      11       0       0
      Temps:          0       0       1       0       0
      Totals:         0       0      18       0       0
Total ram usage:       18 bytes
 Hardware stack levels used:    1
 Hardware stack levels required when called:    6
 This function calls:
		___ftge
		___ftmul
		___ftneg
		___fttol
		___lltoft
		_exp
		_log
 This function is called by:
		_readLight
 This function uses a non-reentrant model


 *************** function _log *****************
 Defined at:
		line 5 in file "C:\Program Files\Microchip\xc8\v1.31\sources\common\log.c"
 Parameters:    Size  Location     Type
  x               3   69[BANK0 ] unsigned char 
 Auto vars:     Size  Location     Type
  exponent        2   73[BANK0 ] int 
 Return value:  Size  Location     Type
                  3   69[BANK0 ] int 
 Registers used:
		wreg, fsr0l, fsr0h, status,2, status,0, btemp+1, pclath, cstack
 Tracked objects:
		On entry : 
		On exit  : 
		Unchanged: 
 Data sizes:     COMMON   BANK0   BANK1   BANK3   BANK2
      Params:         0       3       0       0       0
      Locals:         0       2       0       0       0
      Temps:          0       1       0       0       0
      Totals:         0       6       0       0       0
Total ram usage:        6 bytes
 Hardware stack levels used:    1
 Hardware stack levels required when called:    5
 This function calls:
		___awtoft
		___ftadd
		___ftge
		___ftmul
		_eval_poly
		_frexp
 This function is called by:
		_pow
 This function uses a non-reentrant model


 *************** function _exp *****************
 Defined at:
		line 12 in file "C:\Program Files\Microchip\xc8\v1.31\sources\common\exp.c"
 Parameters:    Size  Location     Type
  x               3   18[BANK1 ] int 
 Auto vars:     Size  Location     Type
  exponent        2   28[BANK1 ] int 
  sign            1   30[BANK1 ] unsigned char 
 Return value:  Size  Location     Type
                  3   18[BANK1 ] unsigned char 
 Registers used:
		wreg, fsr0l, fsr0h, status,2, status,0, btemp+1, pclath, cstack
 Tracked objects:
		On entry : 
		On exit  : 
		Unchanged: 
 Data sizes:     COMMON   BANK0   BANK1   BANK3   BANK2
      Params:         0       0       3       0       0
      Locals:         0       0       9       0       0
      Temps:          0       0       1       0       0
      Totals:         0       0      13       0       0
Total ram usage:       13 bytes
 Hardware stack levels used:    1
 Hardware stack levels required when called:    5
 This function calls:
		___awtoft
		___ftdiv
		___ftge
		___ftmul
		___ftneg
		___ftsub
		___fttol
		_eval_poly
		_floor
		_ldexp
 This function is called by:
		_pow
 This function uses a non-reentrant model


 *************** function _ldexp *****************
 Defined at:
		line 277 in file "C:\Program Files\Microchip\xc8\v1.31\sources\common\frexp.c"
 Parameters:    Size  Location     Type
  value           3   69[BANK0 ] unsigned char 
  newexp          2   72[BANK0 ] int 
 Auto vars:     Size  Location     Type
		None
 Return value:  Size  Location     Type
                  3   69[BANK0 ] int 
 Registers used:
		wreg, status,2, status,0, btemp+1, pclath, cstack
 Tracked objects:
		On entry : 
		On exit  : 
		Unchanged: 
 Data sizes:     COMMON   BANK0   BANK1   BANK3   BANK2
      Params:         0       5       0       0       0
      Locals:         0       3       0       0       0
      Temps:          0       2       0       0       0
      Totals:         0      10       0       0       0
Total ram usage:       10 bytes
 Hardware stack levels used:    1
 Hardware stack levels required when called:    3
 This function calls:
		___ftge
		___ftneg
 This function is called by:
		_exp
 This function uses a non-reentrant model


 *************** function ___ftneg *****************
 Defined at:
		line 15 in file "C:\Program Files\Microchip\xc8\v1.31\sources\common\ftneg.c"
 Parameters:    Size  Location     Type
  f1              3    0[BANK0 ] float 
 Auto vars:     Size  Location     Type
		None
 Return value:  Size  Location     Type
                  3    0[BANK0 ] float 
 Registers used:
		wreg
 Tracked objects:
		On entry : 
		On exit  : 
		Unchanged: 
 Data sizes:     COMMON   BANK0   BANK1   BANK3   BANK2
      Params:         0       3       0       0       0
      Locals:         0       0       0       0       0
      Temps:          0       0       0       0       0
      Totals:         0       3       0       0       0
Total ram usage:        3 bytes
 Hardware stack levels used:    1
 Hardware stack levels required when called:    2
 This function calls:
		Nothing
 This function is called by:
		_pow
		_exp
		_ldexp
 This function uses a non-reentrant model


 *************** function _floor *****************
 Defined at:
		line 13 in file "C:\Program Files\Microchip\xc8\v1.31\sources\common\floor.c"
 Parameters:    Size  Location     Type
  x               3   10[BANK1 ] float 
 Auto vars:     Size  Location     Type
  i               3   13[BANK1 ] float 
  expon           2   16[BANK1 ] int 
 Return value:  Size  Location     Type
                  3   10[BANK1 ] int 
 Registers used:
		wreg, fsr0l, fsr0h, status,2, status,0, btemp+1, pclath, cstack
 Tracked objects:
		On entry : 
		On exit  : 
		Unchanged: 
 Data sizes:     COMMON   BANK0   BANK1   BANK3   BANK2
      Params:         0       0       3       0       0
      Locals:         0       0       5       0       0
      Temps:          0       1       0       0       0
      Totals:         0       1       8       0       0
Total ram usage:        9 bytes
 Hardware stack levels used:    1
 Hardware stack levels required when called:    4
 This function calls:
		___altoft
		___ftadd
		___ftge
		___fttol
		_frexp
 This function is called by:
		_exp
 This function uses a non-reentrant model


 *************** function _frexp *****************
 Defined at:
		line 254 in file "C:\Program Files\Microchip\xc8\v1.31\sources\common\frexp.c"
 Parameters:    Size  Location     Type
  value           3    0[BANK0 ] int 
  eptr            1    3[BANK0 ] PTR int 
		 -> log@exponent(2), floor@expon(2), 
 Auto vars:     Size  Location     Type
		None
 Return value:  Size  Location     Type
                  3    0[BANK0 ] PTR int 
 Registers used:
		wreg, fsr0l, fsr0h, status,2, status,0, btemp+1
 Tracked objects:
		On entry : 
		On exit  : 
		Unchanged: 
 Data sizes:     COMMON   BANK0   BANK1   BANK3   BANK2
      Params:         0       4       0       0       0
      Locals:         0       0       0       0       0
      Temps:          0       2       0       0       0
      Totals:         0       6       0       0       0
Total ram usage:        6 bytes
 Hardware stack levels used:    1
 Hardware stack levels required when called:    2
 This function calls:
		Nothing
 This function is called by:
		_floor
		_log
 This function uses a non-reentrant model


 *************** function ___fttol *****************
 Defined at:
		line 44 in file "C:\Program Files\Microchip\xc8\v1.31\sources\common\fttol.c"
 Parameters:    Size  Location     Type
  f1              3   67[BANK0 ] float 
 Auto vars:     Size  Location     Type
  lval            4    1[BANK1 ] unsigned long 
  exp1            1    5[BANK1 ] unsigned char 
  sign1           1    0[BANK1 ] unsigned char 
 Return value:  Size  Location     Type
                  4   67[BANK0 ] long 
 Registers used:
		wreg, status,2, status,0
 Tracked objects:
		On entry : 
		On exit  : 
		Unchanged: 
 Data sizes:     COMMON   BANK0   BANK1   BANK3   BANK2
      Params:         0       4       0       0       0
      Locals:         0       0       6       0       0
      Temps:          0       4       0       0       0
      Totals:         0       8       6       0       0
Total ram usage:       14 bytes
 Hardware stack levels used:    1
 Hardware stack levels required when called:    2
 This function calls:
		Nothing
 This function is called by:
		_fillRegister
		_pow
		_exp
		_floor
 This function uses a non-reentrant model


 *************** function ___ftge *****************
 Defined at:
		line 4 in file "C:\Program Files\Microchip\xc8\v1.31\sources\common\ftge.c"
 Parameters:    Size  Location     Type
  ff1             3    0[BANK0 ] float 
  ff2             3    3[BANK0 ] float 
 Auto vars:     Size  Location     Type
		None
 Return value:  Size  Location     Type
		None               void
 Registers used:
		wreg, status,2, status,0
 Tracked objects:
		On entry : 
		On exit  : 
		Unchanged: 
 Data sizes:     COMMON   BANK0   BANK1   BANK3   BANK2
      Params:         0       6       0       0       0
      Locals:         0       0       0       0       0
      Temps:          0       6       0       0       0
      Totals:         0      12       0       0       0
Total ram usage:       12 bytes
 Hardware stack levels used:    1
 Hardware stack levels required when called:    2
 This function calls:
		Nothing
 This function is called by:
		_pow
		_exp
		_floor
		_ldexp
		_log
 This function uses a non-reentrant model


 *************** function ___altoft *****************
 Defined at:
		line 42 in file "C:\Program Files\Microchip\xc8\v1.31\sources\common\altoft.c"
 Parameters:    Size  Location     Type
  c               4   75[BANK0 ] long 
 Auto vars:     Size  Location     Type
  sign            1    9[BANK1 ] unsigned char 
  exp             1    8[BANK1 ] unsigned char 
 Return value:  Size  Location     Type
                  3   75[BANK0 ] float 
 Registers used:
		wreg, status,2, status,0, pclath, cstack
 Tracked objects:
		On entry : 
		On exit  : 
		Unchanged: 
 Data sizes:     COMMON   BANK0   BANK1   BANK3   BANK2
      Params:         0       4       0       0       0
      Locals:         0       0       2       0       0
      Temps:          0       0       2       0       0
      Totals:         0       4       4       0       0
Total ram usage:        8 bytes
 Hardware stack levels used:    1
 Hardware stack levels required when called:    3
 This function calls:
		___ftpack
 This function is called by:
		_floor
 This function uses a non-reentrant model


 *************** function _eval_poly *****************
 Defined at:
		line 4 in file "C:\Program Files\Microchip\xc8\v1.31\sources\common\evalpoly.c"
 Parameters:    Size  Location     Type
  x               3   59[BANK0 ] float 
  d               1   62[BANK0 ] PTR const 
		 -> log@coeff(27), exp@coeff(30), 
  n               2   63[BANK0 ] int 
 Auto vars:     Size  Location     Type
  res             3   66[BANK0 ] int 
 Return value:  Size  Location     Type
                  3   59[BANK0 ] int 
 Registers used:
		wreg, fsr0l, fsr0h, status,2, status,0, pclath, cstack
 Tracked objects:
		On entry : 
		On exit  : 
		Unchanged: 
 Data sizes:     COMMON   BANK0   BANK1   BANK3   BANK2
      Params:         0       6       0       0       0
      Locals:         0       3       0       0       0
      Temps:          0       1       0       0       0
      Totals:         0      10       0       0       0
Total ram usage:       10 bytes
 Hardware stack levels used:    1
 Hardware stack levels required when called:    4
 This function calls:
		___bmul
		___ftadd
		___ftmul
 This function is called by:
		_exp
		_log
 This function uses a non-reentrant model


 *************** function ___bmul *****************
 Defined at:
		line 4 in file "C:\Program Files\Microchip\xc8\v1.31\sources\common\bmul.c"
 Parameters:    Size  Location     Type
  multiplier      1    wreg     unsigned char 
  multiplicand    1    0[BANK0 ] unsigned char 
 Auto vars:     Size  Location     Type
  multiplier      1    3[BANK0 ] unsigned char 
  product         1    2[BANK0 ] unsigned char 
 Return value:  Size  Location     Type
                  1    wreg      unsigned char 
 Registers used:
		wreg, status,2, status,0
 Tracked objects:
		On entry : 
		On exit  : 
		Unchanged: 
 Data sizes:     COMMON   BANK0   BANK1   BANK3   BANK2
      Params:         0       1       0       0       0
      Locals:         0       2       0       0       0
      Temps:          0       1       0       0       0
      Totals:         0       4       0       0       0
Total ram usage:        4 bytes
 Hardware stack levels used:    1
 Hardware stack levels required when called:    2
 This function calls:
		Nothing
 This function is called by:
		_eval_poly
 This function uses a non-reentrant model


 *************** function ___ftsub *****************
 Defined at:
		line 18 in file "C:\Program Files\Microchip\xc8\v1.31\sources\common\ftsub.c"
 Parameters:    Size  Location     Type
  f2              3   59[BANK0 ] float 
  f1              3   62[BANK0 ] float 
 Auto vars:     Size  Location     Type
		None
 Return value:  Size  Location     Type
                  3   59[BANK0 ] float 
 Registers used:
		wreg, status,2, status,0, pclath, cstack
 Tracked objects:
		On entry : 
		On exit  : 
		Unchanged: 
 Data sizes:     COMMON   BANK0   BANK1   BANK3   BANK2
      Params:         0       6       0       0       0
      Locals:         0       0       0       0       0
      Temps:          0       0       0       0       0
      Totals:         0       6       0       0       0
Total ram usage:        6 bytes
 Hardware stack levels used:    1
 Hardware stack levels required when called:    4
 This function calls:
		___ftadd
 This function is called by:
		_exp
 This function uses a non-reentrant model


 *************** function ___ftadd *****************
 Defined at:
		line 86 in file "C:\Program Files\Microchip\xc8\v1.31\sources\common\ftadd.c"
 Parameters:    Size  Location     Type
  f1              3   46[BANK0 ] float 
  f2              3   49[BANK0 ] float 
 Auto vars:     Size  Location     Type
  exp1            1   58[BANK0 ] unsigned char 
  exp2            1   57[BANK0 ] unsigned char 
  sign            1   56[BANK0 ] unsigned char 
 Return value:  Size  Location     Type
                  3   46[BANK0 ] float 
 Registers used:
		wreg, status,2, status,0, pclath, cstack
 Tracked objects:
		On entry : 
		On exit  : 
		Unchanged: 
 Data sizes:     COMMON   BANK0   BANK1   BANK3   BANK2
      Params:         0       6       0       0       0
      Locals:         0       3       0       0       0
      Temps:          0       4       0       0       0
      Totals:         0      13       0       0       0
Total ram usage:       13 bytes
 Hardware stack levels used:    1
 Hardware stack levels required when called:    3
 This function calls:
		___ftpack
 This function is called by:
		_readLight
		_tempCalibration
		_readTemp
		___ftsub
		_floor
		_log
		_eval_poly
		_singleAxisMeasure
 This function uses a non-reentrant model


 *************** function ___lltoft *****************
 Defined at:
		line 35 in file "C:\Program Files\Microchip\xc8\v1.31\sources\common\lltoft.c"
 Parameters:    Size  Location     Type
  c               4    8[BANK0 ] unsigned long 
 Auto vars:     Size  Location     Type
  exp             1   13[BANK0 ] unsigned char 
 Return value:  Size  Location     Type
                  3    8[BANK0 ] float 
 Registers used:
		wreg, status,2, status,0, pclath, cstack
 Tracked objects:
		On entry : 
		On exit  : 
		Unchanged: 
 Data sizes:     COMMON   BANK0   BANK1   BANK3   BANK2
      Params:         0       4       0       0       0
      Locals:         0       1       0       0       0
      Temps:          0       1       0       0       0
      Totals:         0       6       0       0       0
Total ram usage:        6 bytes
 Hardware stack levels used:    1
 Hardware stack levels required when called:    3
 This function calls:
		___ftpack
 This function is called by:
		_pow
 This function uses a non-reentrant model


 *************** function _readAccelerometer *****************
 Defined at:
		line 230 in file "Analog.c"
 Parameters:    Size  Location     Type
  axis            2   49[BANK0 ] int 
 Auto vars:     Size  Location     Type
		None
 Return value:  Size  Location     Type
                  3   49[BANK0 ] float 
 Registers used:
		wreg, fsr0l, fsr0h, status,2, status,0, pclath, cstack
 Tracked objects:
		On entry : 
		On exit  : 
		Unchanged: 
 Data sizes:     COMMON   BANK0   BANK1   BANK3   BANK2
      Params:         0       3       0       0       0
      Locals:         0       0       0       0       0
      Temps:          0       0       0       0       0
      Totals:         0       3       0       0       0
Total ram usage:        3 bytes
 Hardware stack levels used:    1
 Hardware stack levels required when called:    5
 This function calls:
		___awtoft
		_pointToVoltage
		_read
 This function is called by:
		_fillRegister
		_singleAxisMeasure
 This function uses a non-reentrant model


 *************** function _read *****************
 Defined at:
		line 16 in file "Analog.c"
 Parameters:    Size  Location     Type
  channel         2    0[BANK0 ] int 
  justificatio    1    2[BANK0 ] unsigned char 
 Auto vars:     Size  Location     Type
  analogValue     2    3[BANK0 ] int 
 Return value:  Size  Location     Type
                  2    0[BANK0 ] int 
 Registers used:
		wreg, fsr0l, fsr0h, status,2, status,0
 Tracked objects:
		On entry : 
		On exit  : 
		Unchanged: 
 Data sizes:     COMMON   BANK0   BANK1   BANK3   BANK2
      Params:         0       3       0       0       0
      Locals:         0       2       0       0       0
      Temps:          0       0       0       0       0
      Totals:         0       5       0       0       0
Total ram usage:        5 bytes
 Hardware stack levels used:    1
 Hardware stack levels required when called:    2
 This function calls:
		Nothing
 This function is called by:
		_readLight
		_tempCalibration
		_readTemp
		_readAccelerometer
 This function uses a non-reentrant model


 *************** function _pointToVoltage *****************
 Defined at:
		line 238 in file "Analog.c"
 Parameters:    Size  Location     Type
  point           3   46[BANK0 ] int 
 Auto vars:     Size  Location     Type
		None
 Return value:  Size  Location     Type
                  3   46[BANK0 ] int 
 Registers used:
		wreg, status,2, status,0, pclath, cstack
 Tracked objects:
		On entry : 
		On exit  : 
		Unchanged: 
 Data sizes:     COMMON   BANK0   BANK1   BANK3   BANK2
      Params:         0       3       0       0       0
      Locals:         0       0       0       0       0
      Temps:          0       0       0       0       0
      Totals:         0       3       0       0       0
Total ram usage:        3 bytes
 Hardware stack levels used:    1
 Hardware stack levels required when called:    4
 This function calls:
		___ftdiv
		___ftmul
 This function is called by:
		_readLight
		_readTemp
		_readAccelerometer
 This function uses a non-reentrant model


 *************** function ___ftmul *****************
 Defined at:
		line 51 in file "C:\Program Files\Microchip\xc8\v1.31\sources\common\ftmul.c"
 Parameters:    Size  Location     Type
  f1              3   14[BANK0 ] float 
  f2              3   17[BANK0 ] float 
 Auto vars:     Size  Location     Type
  f3_as_produc    3   25[BANK0 ] unsigned um
  sign            1   29[BANK0 ] unsigned char 
  cntr            1   28[BANK0 ] unsigned char 
  exp             1   24[BANK0 ] unsigned char 
 Return value:  Size  Location     Type
                  3   14[BANK0 ] float 
 Registers used:
		wreg, status,2, status,0, pclath, cstack
 Tracked objects:
		On entry : 
		On exit  : 
		Unchanged: 
 Data sizes:     COMMON   BANK0   BANK1   BANK3   BANK2
      Params:         0       6       0       0       0
      Locals:         0       6       0       0       0
      Temps:          0       4       0       0       0
      Totals:         0      16       0       0       0
Total ram usage:       16 bytes
 Hardware stack levels used:    1
 Hardware stack levels required when called:    3
 This function calls:
		___ftpack
 This function is called by:
		_readLight
		_readTemp
		_pointToVoltage
		_pow
		_exp
		_log
		_eval_poly
 This function uses a non-reentrant model


 *************** function ___ftdiv *****************
 Defined at:
		line 49 in file "C:\Program Files\Microchip\xc8\v1.31\sources\pic\ftdiv.c"
 Parameters:    Size  Location     Type
  f2              3   30[BANK0 ] float 
  f1              3   33[BANK0 ] float 
 Auto vars:     Size  Location     Type
  f3              3   41[BANK0 ] float 
  sign            1   45[BANK0 ] unsigned char 
  exp             1   44[BANK0 ] unsigned char 
  cntr            1   40[BANK0 ] unsigned char 
 Return value:  Size  Location     Type
                  3   30[BANK0 ] float 
 Registers used:
		wreg, status,2, status,0, pclath, cstack
 Tracked objects:
		On entry : 
		On exit  : 
		Unchanged: 
 Data sizes:     COMMON   BANK0   BANK1   BANK3   BANK2
      Params:         0       6       0       0       0
      Locals:         0       6       0       0       0
      Temps:          0       4       0       0       0
      Totals:         0      16       0       0       0
Total ram usage:       16 bytes
 Hardware stack levels used:    1
 Hardware stack levels required when called:    3
 This function calls:
		___ftpack
 This function is called by:
		_readLight
		_tempCalibration
		_readTemp
		_pointToVoltage
		_exp
		_singleAxisMeasure
 This function uses a non-reentrant model


 *************** function ___awtoft *****************
 Defined at:
		line 32 in file "C:\Program Files\Microchip\xc8\v1.31\sources\common\awtoft.c"
 Parameters:    Size  Location     Type
  c               2    8[BANK0 ] int 
 Auto vars:     Size  Location     Type
  sign            1   13[BANK0 ] unsigned char 
 Return value:  Size  Location     Type
                  3    8[BANK0 ] float 
 Registers used:
		wreg, status,2, status,0, pclath, cstack
 Tracked objects:
		On entry : 
		On exit  : 
		Unchanged: 
 Data sizes:     COMMON   BANK0   BANK1   BANK3   BANK2
      Params:         0       3       0       0       0
      Locals:         0       1       0       0       0
      Temps:          0       2       0       0       0
      Totals:         0       6       0       0       0
Total ram usage:        6 bytes
 Hardware stack levels used:    1
 Hardware stack levels required when called:    3
 This function calls:
		___ftpack
 This function is called by:
		_readLight
		_tempCalibration
		_readTemp
		_readAccelerometer
		_exp
		_log
		_singleAxisMeasure
 This function uses a non-reentrant model


 *************** function ___ftpack *****************
 Defined at:
		line 62 in file "C:\Program Files\Microchip\xc8\v1.31\sources\common\float.c"
 Parameters:    Size  Location     Type
  arg             3    0[BANK0 ] unsigned um
  exp             1    3[BANK0 ] unsigned char 
  sign            1    4[BANK0 ] unsigned char 
 Auto vars:     Size  Location     Type
		None
 Return value:  Size  Location     Type
                  3    0[BANK0 ] float 
 Registers used:
		wreg, status,2, status,0
 Tracked objects:
		On entry : 
		On exit  : 
		Unchanged: 
 Data sizes:     COMMON   BANK0   BANK1   BANK3   BANK2
      Params:         0       5       0       0       0
      Locals:         0       0       0       0       0
      Temps:          0       3       0       0       0
      Totals:         0       8       0       0       0
Total ram usage:        8 bytes
 Hardware stack levels used:    1
 Hardware stack levels required when called:    2
 This function calls:
		Nothing
 This function is called by:
		___altoft
		___awtoft
		___ftadd
		___ftdiv
		___ftmul
		___lltoft
 This function uses a non-reentrant model


 *************** function _config *****************
 Defined at:
		line 109 in file "SensorBoard.c"
 Parameters:    Size  Location     Type
		None
 Auto vars:     Size  Location     Type
		None
 Return value:  Size  Location     Type
		None               void
 Registers used:
		status,2
 Tracked objects:
		On entry : 
		On exit  : 
		Unchanged: 
 Data sizes:     COMMON   BANK0   BANK1   BANK3   BANK2
      Params:         0       0       0       0       0
      Locals:         0       0       0       0       0
      Temps:          0       0       0       0       0
      Totals:         0       0       0       0       0
Total ram usage:        0 bytes
 Hardware stack levels used:    1
 Hardware stack levels required when called:    2
 This function calls:
		Nothing
 This function is called by:
		_main
 This function uses a non-reentrant model


 *************** function _ISR *****************
 Defined at:
		line 124 in file "SensorBoard.c"
 Parameters:    Size  Location     Type
		None
 Auto vars:     Size  Location     Type
		None
 Return value:  Size  Location     Type
		None               void
 Registers used:
		wreg, fsr0l, fsr0h, status,2, status,0, pclath, cstack
 Tracked objects:
		On entry : 
		On exit  : 
		Unchanged: 
 Data sizes:     COMMON   BANK0   BANK1   BANK3   BANK2
      Params:         0       0       0       0       0
      Locals:         0       0       0       0       0
      Temps:          5       0       0       0       0
      Totals:         5       0       0       0       0
Total ram usage:        5 bytes
 Hardware stack levels used:    1
 Hardware stack levels required when called:    1
 This function calls:
		_receiveData
 This function is called by:
		Interrupt level 1
 This function uses a non-reentrant model


 *************** function _receiveData *****************
 Defined at:
		line 175 in file "SensorBoard.c"
 Parameters:    Size  Location     Type
		None
 Auto vars:     Size  Location     Type
		None
 Return value:  Size  Location     Type
		None               void
 Registers used:
		wreg, fsr0l, fsr0h, status,2, status,0
 Tracked objects:
		On entry : 
		On exit  : 
		Unchanged: 
 Data sizes:     COMMON   BANK0   BANK1   BANK3   BANK2
      Params:         0       0       0       0       0
      Locals:         0       0       0       0       0
      Temps:          1       0       0       0       0
      Totals:         1       0       0       0       0
Total ram usage:        1 bytes
 Hardware stack levels used:    1
 This function calls:
		Nothing
 This function is called by:
		_ISR
 This function uses a non-reentrant model



MODULE INFORMATION

Module		Function		Class		Link	Load	Size
C:\Program Files\Microchip\xc8\v1.31\sources\common\ftadd.c
		___ftadd       		CODE           	0EF7	0000	265

C:\Program Files\Microchip\xc8\v1.31\sources\common\ftadd.c estimated size: 265

C:\Program Files\Microchip\xc8\v1.31\sources\common\float.c
		___ftpack      		CODE           	08DB	0000	106

C:\Program Files\Microchip\xc8\v1.31\sources\common\float.c estimated size: 106

SensorBoard.c
		_initialize_i2c		CODE           	0801	0000	41
		_fillRegister  		CODE           	04A1	0000	362
		_ISR           		CODE           	1776	0000	69
		_main          		CODE           	16B0	0000	40
		_config        		CODE           	00E7	0000	13
		_receiveData   		CODE           	1689	0000	39

SensorBoard.c estimated size: 564

C:\Program Files\Microchip\xc8\v1.31\sources\common\evalpoly.c
		_eval_poly     		CODE           	0945	0000	121

C:\Program Files\Microchip\xc8\v1.31\sources\common\evalpoly.c estimated size: 121

C:\Program Files\Microchip\xc8\v1.31\sources\common\ftge.c
		___ftge        		CODE           	087C	0000	95

C:\Program Files\Microchip\xc8\v1.31\sources\common\ftge.c estimated size: 95

C:\Program Files\Microchip\xc8\v1.31\sources\common\exp.c
		_exp           		CODE           	010F	0000	502

C:\Program Files\Microchip\xc8\v1.31\sources\common\exp.c estimated size: 502

shared
		exp@coeff      		STRING         	1006	0000	30
		__stringtab    		STRING         	1000	0000	6
		__initializatio		CODE           	0015	0000	53
		__fptable      		CODE           	0100	0000	15
		log@coeff      		STRING         	1024	0000	27

shared estimated size: 131

C:\Program Files\Microchip\xc8\v1.31\sources\common\log.c
		_log           		CODE           	0D3A	0000	208

C:\Program Files\Microchip\xc8\v1.31\sources\common\log.c estimated size: 208

C:\Program Files\Microchip\xc8\v1.31\sources\common\frexp.c
		_ldexp         		CODE           	004E	0000	153
		_frexp         		CODE           	1734	0000	66

C:\Program Files\Microchip\xc8\v1.31\sources\common\frexp.c estimated size: 219

C:\Program Files\Microchip\xc8\v1.31\sources\common\pow.c
		_pow           		CODE           	0305	0000	412

C:\Program Files\Microchip\xc8\v1.31\sources\common\pow.c estimated size: 412

Analog.c
		_pointToVoltage		CODE           	16D8	0000	45
		_read          		CODE           	0AF7	0000	188
		_readLight     		CODE           	060B	0000	269
		_readTemp      		CODE           	0C75	0000	197
		_tempCalibratio		CODE           	09BE	0000	129
		_readAccelerome		CODE           	17BB	0000	69

Analog.c estimated size: 897

C:\Program Files\Microchip\xc8\v1.31\sources\common\ftsub.c
		___ftsub       		CODE           	1648	0000	28

C:\Program Files\Microchip\xc8\v1.31\sources\common\ftsub.c estimated size: 28

C:\Program Files\Microchip\xc8\v1.31\sources\common\ftneg.c
		___ftneg       		CODE           	00F4	0000	10

C:\Program Files\Microchip\xc8\v1.31\sources\common\ftneg.c estimated size: 10

C:\Program Files\Microchip\xc8\v1.31\sources\common\bmul.c
		___bmul        		CODE           	07EB	0000	19

C:\Program Files\Microchip\xc8\v1.31\sources\common\bmul.c estimated size: 19

C:\Program Files\Microchip\xc8\v1.31\sources\pic\ftdiv.c
		___ftdiv       		CODE           	0A3F	0000	184

C:\Program Files\Microchip\xc8\v1.31\sources\pic\ftdiv.c estimated size: 184

C:\Program Files\Microchip\xc8\v1.31\sources\common\ftmul.c
		___ftmul       		CODE           	0718	0000	211

C:\Program Files\Microchip\xc8\v1.31\sources\common\ftmul.c estimated size: 211

C:\Program Files\Microchip\xc8\v1.31\sources\common\fttol.c
		___fttol       		CODE           	0BB3	0000	194

C:\Program Files\Microchip\xc8\v1.31\sources\common\fttol.c estimated size: 194

C:\Program Files\Microchip\xc8\v1.31\sources\common\altoft.c
		___altoft      		CODE           	082A	0000	82

C:\Program Files\Microchip\xc8\v1.31\sources\common\altoft.c estimated size: 82

C:\Program Files\Microchip\xc8\v1.31\sources\common\floor.c
		_floor         		CODE           	0E0A	0000	237

C:\Program Files\Microchip\xc8\v1.31\sources\common\floor.c estimated size: 237

C:\Program Files\Microchip\xc8\v1.31\sources\common\awtoft.c
		___awtoft      		CODE           	1664	0000	37

C:\Program Files\Microchip\xc8\v1.31\sources\common\awtoft.c estimated size: 37

C:\Program Files\Microchip\xc8\v1.31\sources\common\lltoft.c
		___lltoft      		CODE           	1705	0000	47

C:\Program Files\Microchip\xc8\v1.31\sources\common\lltoft.c estimated size: 47

